Archive member included to satisfy reference by file (symbol)

/usr/lib/gcc/arm-none-eabi/9.2.1/../../../arm-none-eabi/lib/thumb/v7e-m+fp/hard/libc_nano.a(lib_a-atexit.o)
                              /usr/lib/gcc/arm-none-eabi/9.2.1/../../../arm-none-eabi/lib/thumb/v7e-m+fp/hard/crt0.o (atexit)
/usr/lib/gcc/arm-none-eabi/9.2.1/../../../arm-none-eabi/lib/thumb/v7e-m+fp/hard/libc_nano.a(lib_a-exit.o)
                              /usr/lib/gcc/arm-none-eabi/9.2.1/../../../arm-none-eabi/lib/thumb/v7e-m+fp/hard/crt0.o (exit)
/usr/lib/gcc/arm-none-eabi/9.2.1/../../../arm-none-eabi/lib/thumb/v7e-m+fp/hard/libc_nano.a(lib_a-fini.o)
                              /usr/lib/gcc/arm-none-eabi/9.2.1/../../../arm-none-eabi/lib/thumb/v7e-m+fp/hard/crt0.o (__libc_fini_array)
/usr/lib/gcc/arm-none-eabi/9.2.1/../../../arm-none-eabi/lib/thumb/v7e-m+fp/hard/libc_nano.a(lib_a-impure.o)
                              /usr/lib/gcc/arm-none-eabi/9.2.1/../../../arm-none-eabi/lib/thumb/v7e-m+fp/hard/libc_nano.a(lib_a-exit.o) (_global_impure_ptr)
/usr/lib/gcc/arm-none-eabi/9.2.1/../../../arm-none-eabi/lib/thumb/v7e-m+fp/hard/libc_nano.a(lib_a-init.o)
                              /usr/lib/gcc/arm-none-eabi/9.2.1/../../../arm-none-eabi/lib/thumb/v7e-m+fp/hard/crt0.o (__libc_init_array)
/usr/lib/gcc/arm-none-eabi/9.2.1/../../../arm-none-eabi/lib/thumb/v7e-m+fp/hard/libc_nano.a(lib_a-memset.o)
                              /usr/lib/gcc/arm-none-eabi/9.2.1/../../../arm-none-eabi/lib/thumb/v7e-m+fp/hard/crt0.o (memset)
/usr/lib/gcc/arm-none-eabi/9.2.1/../../../arm-none-eabi/lib/thumb/v7e-m+fp/hard/libc_nano.a(lib_a-__atexit.o)
                              /usr/lib/gcc/arm-none-eabi/9.2.1/../../../arm-none-eabi/lib/thumb/v7e-m+fp/hard/libc_nano.a(lib_a-atexit.o) (__register_exitproc)
/usr/lib/gcc/arm-none-eabi/9.2.1/../../../arm-none-eabi/lib/thumb/v7e-m+fp/hard/libc_nano.a(lib_a-__call_atexit.o)
                              /usr/lib/gcc/arm-none-eabi/9.2.1/../../../arm-none-eabi/lib/thumb/v7e-m+fp/hard/libc_nano.a(lib_a-__atexit.o) (__call_exitprocs)
/usr/lib/gcc/arm-none-eabi/9.2.1/../../../arm-none-eabi/lib/thumb/v7e-m+fp/hard/libnosys.a(_exit.o)
                              /usr/lib/gcc/arm-none-eabi/9.2.1/../../../arm-none-eabi/lib/thumb/v7e-m+fp/hard/libc_nano.a(lib_a-exit.o) (_exit)
/usr/lib/gcc/arm-none-eabi/9.2.1/thumb/v7e-m+fp/hard/libgcc.a(_arm_muldf3.o)
                              build/main.o (__aeabi_dmul)
/usr/lib/gcc/arm-none-eabi/9.2.1/thumb/v7e-m+fp/hard/libgcc.a(_arm_addsubdf3.o)
                              build/main.o (__aeabi_ui2d)
/usr/lib/gcc/arm-none-eabi/9.2.1/thumb/v7e-m+fp/hard/libgcc.a(_arm_cmpdf2.o)
                              build/main.o (__aeabi_dcmpgt)
/usr/lib/gcc/arm-none-eabi/9.2.1/thumb/v7e-m+fp/hard/libgcc.a(_aeabi_uldivmod.o)
                              build/stm32f4xx_hal_rcc.o (__aeabi_uldivmod)
/usr/lib/gcc/arm-none-eabi/9.2.1/thumb/v7e-m+fp/hard/libgcc.a(_udivmoddi4.o)
                              /usr/lib/gcc/arm-none-eabi/9.2.1/thumb/v7e-m+fp/hard/libgcc.a(_aeabi_uldivmod.o) (__udivmoddi4)
/usr/lib/gcc/arm-none-eabi/9.2.1/thumb/v7e-m+fp/hard/libgcc.a(_dvmd_tls.o)
                              /usr/lib/gcc/arm-none-eabi/9.2.1/thumb/v7e-m+fp/hard/libgcc.a(_aeabi_uldivmod.o) (__aeabi_ldiv0)

Allocating common symbols
Common symbol       size              file

rxHeader            0x1c              build/main.o
canFilter1          0x28              build/main.o
uwTick              0x4               build/stm32f4xx_hal.o
pFlash              0x20              build/stm32f4xx_hal_flash.o
hadc1               0x48              build/main.o
htim13              0x48              build/main.o
txHeader0           0x18              build/main.o
hdma_adc1           0x60              build/main.o
TxData              0x8               build/main.o
TxMailbox           0x4               build/main.o
adc_buf             0x3fd8            build/main.o
txHeader2           0x18              build/main.o
hcan1               0x28              build/main.o
htim14              0x48              build/main.o
canFilter0          0x28              build/main.o
txHeader1           0x18              build/main.o

Discarded input sections

 .text          0x0000000000000000        0x0 /usr/lib/gcc/arm-none-eabi/9.2.1/thumb/v7e-m+fp/hard/crti.o
 .data          0x0000000000000000        0x0 /usr/lib/gcc/arm-none-eabi/9.2.1/thumb/v7e-m+fp/hard/crti.o
 .bss           0x0000000000000000        0x0 /usr/lib/gcc/arm-none-eabi/9.2.1/thumb/v7e-m+fp/hard/crti.o
 .data          0x0000000000000000        0x4 /usr/lib/gcc/arm-none-eabi/9.2.1/thumb/v7e-m+fp/hard/crtbegin.o
 .text          0x0000000000000000       0x70 /usr/lib/gcc/arm-none-eabi/9.2.1/../../../arm-none-eabi/lib/thumb/v7e-m+fp/hard/crt0.o
 .data          0x0000000000000000        0x0 /usr/lib/gcc/arm-none-eabi/9.2.1/../../../arm-none-eabi/lib/thumb/v7e-m+fp/hard/crt0.o
[...]
Memory Configuration

Name             Origin             Length             Attributes
RAM              0x0000000020000000 0x0000000000050000 xrw
FLASH            0x0000000008000000 0x0000000000100000 xr
*default*        0x0000000000000000 0xffffffffffffffff

Linker script and memory map

LOAD /usr/lib/gcc/arm-none-eabi/9.2.1/thumb/v7e-m+fp/hard/crti.o
LOAD /usr/lib/gcc/arm-none-eabi/9.2.1/thumb/v7e-m+fp/hard/crtbegin.o
LOAD /usr/lib/gcc/arm-none-eabi/9.2.1/../../../arm-none-eabi/lib/thumb/v7e-m+fp/hard/crt0.o
LOAD build/main.o
LOAD build/stm32f4xx_it.o
LOAD build/stm32f4xx_hal_msp.o
LOAD build/stm32f4xx_hal_adc.o
LOAD build/stm32f4xx_hal_adc_ex.o
LOAD build/stm32f4xx_ll_adc.o
LOAD build/stm32f4xx_hal_rcc.o
LOAD build/stm32f4xx_hal_rcc_ex.o
LOAD build/stm32f4xx_hal_flash.o
LOAD build/stm32f4xx_hal_flash_ex.o
LOAD build/stm32f4xx_hal_flash_ramfunc.o
LOAD build/stm32f4xx_hal_gpio.o
LOAD build/stm32f4xx_hal_dma_ex.o
LOAD build/stm32f4xx_hal_dma.o
LOAD build/stm32f4xx_hal_pwr.o
LOAD build/stm32f4xx_hal_pwr_ex.o
LOAD build/stm32f4xx_hal_cortex.o
LOAD build/stm32f4xx_hal.o
LOAD build/stm32f4xx_hal_exti.o
LOAD build/stm32f4xx_hal_can.o
LOAD build/stm32f4xx_hal_tim.o
LOAD build/stm32f4xx_hal_tim_ex.o
LOAD build/system_stm32f4xx.o
LOAD build/startup_stm32f413xx.o
LOAD /usr/lib/gcc/arm-none-eabi/9.2.1/../../../arm-none-eabi/lib/thumb/v7e-m+fp/hard/libc_nano.a
LOAD /usr/lib/gcc/arm-none-eabi/9.2.1/../../../arm-none-eabi/lib/thumb/v7e-m+fp/hard/libm.a
LOAD /usr/lib/gcc/arm-none-eabi/9.2.1/../../../arm-none-eabi/lib/thumb/v7e-m+fp/hard/libnosys.a
START GROUP
LOAD /usr/lib/gcc/arm-none-eabi/9.2.1/thumb/v7e-m+fp/hard/libgcc.a
LOAD /usr/lib/gcc/arm-none-eabi/9.2.1/../../../arm-none-eabi/lib/thumb/v7e-m+fp/hard/libc_nano.a
END GROUP
START GROUP
LOAD /usr/lib/gcc/arm-none-eabi/9.2.1/thumb/v7e-m+fp/hard/libgcc.a
LOAD /usr/lib/gcc/arm-none-eabi/9.2.1/../../../arm-none-eabi/lib/thumb/v7e-m+fp/hard/libc_nano.a
END GROUP
LOAD /usr/lib/gcc/arm-none-eabi/9.2.1/thumb/v7e-m+fp/hard/crtend.o
LOAD /usr/lib/gcc/arm-none-eabi/9.2.1/thumb/v7e-m+fp/hard/crtn.o
                0x0000000020050000                _estack = 0x20050000
                0x0000000000000200                _Min_Heap_Size = 0x200
                0x0000000000000400                _Min_Stack_Size = 0x400

.isr_vector     0x0000000008000000      0x1d8
                0x0000000008000000                . = ALIGN (0x4)
 *(.isr_vector)
 .isr_vector    0x0000000008000000      0x1d8 build/startup_stm32f413xx.o
                0x0000000008000000                g_pfnVectors
                0x00000000080001d8                . = ALIGN (0x4)

.text           0x00000000080001d8     0x30dc
                0x00000000080001d8                . = ALIGN (0x4)
 *(.text)
 .text          0x00000000080001d8       0x88 /usr/lib/gcc/arm-none-eabi/9.2.1/thumb/v7e-m+fp/hard/crtbegin.o
 .text          0x0000000008000260       0x48 /usr/lib/gcc/arm-none-eabi/9.2.1/../../../arm-none-eabi/lib/thumb/v7e-m+fp/hard/libc_nano.a(lib_a-init.o)
                0x0000000008000260                __libc_init_array
 .text          0x00000000080002a8       0xa0 /usr/lib/gcc/arm-none-eabi/9.2.1/../../../arm-none-eabi/lib/thumb/v7e-m+fp/hard/libc_nano.a(lib_a-memset.o)
                0x00000000080002a8                memset
 .text          0x0000000008000348      0x254 /usr/lib/gcc/arm-none-eabi/9.2.1/thumb/v7e-m+fp/hard/libgcc.a(_arm_muldf3.o)
                0x0000000008000348                __aeabi_dmul
                0x0000000008000348                __muldf3
 .text          0x000000000800059c      0x378 /usr/lib/gcc/arm-none-eabi/9.2.1/thumb/v7e-m+fp/hard/libgcc.a(_arm_addsubdf3.o)
                0x000000000800059c                __aeabi_drsub
                0x00000000080005a4                __aeabi_dsub
                0x00000000080005a4                __subdf3
                0x00000000080005a8                __adddf3
                0x00000000080005a8                __aeabi_dadd
                0x0000000008000820                __aeabi_ui2d
                0x0000000008000820                __floatunsidf
                0x0000000008000840                __floatsidf
                0x0000000008000840                __aeabi_i2d
                0x0000000008000864                __extendsfdf2
                0x0000000008000864                __aeabi_f2d
                0x00000000080008a8                __aeabi_ul2d
                0x00000000080008a8                __floatundidf
                0x00000000080008b8                __floatdidf
                0x00000000080008b8                __aeabi_l2d
 .text          0x0000000008000914      0x110 /usr/lib/gcc/arm-none-eabi/9.2.1/thumb/v7e-m+fp/hard/libgcc.a(_arm_cmpdf2.o)
                0x0000000008000914                __gtdf2
                0x0000000008000914                __gedf2
                0x000000000800091c                __ltdf2
                0x000000000800091c                __ledf2
                0x0000000008000924                __cmpdf2
                0x0000000008000924                __eqdf2
                0x0000000008000924                __nedf2
                0x00000000080009a0                __aeabi_cdrcmple
                0x00000000080009b0                __aeabi_cdcmple
                0x00000000080009b0                __aeabi_cdcmpeq
                0x00000000080009c0                __aeabi_dcmpeq
                0x00000000080009d4                __aeabi_dcmplt
                0x00000000080009e8                __aeabi_dcmple
                0x00000000080009fc                __aeabi_dcmpge
                0x0000000008000a10                __aeabi_dcmpgt
 .text          0x0000000008000a24       0x30 /usr/lib/gcc/arm-none-eabi/9.2.1/thumb/v7e-m+fp/hard/libgcc.a(_aeabi_uldivmod.o)
                0x0000000008000a24                __aeabi_uldivmod
 .text          0x0000000008000a54      0x2c4 /usr/lib/gcc/arm-none-eabi/9.2.1/thumb/v7e-m+fp/hard/libgcc.a(_udivmoddi4.o)
                0x0000000008000a54                __udivmoddi4
 .text          0x0000000008000d18        0x4 /usr/lib/gcc/arm-none-eabi/9.2.1/thumb/v7e-m+fp/hard/libgcc.a(_dvmd_tls.o)
                0x0000000008000d18                __aeabi_ldiv0
                0x0000000008000d18                __aeabi_idiv0
 *(.text*)
 .text.MX_GPIO_Init
                0x0000000008000d1c       0x88 build/main.o
 .text.MX_DMA_Init
                0x0000000008000da4       0x34 build/main.o
 .text.prechargeControl
                0x0000000008000dd8      0x128 build/main.o
                0x0000000008000dd8                prechargeControl
 .text.HAL_TIM_PeriodElapsedCallback
                0x0000000008000f00       0x84 build/main.o
                0x0000000008000f00                HAL_TIM_PeriodElapsedCallback
 .text.HAL_ADC_ConvCpltCallback
                0x0000000008000f84       0x34 build/main.o
                0x0000000008000f84                HAL_ADC_ConvCpltCallback
 .text.Error_Handler
                0x0000000008000fb8        0x4 build/main.o
                0x0000000008000fb8                Error_Handler
 .text.MX_CAN1_Init
                0x0000000008000fbc       0x88 build/main.o
 .text.MX_ADC1_Init
                0x0000000008001044       0x6c build/main.o
 .text.MX_TIM14_Init
                0x00000000080010b0       0x30 build/main.o
 .text.MX_TIM13_Init
                0x00000000080010e0       0x30 build/main.o
 .text.SystemClock_Config
                0x0000000008001110       0xa0 build/main.o
                0x0000000008001110                SystemClock_Config
 .text.main     0x00000000080011b0       0xa0 build/main.o
                0x00000000080011b0                main
 .text.HAL_CAN_RxFifo0MsgPendingCallback
                0x0000000008001250       0x5c build/main.o
                0x0000000008001250                HAL_CAN_RxFifo0MsgPendingCallback
 .text.NMI_Handler
                0x00000000080012ac        0x2 build/stm32f4xx_it.o
                0x00000000080012ac                NMI_Handler
 .text.HardFault_Handler
                0x00000000080012ae        0x2 build/stm32f4xx_it.o
                0x00000000080012ae                HardFault_Handler
 .text.MemManage_Handler
                0x00000000080012b0        0x2 build/stm32f4xx_it.o
                0x00000000080012b0                MemManage_Handler
 .text.BusFault_Handler
                0x00000000080012b2        0x2 build/stm32f4xx_it.o
                0x00000000080012b2                BusFault_Handler
 .text.UsageFault_Handler
                0x00000000080012b4        0x2 build/stm32f4xx_it.o
                0x00000000080012b4                UsageFault_Handler
 .text.SVC_Handler
                0x00000000080012b6        0x2 build/stm32f4xx_it.o
                0x00000000080012b6                SVC_Handler
 .text.DebugMon_Handler
                0x00000000080012b8        0x2 build/stm32f4xx_it.o
                0x00000000080012b8                DebugMon_Handler
 .text.PendSV_Handler
                0x00000000080012ba        0x2 build/stm32f4xx_it.o
                0x00000000080012ba                PendSV_Handler
 .text.SysTick_Handler
                0x00000000080012bc        0x8 build/stm32f4xx_it.o
                0x00000000080012bc                SysTick_Handler
 .text.CAN1_RX0_IRQHandler
                0x00000000080012c4       0x10 build/stm32f4xx_it.o
                0x00000000080012c4                CAN1_RX0_IRQHandler
 .text.TIM8_UP_TIM13_IRQHandler
                0x00000000080012d4       0x10 build/stm32f4xx_it.o
                0x00000000080012d4                TIM8_UP_TIM13_IRQHandler
 .text.TIM8_TRG_COM_TIM14_IRQHandler
                0x00000000080012e4       0x10 build/stm32f4xx_it.o
                0x00000000080012e4                TIM8_TRG_COM_TIM14_IRQHandler
 .text.DMA2_Stream0_IRQHandler
                0x00000000080012f4       0x10 build/stm32f4xx_it.o
                0x00000000080012f4                DMA2_Stream0_IRQHandler
 .text.HAL_MspInit
                0x0000000008001304       0x38 build/stm32f4xx_hal_msp.o
                0x0000000008001304                HAL_MspInit
 .text.HAL_ADC_MspInit
                0x000000000800133c       0xac build/stm32f4xx_hal_msp.o
                0x000000000800133c                HAL_ADC_MspInit
 .text.HAL_CAN_MspInit
                0x00000000080013e8       0x80 build/stm32f4xx_hal_msp.o
                0x00000000080013e8                HAL_CAN_MspInit
 .text.HAL_TIM_Base_MspInit
                0x0000000008001468       0x74 build/stm32f4xx_hal_msp.o
                0x0000000008001468                HAL_TIM_Base_MspInit
 .text.ADC_Init
                0x00000000080014dc      0x134 build/stm32f4xx_hal_adc.o
 .text.HAL_ADC_Init
                0x0000000008001610       0x56 build/stm32f4xx_hal_adc.o
                0x0000000008001610                HAL_ADC_Init
 *fill*         0x0000000008001666        0x2 
 .text.HAL_ADC_Start_DMA
                0x0000000008001668      0x164 build/stm32f4xx_hal_adc.o
                0x0000000008001668                HAL_ADC_Start_DMA
 .text.HAL_ADC_ConvHalfCpltCallback
                0x00000000080017cc        0x2 build/stm32f4xx_hal_adc.o
                0x00000000080017cc                HAL_ADC_ConvHalfCpltCallback
 .text.ADC_DMAHalfConvCplt
                0x00000000080017ce        0xa build/stm32f4xx_hal_adc.o
 .text.HAL_ADC_ErrorCallback
                0x00000000080017d8        0x2 build/stm32f4xx_hal_adc.o
                0x00000000080017d8                HAL_ADC_ErrorCallback
 .text.ADC_DMAError
                0x00000000080017da       0x16 build/stm32f4xx_hal_adc.o
 .text.ADC_DMAConvCplt
                0x00000000080017f0       0x72 build/stm32f4xx_hal_adc.o
 *fill*         0x0000000008001862        0x2 
 .text.HAL_ADC_ConfigChannel
                0x0000000008001864      0x1a4 build/stm32f4xx_hal_adc.o
                0x0000000008001864                HAL_ADC_ConfigChannel
 .text.HAL_RCC_GetSysClockFreq
                0x0000000008001a08       0xa0 build/stm32f4xx_hal_rcc.o
                0x0000000008001a08                HAL_RCC_GetSysClockFreq
 .text.HAL_RCC_ClockConfig
                0x0000000008001aa8      0x160 build/stm32f4xx_hal_rcc.o
                0x0000000008001aa8                HAL_RCC_ClockConfig
 .text.HAL_RCC_OscConfig
                0x0000000008001c08      0x40c build/stm32f4xx_hal_rcc_ex.o
                0x0000000008001c08                HAL_RCC_OscConfig
 .text.HAL_GPIO_Init
                0x0000000008002014      0x1c8 build/stm32f4xx_hal_gpio.o
                0x0000000008002014                HAL_GPIO_Init
 .text.HAL_GPIO_WritePin
                0x00000000080021dc        0xc build/stm32f4xx_hal_gpio.o
                0x00000000080021dc                HAL_GPIO_WritePin
 .text.DMA_SetConfig
                0x00000000080021e8       0x2c build/stm32f4xx_hal_dma.o
 .text.DMA_CalcBaseAndBitshift
                0x0000000008002214       0x44 build/stm32f4xx_hal_dma.o
 .text.DMA_CheckFifoParam
                0x0000000008002258       0x8e build/stm32f4xx_hal_dma.o
 *fill*         0x00000000080022e6        0x2 
 .text.HAL_DMA_Init
                0x00000000080022e8       0xcc build/stm32f4xx_hal_dma.o
                0x00000000080022e8                HAL_DMA_Init
 .text.HAL_DMA_Start_IT
                0x00000000080023b4       0x6a build/stm32f4xx_hal_dma.o
                0x00000000080023b4                HAL_DMA_Start_IT
 *fill*         0x000000000800241e        0x2 
 .text.HAL_DMA_IRQHandler
                0x0000000008002420      0x1dc build/stm32f4xx_hal_dma.o
                0x0000000008002420                HAL_DMA_IRQHandler
 .text.HAL_NVIC_SetPriorityGrouping
                0x00000000080025fc       0x24 build/stm32f4xx_hal_cortex.o
                0x00000000080025fc                HAL_NVIC_SetPriorityGrouping
 .text.HAL_NVIC_SetPriority
                0x0000000008002620       0x68 build/stm32f4xx_hal_cortex.o
                0x0000000008002620                HAL_NVIC_SetPriority
 .text.HAL_NVIC_EnableIRQ
                0x0000000008002688       0x1c build/stm32f4xx_hal_cortex.o
                0x0000000008002688                HAL_NVIC_EnableIRQ
 .text.HAL_SYSTICK_Config
                0x00000000080026a4       0x2c build/stm32f4xx_hal_cortex.o
                0x00000000080026a4                HAL_SYSTICK_Config
 .text.HAL_InitTick
                0x00000000080026d0       0x4c build/stm32f4xx_hal.o
                0x00000000080026d0                HAL_InitTick
 .text.HAL_Init
                0x000000000800271c       0x34 build/stm32f4xx_hal.o
                0x000000000800271c                HAL_Init
 .text.HAL_IncTick
                0x0000000008002750       0x18 build/stm32f4xx_hal.o
                0x0000000008002750                HAL_IncTick
 .text.HAL_GetTick
                0x0000000008002768        0xc build/stm32f4xx_hal.o
                0x0000000008002768                HAL_GetTick
 .text.HAL_CAN_Init
                0x0000000008002774      0x14c build/stm32f4xx_hal_can.o
                0x0000000008002774                HAL_CAN_Init
 .text.HAL_CAN_ConfigFilter
                0x00000000080028c0      0x134 build/stm32f4xx_hal_can.o
                0x00000000080028c0                HAL_CAN_ConfigFilter
 .text.HAL_CAN_Start
                0x00000000080029f4       0x5c build/stm32f4xx_hal_can.o
                0x00000000080029f4                HAL_CAN_Start
 .text.HAL_CAN_AddTxMessage
                0x0000000008002a50       0xec build/stm32f4xx_hal_can.o
                0x0000000008002a50                HAL_CAN_AddTxMessage
 .text.HAL_CAN_GetRxMessage
                0x0000000008002b3c      0x140 build/stm32f4xx_hal_can.o
                0x0000000008002b3c                HAL_CAN_GetRxMessage
 .text.HAL_CAN_ActivateNotification
                0x0000000008002c7c       0x24 build/stm32f4xx_hal_can.o
                0x0000000008002c7c                HAL_CAN_ActivateNotification
 .text.HAL_CAN_TxMailbox0CompleteCallback
                0x0000000008002ca0        0x2 build/stm32f4xx_hal_can.o
                0x0000000008002ca0                HAL_CAN_TxMailbox0CompleteCallback
 .text.HAL_CAN_TxMailbox1CompleteCallback
                0x0000000008002ca2        0x2 build/stm32f4xx_hal_can.o
                0x0000000008002ca2                HAL_CAN_TxMailbox1CompleteCallback
 .text.HAL_CAN_TxMailbox2CompleteCallback
                0x0000000008002ca4        0x2 build/stm32f4xx_hal_can.o
                0x0000000008002ca4                HAL_CAN_TxMailbox2CompleteCallback
 .text.HAL_CAN_TxMailbox0AbortCallback
                0x0000000008002ca6        0x2 build/stm32f4xx_hal_can.o
                0x0000000008002ca6                HAL_CAN_TxMailbox0AbortCallback
 .text.HAL_CAN_TxMailbox1AbortCallback
                0x0000000008002ca8        0x2 build/stm32f4xx_hal_can.o
                0x0000000008002ca8                HAL_CAN_TxMailbox1AbortCallback
 .text.HAL_CAN_TxMailbox2AbortCallback
                0x0000000008002caa        0x2 build/stm32f4xx_hal_can.o
                0x0000000008002caa                HAL_CAN_TxMailbox2AbortCallback
 .text.HAL_CAN_RxFifo0FullCallback
                0x0000000008002cac        0x2 build/stm32f4xx_hal_can.o
                0x0000000008002cac                HAL_CAN_RxFifo0FullCallback
 .text.HAL_CAN_RxFifo1MsgPendingCallback
                0x0000000008002cae        0x2 build/stm32f4xx_hal_can.o
                0x0000000008002cae                HAL_CAN_RxFifo1MsgPendingCallback
 .text.HAL_CAN_RxFifo1FullCallback
                0x0000000008002cb0        0x2 build/stm32f4xx_hal_can.o
                0x0000000008002cb0                HAL_CAN_RxFifo1FullCallback
 .text.HAL_CAN_SleepCallback
                0x0000000008002cb2        0x2 build/stm32f4xx_hal_can.o
                0x0000000008002cb2                HAL_CAN_SleepCallback
 .text.HAL_CAN_WakeUpFromRxMsgCallback
                0x0000000008002cb4        0x2 build/stm32f4xx_hal_can.o
                0x0000000008002cb4                HAL_CAN_WakeUpFromRxMsgCallback
 .text.HAL_CAN_ErrorCallback
                0x0000000008002cb6        0x2 build/stm32f4xx_hal_can.o
                0x0000000008002cb6                HAL_CAN_ErrorCallback
 .text.HAL_CAN_IRQHandler
                0x0000000008002cb8      0x24a build/stm32f4xx_hal_can.o
                0x0000000008002cb8                HAL_CAN_IRQHandler
 *fill*         0x0000000008002f02        0x2 
 .text.HAL_TIM_Base_Start_IT
                0x0000000008002f04       0x88 build/stm32f4xx_hal_tim.o
                0x0000000008002f04                HAL_TIM_Base_Start_IT
 .text.HAL_TIM_OC_DelayElapsedCallback
                0x0000000008002f8c        0x2 build/stm32f4xx_hal_tim.o
                0x0000000008002f8c                HAL_TIM_OC_DelayElapsedCallback
 .text.HAL_TIM_IC_CaptureCallback
                0x0000000008002f8e        0x2 build/stm32f4xx_hal_tim.o
                0x0000000008002f8e                HAL_TIM_IC_CaptureCallback
 .text.HAL_TIM_PWM_PulseFinishedCallback
                0x0000000008002f90        0x2 build/stm32f4xx_hal_tim.o
                0x0000000008002f90                HAL_TIM_PWM_PulseFinishedCallback
 .text.HAL_TIM_TriggerCallback
                0x0000000008002f92        0x2 build/stm32f4xx_hal_tim.o
                0x0000000008002f92                HAL_TIM_TriggerCallback
 .text.HAL_TIM_IRQHandler
                0x0000000008002f94      0x17a build/stm32f4xx_hal_tim.o
                0x0000000008002f94                HAL_TIM_IRQHandler
 *fill*         0x000000000800310e        0x2 
 .text.TIM_Base_SetConfig
                0x0000000008003110       0xc8 build/stm32f4xx_hal_tim.o
                0x0000000008003110                TIM_Base_SetConfig
 .text.HAL_TIM_Base_Init
                0x00000000080031d8       0x58 build/stm32f4xx_hal_tim.o
                0x00000000080031d8                HAL_TIM_Base_Init
 .text.HAL_TIMEx_CommutCallback
                0x0000000008003230        0x2 build/stm32f4xx_hal_tim_ex.o
                0x0000000008003230                HAL_TIMEx_CommutCallback
 .text.HAL_TIMEx_BreakCallback
                0x0000000008003232        0x2 build/stm32f4xx_hal_tim_ex.o
                0x0000000008003232                HAL_TIMEx_BreakCallback
 .text.SystemInit
                0x0000000008003234       0x14 build/system_stm32f4xx.o
                0x0000000008003234                SystemInit
 .text.Reset_Handler
                0x0000000008003248       0x50 build/startup_stm32f413xx.o
                0x0000000008003248                Reset_Handler
 .text.Default_Handler
                0x0000000008003298        0x2 build/startup_stm32f413xx.o
                0x0000000008003298                RTC_Alarm_IRQHandler
                0x0000000008003298                EXTI2_IRQHandler
                0x0000000008003298                TIM8_CC_IRQHandler
                0x0000000008003298                UART8_IRQHandler
                0x0000000008003298                FMPI2C1_EV_IRQHandler
                0x0000000008003298                SPI4_IRQHandler
                0x0000000008003298                TIM1_CC_IRQHandler
                0x0000000008003298                DMA2_Stream5_IRQHandler
                0x0000000008003298                DMA1_Stream5_IRQHandler
                0x0000000008003298                CAN3_RX1_IRQHandler
                0x0000000008003298                PVD_IRQHandler
                0x0000000008003298                SDIO_IRQHandler
                0x0000000008003298                TAMP_STAMP_IRQHandler
                0x0000000008003298                CAN2_RX1_IRQHandler
                0x0000000008003298                EXTI3_IRQHandler
                0x0000000008003298                DFSDM1_FLT1_IRQHandler
                0x0000000008003298                TIM1_UP_TIM10_IRQHandler
                0x0000000008003298                I2C3_ER_IRQHandler
                0x0000000008003298                EXTI0_IRQHandler
                0x0000000008003298                I2C2_EV_IRQHandler
                0x0000000008003298                DMA1_Stream2_IRQHandler
                0x0000000008003298                FPU_IRQHandler
                0x0000000008003298                CAN3_SCE_IRQHandler
                0x0000000008003298                CAN2_SCE_IRQHandler
                0x0000000008003298                DMA2_Stream2_IRQHandler
                0x0000000008003298                SPI1_IRQHandler
                0x0000000008003298                TIM6_DAC_IRQHandler
                0x0000000008003298                TIM1_BRK_TIM9_IRQHandler
                0x0000000008003298                CAN2_RX0_IRQHandler
                0x0000000008003298                DMA2_Stream3_IRQHandler
                0x0000000008003298                USART6_IRQHandler
                0x0000000008003298                CAN3_RX0_IRQHandler
                0x0000000008003298                USART3_IRQHandler
                0x0000000008003298                DFSDM2_FLT3_IRQHandler
                0x0000000008003298                CAN1_RX1_IRQHandler
                0x0000000008003298                UART5_IRQHandler
                0x0000000008003298                TIM4_IRQHandler
                0x0000000008003298                QUADSPI_IRQHandler
                0x0000000008003298                I2C1_EV_IRQHandler
                0x0000000008003298                DMA1_Stream6_IRQHandler
                0x0000000008003298                DMA1_Stream1_IRQHandler
                0x0000000008003298                UART4_IRQHandler
                0x0000000008003298                TIM3_IRQHandler
                0x0000000008003298                RCC_IRQHandler
                0x0000000008003298                UART9_IRQHandler
                0x0000000008003298                TIM8_BRK_TIM12_IRQHandler
                0x0000000008003298                Default_Handler
                0x0000000008003298                EXTI15_10_IRQHandler
                0x0000000008003298                ADC_IRQHandler
                0x0000000008003298                DMA1_Stream7_IRQHandler
                0x0000000008003298                DFSDM2_FLT0_IRQHandler
                0x0000000008003298                SPI5_IRQHandler
                0x0000000008003298                TIM7_IRQHandler
                0x0000000008003298                CAN2_TX_IRQHandler
                0x0000000008003298                TIM5_IRQHandler
                0x0000000008003298                DMA2_Stream7_IRQHandler
                0x0000000008003298                I2C3_EV_IRQHandler
                0x0000000008003298                DFSDM2_FLT2_IRQHandler
                0x0000000008003298                EXTI9_5_IRQHandler
                0x0000000008003298                RTC_WKUP_IRQHandler
                0x0000000008003298                SPI2_IRQHandler
                0x0000000008003298                DMA1_Stream0_IRQHandler
                0x0000000008003298                CAN1_TX_IRQHandler
                0x0000000008003298                FMPI2C1_ER_IRQHandler
                0x0000000008003298                EXTI4_IRQHandler
                0x0000000008003298                DFSDM2_FLT1_IRQHandler
                0x0000000008003298                RNG_IRQHandler
                0x0000000008003298                FSMC_IRQHandler
                0x0000000008003298                WWDG_IRQHandler
                0x0000000008003298                CAN3_TX_IRQHandler
                0x0000000008003298                TIM2_IRQHandler
                0x0000000008003298                OTG_FS_WKUP_IRQHandler
                0x0000000008003298                TIM1_TRG_COM_TIM11_IRQHandler
                0x0000000008003298                EXTI1_IRQHandler
                0x0000000008003298                UART7_IRQHandler
                0x0000000008003298                USART2_IRQHandler
                0x0000000008003298                DFSDM1_FLT0_IRQHandler
                0x0000000008003298                I2C2_ER_IRQHandler
                0x0000000008003298                DMA2_Stream1_IRQHandler
                0x0000000008003298                CAN1_SCE_IRQHandler
                0x0000000008003298                FLASH_IRQHandler
                0x0000000008003298                DMA2_Stream4_IRQHandler
                0x0000000008003298                USART1_IRQHandler
                0x0000000008003298                OTG_FS_IRQHandler
                0x0000000008003298                SPI3_IRQHandler
                0x0000000008003298                DMA1_Stream4_IRQHandler
                0x0000000008003298                I2C1_ER_IRQHandler
                0x0000000008003298                LPTIM1_IRQHandler
                0x0000000008003298                DMA2_Stream6_IRQHandler
                0x0000000008003298                UART10_IRQHandler
                0x0000000008003298                SAI1_IRQHandler
                0x0000000008003298                DMA1_Stream3_IRQHandler
 *(.glue_7)
 .glue_7        0x000000000800329a        0x0 linker stubs
 *(.glue_7t)
 .glue_7t       0x000000000800329a        0x0 linker stubs
 *(.eh_frame)
 *fill*         0x000000000800329a        0x2 
 .eh_frame      0x000000000800329c        0x0 /usr/lib/gcc/arm-none-eabi/9.2.1/thumb/v7e-m+fp/hard/crtbegin.o
 *(.init)
 .init          0x000000000800329c        0x4 /usr/lib/gcc/arm-none-eabi/9.2.1/thumb/v7e-m+fp/hard/crti.o
                0x000000000800329c                _init
 .init          0x00000000080032a0        0x8 /usr/lib/gcc/arm-none-eabi/9.2.1/thumb/v7e-m+fp/hard/crtn.o
 *(.fini)
 .fini          0x00000000080032a8        0x4 /usr/lib/gcc/arm-none-eabi/9.2.1/thumb/v7e-m+fp/hard/crti.o
                0x00000000080032a8                _fini
 .fini          0x00000000080032ac        0x8 /usr/lib/gcc/arm-none-eabi/9.2.1/thumb/v7e-m+fp/hard/crtn.o
                0x00000000080032b4                . = ALIGN (0x4)
                0x00000000080032b4                _etext = .

.vfp11_veneer   0x00000000080032b4        0x0
 .vfp11_veneer  0x00000000080032b4        0x0 linker stubs

.v4_bx          0x00000000080032b4        0x0
 .v4_bx         0x00000000080032b4        0x0 linker stubs

.iplt           0x00000000080032b4        0x0
 .iplt          0x00000000080032b4        0x0 /usr/lib/gcc/arm-none-eabi/9.2.1/thumb/v7e-m+fp/hard/crtbegin.o

.rodata         0x00000000080032b4       0x18
                0x00000000080032b4                . = ALIGN (0x4)
 *(.rodata)
 *(.rodata*)
 .rodata.flagBitshiftOffset.8766
                0x00000000080032b4        0x8 build/stm32f4xx_hal_dma.o
 .rodata.AHBPrescTable
                0x00000000080032bc       0x10 build/system_stm32f4xx.o
                0x00000000080032bc                AHBPrescTable
                0x00000000080032cc                . = ALIGN (0x4)

.ARM.extab
 *(.ARM.extab* .gnu.linkonce.armextab.*)

.ARM            0x00000000080032cc        0x8
                0x00000000080032cc                __exidx_start = .
 *(.ARM.exidx*)
 .ARM.exidx     0x00000000080032cc        0x8 /usr/lib/gcc/arm-none-eabi/9.2.1/thumb/v7e-m+fp/hard/libgcc.a(_udivmoddi4.o)
                0x00000000080032d4                __exidx_end = .

.rel.dyn        0x00000000080032d4        0x0
 .rel.iplt      0x00000000080032d4        0x0 /usr/lib/gcc/arm-none-eabi/9.2.1/thumb/v7e-m+fp/hard/crtbegin.o

.preinit_array  0x00000000080032d4        0x0
                0x00000000080032d4                PROVIDE (__preinit_array_start = .)
 *(.preinit_array*)
                0x00000000080032d4                PROVIDE (__preinit_array_end = .)

.init_array     0x00000000080032d4        0x4
                0x00000000080032d4                PROVIDE (__init_array_start = .)
 *(SORT_BY_NAME(.init_array.*))
 *(.init_array*)
 .init_array    0x00000000080032d4        0x4 /usr/lib/gcc/arm-none-eabi/9.2.1/thumb/v7e-m+fp/hard/crtbegin.o
                0x00000000080032d8                PROVIDE (__init_array_end = .)

.fini_array     0x00000000080032d8        0x4
                0x00000000080032d8                PROVIDE (__fini_array_start = .)
 *(SORT_BY_NAME(.fini_array.*))
 *(.fini_array*)
 .fini_array    0x00000000080032d8        0x4 /usr/lib/gcc/arm-none-eabi/9.2.1/thumb/v7e-m+fp/hard/crtbegin.o
                0x00000000080032dc                PROVIDE (__fini_array_end = .)
                0x00000000080032dc                _sidata = LOADADDR (.data)

.data           0x0000000020000000        0xc load address 0x00000000080032dc
                0x0000000020000000                . = ALIGN (0x4)
                0x0000000020000000                _sdata = .
 *(.data)
 *(.data*)
 .data.uwTickFreq
                0x0000000020000000        0x1 build/stm32f4xx_hal.o
                0x0000000020000000                uwTickFreq
 *fill*         0x0000000020000001        0x3 
 .data.uwTickPrio
                0x0000000020000004        0x4 build/stm32f4xx_hal.o
                0x0000000020000004                uwTickPrio
 .data.SystemCoreClock
                0x0000000020000008        0x4 build/system_stm32f4xx.o
                0x0000000020000008                SystemCoreClock
                0x000000002000000c                . = ALIGN (0x4)
                0x000000002000000c                _edata = .

.tm_clone_table
                0x000000002000000c        0x0 load address 0x00000000080032e8
 .tm_clone_table
                0x000000002000000c        0x0 /usr/lib/gcc/arm-none-eabi/9.2.1/thumb/v7e-m+fp/hard/crtbegin.o
 .tm_clone_table
                0x000000002000000c        0x0 /usr/lib/gcc/arm-none-eabi/9.2.1/thumb/v7e-m+fp/hard/crtend.o

.igot.plt       0x000000002000000c        0x0 load address 0x00000000080032e8
 .igot.plt      0x000000002000000c        0x0 /usr/lib/gcc/arm-none-eabi/9.2.1/thumb/v7e-m+fp/hard/crtbegin.o
                0x000000002000000c                . = ALIGN (0x4)

.bss            0x000000002000000c     0x4238 load address 0x00000000080032e8
                0x000000002000000c                _sbss = .
                0x000000002000000c                __bss_start__ = _sbss
 *(.bss)
 .bss           0x000000002000000c       0x1c /usr/lib/gcc/arm-none-eabi/9.2.1/thumb/v7e-m+fp/hard/crtbegin.o
 *(.bss*)
 .bss.DCDCFault
                0x0000000020000028        0x4 build/main.o
                0x0000000020000028                DCDCFault
 .bss.bmsVoltage
                0x000000002000002c        0x4 build/main.o
                0x000000002000002c                bmsVoltage
 .bss.canRX     0x0000000020000030        0x8 build/main.o
                0x0000000020000030                canRX
 .bss.prechargeState
                0x0000000020000038        0x1 build/main.o
                0x0000000020000038                prechargeState
 *fill*         0x0000000020000039        0x3 
 .bss.readyToDrive
                0x000000002000003c        0x4 build/main.o
                0x000000002000003c                readyToDrive
 .bss.rinehartVoltage
                0x0000000020000040        0x4 build/main.o
                0x0000000020000040                rinehartVoltage
 .bss.vicoreTemp
                0x0000000020000044        0x4 build/main.o
                0x0000000020000044                vicoreTemp
 *(COMMON)
 COMMON         0x0000000020000048     0x41f8 build/main.o
                0x0000000020000048                rxHeader
                0x0000000020000064                canFilter1
                0x000000002000008c                hadc1
                0x00000000200000d4                htim13
                0x000000002000011c                txHeader0
                0x0000000020000134                hdma_adc1
                0x0000000020000194                TxData
                0x000000002000019c                TxMailbox
                0x00000000200001a0                adc_buf
                0x0000000020004178                txHeader2
                0x0000000020004190                hcan1
                0x00000000200041b8                htim14
                0x0000000020004200                canFilter0
                0x0000000020004228                txHeader1
 COMMON         0x0000000020004240        0x4 build/stm32f4xx_hal.o
                0x0000000020004240                uwTick
                0x0000000020004244                . = ALIGN (0x4)
                0x0000000020004244                _ebss = .
                0x0000000020004244                __bss_end__ = _ebss

._user_heap_stack
                0x0000000020004244      0x604 load address 0x00000000080032e8
                0x0000000020004248                . = ALIGN (0x8)
 *fill*         0x0000000020004244        0x4 
                [!provide]                        PROVIDE (end = .)
                [!provide]                        PROVIDE (_end = .)
                0x0000000020004448                . = (. + _Min_Heap_Size)
 *fill*         0x0000000020004248      0x200 
                0x0000000020004848                . = (. + _Min_Stack_Size)
 *fill*         0x0000000020004448      0x400 
                0x0000000020004848                . = ALIGN (0x8)

/DISCARD/
 libc.a(*)
 libm.a(*)
 libgcc.a(*)

.ARM.attributes
                0x0000000000000000       0x30
 *(.ARM.attributes)
 .ARM.attributes
                0x0000000000000000       0x1e /usr/lib/gcc/arm-none-eabi/9.2.1/thumb/v7e-m+fp/hard/crti.o
 .ARM.attributes
                0x000000000000001e       0x34 /usr/lib/gcc/arm-none-eabi/9.2.1/thumb/v7e-m+fp/hard/crtbegin.o
 .ARM.attributes
                0x0000000000000052       0x34 build/main.o
 .ARM.attributes
                0x0000000000000086       0x34 build/stm32f4xx_it.o
 .ARM.attributes
                0x00000000000000ba       0x34 build/stm32f4xx_hal_msp.o
 .ARM.attributes
                0x00000000000000ee       0x34 build/stm32f4xx_hal_adc.o
 .ARM.attributes
                0x0000000000000122       0x34 build/stm32f4xx_hal_rcc.o
 .ARM.attributes
                0x0000000000000156       0x34 build/stm32f4xx_hal_rcc_ex.o
 .ARM.attributes
                0x000000000000018a       0x34 build/stm32f4xx_hal_gpio.o
 .ARM.attributes
                0x00000000000001be       0x34 build/stm32f4xx_hal_dma.o
 .ARM.attributes
                0x00000000000001f2       0x34 build/stm32f4xx_hal_cortex.o
 .ARM.attributes
                0x0000000000000226       0x34 build/stm32f4xx_hal.o
 .ARM.attributes
                0x000000000000025a       0x34 build/stm32f4xx_hal_can.o
 .ARM.attributes
                0x000000000000028e       0x34 build/stm32f4xx_hal_tim.o
 .ARM.attributes
                0x00000000000002c2       0x34 build/stm32f4xx_hal_tim_ex.o
 .ARM.attributes
                0x00000000000002f6       0x34 build/system_stm32f4xx.o
 .ARM.attributes
                0x000000000000032a       0x21 build/startup_stm32f413xx.o
 .ARM.attributes
                0x000000000000034b       0x34 /usr/lib/gcc/arm-none-eabi/9.2.1/../../../arm-none-eabi/lib/thumb/v7e-m+fp/hard/libc_nano.a(lib_a-init.o)
 .ARM.attributes
                0x000000000000037f       0x34 /usr/lib/gcc/arm-none-eabi/9.2.1/../../../arm-none-eabi/lib/thumb/v7e-m+fp/hard/libc_nano.a(lib_a-memset.o)
 .ARM.attributes
                0x00000000000003b3       0x1e /usr/lib/gcc/arm-none-eabi/9.2.1/thumb/v7e-m+fp/hard/libgcc.a(_arm_muldf3.o)
 .ARM.attributes
                0x00000000000003d1       0x1e /usr/lib/gcc/arm-none-eabi/9.2.1/thumb/v7e-m+fp/hard/libgcc.a(_arm_addsubdf3.o)
 .ARM.attributes
                0x00000000000003ef       0x1e /usr/lib/gcc/arm-none-eabi/9.2.1/thumb/v7e-m+fp/hard/libgcc.a(_arm_cmpdf2.o)
 .ARM.attributes
                0x000000000000040d       0x1e /usr/lib/gcc/arm-none-eabi/9.2.1/thumb/v7e-m+fp/hard/libgcc.a(_aeabi_uldivmod.o)
 .ARM.attributes
                0x000000000000042b       0x34 /usr/lib/gcc/arm-none-eabi/9.2.1/thumb/v7e-m+fp/hard/libgcc.a(_udivmoddi4.o)
 .ARM.attributes
                0x000000000000045f       0x1e /usr/lib/gcc/arm-none-eabi/9.2.1/thumb/v7e-m+fp/hard/libgcc.a(_dvmd_tls.o)
 .ARM.attributes
                0x000000000000047d       0x32 /usr/lib/gcc/arm-none-eabi/9.2.1/thumb/v7e-m+fp/hard/crtend.o
 .ARM.attributes
                0x00000000000004af       0x1e /usr/lib/gcc/arm-none-eabi/9.2.1/thumb/v7e-m+fp/hard/crtn.o
OUTPUT(build/high-voltage.elf elf32-littlearm)
LOAD linker stubs
LOAD /usr/lib/gcc/arm-none-eabi/9.2.1/../../../arm-none-eabi/lib/thumb/v7e-m+fp/hard/libc.a
LOAD /usr/lib/gcc/arm-none-eabi/9.2.1/../../../arm-none-eabi/lib/thumb/v7e-m+fp/hard/libm.a
LOAD /usr/lib/gcc/arm-none-eabi/9.2.1/thumb/v7e-m+fp/hard/libgcc.a

.comment        0x0000000000000000       0xa7
 .comment       0x0000000000000000       0x59 /usr/lib/gcc/arm-none-eabi/9.2.1/thumb/v7e-m+fp/hard/crtbegin.o
                                         0x5a (size before relaxing)
 .comment       0x0000000000000059       0x5a build/main.o
 .comment       0x0000000000000059       0x5a build/stm32f4xx_it.o
 .comment       0x0000000000000059       0x5a build/stm32f4xx_hal_msp.o
 .comment       0x0000000000000059       0x5a build/stm32f4xx_hal_adc.o
 .comment       0x0000000000000059       0x5a build/stm32f4xx_hal_rcc.o
 .comment       0x0000000000000059       0x5a build/stm32f4xx_hal_rcc_ex.o
 .comment       0x0000000000000059       0x5a build/stm32f4xx_hal_gpio.o
 .comment       0x0000000000000059       0x5a build/stm32f4xx_hal_dma.o
 .comment       0x0000000000000059       0x5a build/stm32f4xx_hal_cortex.o
 .comment       0x0000000000000059       0x5a build/stm32f4xx_hal.o
 .comment       0x0000000000000059       0x5a build/stm32f4xx_hal_can.o
 .comment       0x0000000000000059       0x5a build/stm32f4xx_hal_tim.o
 .comment       0x0000000000000059       0x5a build/stm32f4xx_hal_tim_ex.o
 .comment       0x0000000000000059       0x5a build/system_stm32f4xx.o
 .comment       0x0000000000000059       0x4e /usr/lib/gcc/arm-none-eabi/9.2.1/../../../arm-none-eabi/lib/thumb/v7e-m+fp/hard/libc_nano.a(lib_a-init.o)
                                         0x4f (size before relaxing)
 .comment       0x00000000000000a7       0x4f /usr/lib/gcc/arm-none-eabi/9.2.1/../../../arm-none-eabi/lib/thumb/v7e-m+fp/hard/libc_nano.a(lib_a-memset.o)
 .comment       0x00000000000000a7       0x5a /usr/lib/gcc/arm-none-eabi/9.2.1/thumb/v7e-m+fp/hard/libgcc.a(_udivmoddi4.o)
 .comment       0x00000000000000a7       0x5a /usr/lib/gcc/arm-none-eabi/9.2.1/thumb/v7e-m+fp/hard/crtend.o

.debug_info     0x0000000000000000    0x140e4
 .debug_info    0x0000000000000000     0x22b9 build/main.o
 .debug_info    0x00000000000022b9      0xdd0 build/stm32f4xx_it.o
 .debug_info    0x0000000000003089     0x18bb build/stm32f4xx_hal_msp.o
 .debug_info    0x0000000000004944     0x1084 build/stm32f4xx_hal_adc.o
 .debug_info    0x00000000000059c8      0xc5b build/stm32f4xx_hal_rcc.o
 .debug_info    0x0000000000006623      0xbf4 build/stm32f4xx_hal_rcc_ex.o
 .debug_info    0x0000000000007217      0x97e build/stm32f4xx_hal_gpio.o
 .debug_info    0x0000000000007b95      0xc67 build/stm32f4xx_hal_dma.o
 .debug_info    0x00000000000087fc     0x1268 build/stm32f4xx_hal_cortex.o
 .debug_info    0x0000000000009a64      0xbcc build/stm32f4xx_hal.o
 .debug_info    0x000000000000a630     0x1459 build/stm32f4xx_hal_can.o
 .debug_info    0x000000000000ba89     0x4121 build/stm32f4xx_hal_tim.o
 .debug_info    0x000000000000fbaa     0x2047 build/stm32f4xx_hal_tim_ex.o
 .debug_info    0x0000000000011bf1      0x65c build/system_stm32f4xx.o
 .debug_info    0x000000000001224d       0x22 build/startup_stm32f413xx.o
 .debug_info    0x000000000001226f      0x11a /usr/lib/gcc/arm-none-eabi/9.2.1/../../../arm-none-eabi/lib/thumb/v7e-m+fp/hard/libc_nano.a(lib_a-init.o)
 .debug_info    0x0000000000012389      0xf21 /usr/lib/gcc/arm-none-eabi/9.2.1/../../../arm-none-eabi/lib/thumb/v7e-m+fp/hard/libc_nano.a(lib_a-memset.o)
 .debug_info    0x00000000000132aa       0x26 /usr/lib/gcc/arm-none-eabi/9.2.1/thumb/v7e-m+fp/hard/libgcc.a(_arm_muldf3.o)
 .debug_info    0x00000000000132d0       0x26 /usr/lib/gcc/arm-none-eabi/9.2.1/thumb/v7e-m+fp/hard/libgcc.a(_arm_addsubdf3.o)
 .debug_info    0x00000000000132f6       0x26 /usr/lib/gcc/arm-none-eabi/9.2.1/thumb/v7e-m+fp/hard/libgcc.a(_arm_cmpdf2.o)
 .debug_info    0x000000000001331c       0x26 /usr/lib/gcc/arm-none-eabi/9.2.1/thumb/v7e-m+fp/hard/libgcc.a(_aeabi_uldivmod.o)
 .debug_info    0x0000000000013342      0xd7c /usr/lib/gcc/arm-none-eabi/9.2.1/thumb/v7e-m+fp/hard/libgcc.a(_udivmoddi4.o)
 .debug_info    0x00000000000140be       0x26 /usr/lib/gcc/arm-none-eabi/9.2.1/thumb/v7e-m+fp/hard/libgcc.a(_dvmd_tls.o)

.debug_abbrev   0x0000000000000000     0x2859
 .debug_abbrev  0x0000000000000000      0x340 build/main.o
 .debug_abbrev  0x0000000000000340      0x1ca build/stm32f4xx_it.o
 .debug_abbrev  0x000000000000050a      0x257 build/stm32f4xx_hal_msp.o
 .debug_abbrev  0x0000000000000761      0x2be build/stm32f4xx_hal_adc.o
 .debug_abbrev  0x0000000000000a1f      0x2cd build/stm32f4xx_hal_rcc.o
 .debug_abbrev  0x0000000000000cec      0x1f5 build/stm32f4xx_hal_rcc_ex.o
 .debug_abbrev  0x0000000000000ee1      0x258 build/stm32f4xx_hal_gpio.o
 .debug_abbrev  0x0000000000001139      0x312 build/stm32f4xx_hal_dma.o
 .debug_abbrev  0x000000000000144b      0x3a8 build/stm32f4xx_hal_cortex.o
 .debug_abbrev  0x00000000000017f3      0x21c build/stm32f4xx_hal.o
 .debug_abbrev  0x0000000000001a0f      0x2af build/stm32f4xx_hal_can.o
 .debug_abbrev  0x0000000000001cbe      0x2af build/stm32f4xx_hal_tim.o
 .debug_abbrev  0x0000000000001f6d      0x2c5 build/stm32f4xx_hal_tim_ex.o
 .debug_abbrev  0x0000000000002232      0x14a build/system_stm32f4xx.o
 .debug_abbrev  0x000000000000237c       0x12 build/startup_stm32f413xx.o
 .debug_abbrev  0x000000000000238e       0xcc /usr/lib/gcc/arm-none-eabi/9.2.1/../../../arm-none-eabi/lib/thumb/v7e-m+fp/hard/libc_nano.a(lib_a-init.o)
 .debug_abbrev  0x000000000000245a      0x1d9 /usr/lib/gcc/arm-none-eabi/9.2.1/../../../arm-none-eabi/lib/thumb/v7e-m+fp/hard/libc_nano.a(lib_a-memset.o)
 .debug_abbrev  0x0000000000002633       0x14 /usr/lib/gcc/arm-none-eabi/9.2.1/thumb/v7e-m+fp/hard/libgcc.a(_arm_muldf3.o)
 .debug_abbrev  0x0000000000002647       0x14 /usr/lib/gcc/arm-none-eabi/9.2.1/thumb/v7e-m+fp/hard/libgcc.a(_arm_addsubdf3.o)
 .debug_abbrev  0x000000000000265b       0x14 /usr/lib/gcc/arm-none-eabi/9.2.1/thumb/v7e-m+fp/hard/libgcc.a(_arm_cmpdf2.o)
 .debug_abbrev  0x000000000000266f       0x14 /usr/lib/gcc/arm-none-eabi/9.2.1/thumb/v7e-m+fp/hard/libgcc.a(_aeabi_uldivmod.o)
 .debug_abbrev  0x0000000000002683      0x1c2 /usr/lib/gcc/arm-none-eabi/9.2.1/thumb/v7e-m+fp/hard/libgcc.a(_udivmoddi4.o)
 .debug_abbrev  0x0000000000002845       0x14 /usr/lib/gcc/arm-none-eabi/9.2.1/thumb/v7e-m+fp/hard/libgcc.a(_dvmd_tls.o)

.debug_loc      0x0000000000000000     0xe3b0
 .debug_loc     0x0000000000000000      0x336 build/main.o
 .debug_loc     0x0000000000000336       0xa0 build/stm32f4xx_it.o
 .debug_loc     0x00000000000003d6      0x30b build/stm32f4xx_hal_msp.o
 .debug_loc     0x00000000000006e1      0xd5b build/stm32f4xx_hal_adc.o
 .debug_loc     0x000000000000143c      0x6c7 build/stm32f4xx_hal_rcc.o
 .debug_loc     0x0000000000001b03      0xb95 build/stm32f4xx_hal_rcc_ex.o
 .debug_loc     0x0000000000002698      0x5db build/stm32f4xx_hal_gpio.o
 .debug_loc     0x0000000000002c73      0xd6d build/stm32f4xx_hal_dma.o
 .debug_loc     0x00000000000039e0      0x7d4 build/stm32f4xx_hal_cortex.o
 .debug_loc     0x00000000000041b4      0x1e1 build/stm32f4xx_hal.o
 .debug_loc     0x0000000000004395      0xf61 build/stm32f4xx_hal_can.o
 .debug_loc     0x00000000000052f6     0x5b36 build/stm32f4xx_hal_tim.o
 .debug_loc     0x000000000000ae2c     0x218b build/stm32f4xx_hal_tim_ex.o
 .debug_loc     0x000000000000cfb7      0x16c build/system_stm32f4xx.o
 .debug_loc     0x000000000000d123       0xba /usr/lib/gcc/arm-none-eabi/9.2.1/../../../arm-none-eabi/lib/thumb/v7e-m+fp/hard/libc_nano.a(lib_a-init.o)
 .debug_loc     0x000000000000d1dd      0x231 /usr/lib/gcc/arm-none-eabi/9.2.1/../../../arm-none-eabi/lib/thumb/v7e-m+fp/hard/libc_nano.a(lib_a-memset.o)
 .debug_loc     0x000000000000d40e      0xfa2 /usr/lib/gcc/arm-none-eabi/9.2.1/thumb/v7e-m+fp/hard/libgcc.a(_udivmoddi4.o)

.debug_aranges  0x0000000000000000      0xd60
 .debug_aranges
                0x0000000000000000       0x80 build/main.o
 .debug_aranges
                0x0000000000000080       0x80 build/stm32f4xx_it.o
 .debug_aranges
                0x0000000000000100       0x50 build/stm32f4xx_hal_msp.o
 .debug_aranges
                0x0000000000000150       0xe8 build/stm32f4xx_hal_adc.o
 .debug_aranges
                0x0000000000000238       0x88 build/stm32f4xx_hal_rcc.o
 .debug_aranges
                0x00000000000002c0       0x60 build/stm32f4xx_hal_rcc_ex.o
 .debug_aranges
                0x0000000000000320       0x58 build/stm32f4xx_hal_gpio.o
 .debug_aranges
                0x0000000000000378       0x90 build/stm32f4xx_hal_dma.o
 .debug_aranges
                0x0000000000000408       0xa8 build/stm32f4xx_hal_cortex.o
 .debug_aranges
                0x00000000000004b0       0xf0 build/stm32f4xx_hal.o
 .debug_aranges
                0x00000000000005a0      0x138 build/stm32f4xx_hal_can.o
 .debug_aranges
                0x00000000000006d8      0x3d0 build/stm32f4xx_hal_tim.o
 .debug_aranges
                0x0000000000000aa8      0x168 build/stm32f4xx_hal_tim_ex.o
 .debug_aranges
                0x0000000000000c10       0x28 build/system_stm32f4xx.o
 .debug_aranges
                0x0000000000000c38       0x28 build/startup_stm32f413xx.o
 .debug_aranges
                0x0000000000000c60       0x20 /usr/lib/gcc/arm-none-eabi/9.2.1/../../../arm-none-eabi/lib/thumb/v7e-m+fp/hard/libc_nano.a(lib_a-init.o)
 .debug_aranges
                0x0000000000000c80       0x20 /usr/lib/gcc/arm-none-eabi/9.2.1/../../../arm-none-eabi/lib/thumb/v7e-m+fp/hard/libc_nano.a(lib_a-memset.o)
 .debug_aranges
                0x0000000000000ca0       0x20 /usr/lib/gcc/arm-none-eabi/9.2.1/thumb/v7e-m+fp/hard/libgcc.a(_arm_muldf3.o)
 .debug_aranges
                0x0000000000000cc0       0x20 /usr/lib/gcc/arm-none-eabi/9.2.1/thumb/v7e-m+fp/hard/libgcc.a(_arm_addsubdf3.o)
 .debug_aranges
                0x0000000000000ce0       0x20 /usr/lib/gcc/arm-none-eabi/9.2.1/thumb/v7e-m+fp/hard/libgcc.a(_arm_cmpdf2.o)
 .debug_aranges
                0x0000000000000d00       0x20 /usr/lib/gcc/arm-none-eabi/9.2.1/thumb/v7e-m+fp/hard/libgcc.a(_aeabi_uldivmod.o)
 .debug_aranges
                0x0000000000000d20       0x20 /usr/lib/gcc/arm-none-eabi/9.2.1/thumb/v7e-m+fp/hard/libgcc.a(_udivmoddi4.o)
 .debug_aranges
                0x0000000000000d40       0x20 /usr/lib/gcc/arm-none-eabi/9.2.1/thumb/v7e-m+fp/hard/libgcc.a(_dvmd_tls.o)

.debug_ranges   0x0000000000000000      0xcd0
 .debug_ranges  0x0000000000000000       0x70 build/main.o
 .debug_ranges  0x0000000000000070       0x70 build/stm32f4xx_it.o
 .debug_ranges  0x00000000000000e0       0x40 build/stm32f4xx_hal_msp.o
 .debug_ranges  0x0000000000000120       0xd8 build/stm32f4xx_hal_adc.o
 .debug_ranges  0x00000000000001f8       0x90 build/stm32f4xx_hal_rcc.o
 .debug_ranges  0x0000000000000288       0x68 build/stm32f4xx_hal_rcc_ex.o
 .debug_ranges  0x00000000000002f0       0x48 build/stm32f4xx_hal_gpio.o
 .debug_ranges  0x0000000000000338       0x80 build/stm32f4xx_hal_dma.o
 .debug_ranges  0x00000000000003b8       0xf8 build/stm32f4xx_hal_cortex.o
 .debug_ranges  0x00000000000004b0       0xe0 build/stm32f4xx_hal.o
 .debug_ranges  0x0000000000000590      0x128 build/stm32f4xx_hal_can.o
 .debug_ranges  0x00000000000006b8      0x3c0 build/stm32f4xx_hal_tim.o
 .debug_ranges  0x0000000000000a78      0x158 build/stm32f4xx_hal_tim_ex.o
 .debug_ranges  0x0000000000000bd0       0x18 build/system_stm32f4xx.o
 .debug_ranges  0x0000000000000be8       0x20 build/startup_stm32f413xx.o
 .debug_ranges  0x0000000000000c08       0xc8 /usr/lib/gcc/arm-none-eabi/9.2.1/thumb/v7e-m+fp/hard/libgcc.a(_udivmoddi4.o)

.debug_line     0x0000000000000000     0xe298
 .debug_line    0x0000000000000000      0x9c2 build/main.o
 .debug_line    0x00000000000009c2      0x2f0 build/stm32f4xx_it.o
 .debug_line    0x0000000000000cb2      0x428 build/stm32f4xx_hal_msp.o
 .debug_line    0x00000000000010da      0xfb3 build/stm32f4xx_hal_adc.o
 .debug_line    0x000000000000208d      0xaaf build/stm32f4xx_hal_rcc.o
 .debug_line    0x0000000000002b3c      0xf2c build/stm32f4xx_hal_rcc_ex.o
 .debug_line    0x0000000000003a68      0x69b build/stm32f4xx_hal_gpio.o
 .debug_line    0x0000000000004103      0xdc7 build/stm32f4xx_hal_dma.o
 .debug_line    0x0000000000004eca      0x718 build/stm32f4xx_hal_cortex.o
 .debug_line    0x00000000000055e2      0x4db build/stm32f4xx_hal.o
 .debug_line    0x0000000000005abd     0x10aa build/stm32f4xx_hal_can.o
 .debug_line    0x0000000000006b67     0x4a73 build/stm32f4xx_hal_tim.o
 .debug_line    0x000000000000b5da     0x1cab build/stm32f4xx_hal_tim_ex.o
 .debug_line    0x000000000000d285      0x1fc build/system_stm32f4xx.o
 .debug_line    0x000000000000d481       0x76 build/startup_stm32f413xx.o
 .debug_line    0x000000000000d4f7      0x10d /usr/lib/gcc/arm-none-eabi/9.2.1/../../../arm-none-eabi/lib/thumb/v7e-m+fp/hard/libc_nano.a(lib_a-init.o)
 .debug_line    0x000000000000d604      0x26b /usr/lib/gcc/arm-none-eabi/9.2.1/../../../arm-none-eabi/lib/thumb/v7e-m+fp/hard/libc_nano.a(lib_a-memset.o)
 .debug_line    0x000000000000d86f      0x10c /usr/lib/gcc/arm-none-eabi/9.2.1/thumb/v7e-m+fp/hard/libgcc.a(_arm_muldf3.o)
 .debug_line    0x000000000000d97b      0x186 /usr/lib/gcc/arm-none-eabi/9.2.1/thumb/v7e-m+fp/hard/libgcc.a(_arm_addsubdf3.o)
 .debug_line    0x000000000000db01       0xbd /usr/lib/gcc/arm-none-eabi/9.2.1/thumb/v7e-m+fp/hard/libgcc.a(_arm_cmpdf2.o)
 .debug_line    0x000000000000dbbe       0x60 /usr/lib/gcc/arm-none-eabi/9.2.1/thumb/v7e-m+fp/hard/libgcc.a(_aeabi_uldivmod.o)
 .debug_line    0x000000000000dc1e      0x61a /usr/lib/gcc/arm-none-eabi/9.2.1/thumb/v7e-m+fp/hard/libgcc.a(_udivmoddi4.o)
 .debug_line    0x000000000000e238       0x60 /usr/lib/gcc/arm-none-eabi/9.2.1/thumb/v7e-m+fp/hard/libgcc.a(_dvmd_tls.o)

.debug_str      0x0000000000000000     0x5ecb
 .debug_str     0x0000000000000000     0x17e1 build/main.o
                                       0x18f7 (size before relaxing)
 .debug_str     0x00000000000017e1      0x150 build/stm32f4xx_it.o
                                        0xb69 (size before relaxing)
 .debug_str     0x0000000000001931       0xe8 build/stm32f4xx_hal_msp.o
                                       0x13bf (size before relaxing)
 .debug_str     0x0000000000001a19      0x2be build/stm32f4xx_hal_adc.o
                                        0xa04 (size before relaxing)
 .debug_str     0x0000000000001cd7      0x1cf build/stm32f4xx_hal_rcc.o
                                        0x79d (size before relaxing)
 .debug_str     0x0000000000001ea6      0x2e7 build/stm32f4xx_hal_rcc_ex.o
                                        0x808 (size before relaxing)
 .debug_str     0x000000000000218d      0x12e build/stm32f4xx_hal_gpio.o
                                        0x5d4 (size before relaxing)
 .debug_str     0x00000000000022bb      0x2b3 build/stm32f4xx_hal_dma.o
                                        0x832 (size before relaxing)
 .debug_str     0x000000000000256e      0x4c9 build/stm32f4xx_hal_cortex.o
                                        0xd98 (size before relaxing)
 .debug_str     0x0000000000002a37      0x229 build/stm32f4xx_hal.o
                                        0xc7d (size before relaxing)
 .debug_str     0x0000000000002c60      0x3b2 build/stm32f4xx_hal_can.o
                                        0xb17 (size before relaxing)
 .debug_str     0x0000000000003012      0xe5b build/stm32f4xx_hal_tim.o
                                       0x178c (size before relaxing)
 .debug_str     0x0000000000003e6d      0x59f build/stm32f4xx_hal_tim_ex.o
                                       0x10c2 (size before relaxing)
 .debug_str     0x000000000000440c       0x47 build/system_stm32f4xx.o
                                        0x439 (size before relaxing)
 .debug_str     0x0000000000004453       0x22 build/startup_stm32f413xx.o
                                         0x65 (size before relaxing)
 .debug_str     0x0000000000004475      0x18e /usr/lib/gcc/arm-none-eabi/9.2.1/../../../arm-none-eabi/lib/thumb/v7e-m+fp/hard/libc_nano.a(lib_a-init.o)
                                        0x229 (size before relaxing)
 .debug_str     0x0000000000004603      0x6ef /usr/lib/gcc/arm-none-eabi/9.2.1/../../../arm-none-eabi/lib/thumb/v7e-m+fp/hard/libc_nano.a(lib_a-memset.o)
                                        0x90f (size before relaxing)
 .debug_str     0x0000000000004cf2       0x9c /usr/lib/gcc/arm-none-eabi/9.2.1/thumb/v7e-m+fp/hard/libgcc.a(_arm_muldf3.o)
                                         0xa8 (size before relaxing)
 .debug_str     0x0000000000004d8e       0xa8 /usr/lib/gcc/arm-none-eabi/9.2.1/thumb/v7e-m+fp/hard/libgcc.a(_arm_addsubdf3.o)
 .debug_str     0x0000000000004d8e       0xa8 /usr/lib/gcc/arm-none-eabi/9.2.1/thumb/v7e-m+fp/hard/libgcc.a(_arm_cmpdf2.o)
 .debug_str     0x0000000000004d8e       0x2c /usr/lib/gcc/arm-none-eabi/9.2.1/thumb/v7e-m+fp/hard/libgcc.a(_aeabi_uldivmod.o)
                                         0xa3 (size before relaxing)
 .debug_str     0x0000000000004dba     0x10e1 /usr/lib/gcc/arm-none-eabi/9.2.1/thumb/v7e-m+fp/hard/libgcc.a(_udivmoddi4.o)
                                       0x11e6 (size before relaxing)
 .debug_str     0x0000000000005e9b       0x30 /usr/lib/gcc/arm-none-eabi/9.2.1/thumb/v7e-m+fp/hard/libgcc.a(_dvmd_tls.o)
                                         0xa7 (size before relaxing)

.debug_frame    0x0000000000000000     0x2278
 .debug_frame   0x0000000000000000      0x168 build/main.o
 .debug_frame   0x0000000000000168      0x108 build/stm32f4xx_it.o
 .debug_frame   0x0000000000000270       0xd4 build/stm32f4xx_hal_msp.o
 .debug_frame   0x0000000000000344      0x268 build/stm32f4xx_hal_adc.o
 .debug_frame   0x00000000000005ac      0x174 build/stm32f4xx_hal_rcc.o
 .debug_frame   0x0000000000000720      0x100 build/stm32f4xx_hal_rcc_ex.o
 .debug_frame   0x0000000000000820       0xd8 build/stm32f4xx_hal_gpio.o
 .debug_frame   0x00000000000008f8      0x188 build/stm32f4xx_hal_dma.o
 .debug_frame   0x0000000000000a80      0x15c build/stm32f4xx_hal_cortex.o
 .debug_frame   0x0000000000000bdc      0x1ec build/stm32f4xx_hal.o
 .debug_frame   0x0000000000000dc8      0x2dc build/stm32f4xx_hal_can.o
 .debug_frame   0x00000000000010a4      0xb18 build/stm32f4xx_hal_tim.o
 .debug_frame   0x0000000000001bbc      0x428 build/stm32f4xx_hal_tim_ex.o
 .debug_frame   0x0000000000001fe4       0x30 build/system_stm32f4xx.o
 .debug_frame   0x0000000000002014       0x2c /usr/lib/gcc/arm-none-eabi/9.2.1/../../../arm-none-eabi/lib/thumb/v7e-m+fp/hard/libc_nano.a(lib_a-init.o)
 .debug_frame   0x0000000000002040       0x38 /usr/lib/gcc/arm-none-eabi/9.2.1/../../../arm-none-eabi/lib/thumb/v7e-m+fp/hard/libc_nano.a(lib_a-memset.o)
 .debug_frame   0x0000000000002078       0x30 /usr/lib/gcc/arm-none-eabi/9.2.1/thumb/v7e-m+fp/hard/libgcc.a(_arm_muldf3.o)
 .debug_frame   0x00000000000020a8       0xac /usr/lib/gcc/arm-none-eabi/9.2.1/thumb/v7e-m+fp/hard/libgcc.a(_arm_addsubdf3.o)
 .debug_frame   0x0000000000002154       0xc4 /usr/lib/gcc/arm-none-eabi/9.2.1/thumb/v7e-m+fp/hard/libgcc.a(_arm_cmpdf2.o)
 .debug_frame   0x0000000000002218       0x2c /usr/lib/gcc/arm-none-eabi/9.2.1/thumb/v7e-m+fp/hard/libgcc.a(_aeabi_uldivmod.o)
 .debug_frame   0x0000000000002244       0x34 /usr/lib/gcc/arm-none-eabi/9.2.1/thumb/v7e-m+fp/hard/libgcc.a(_udivmoddi4.o)

Cross Reference Table

Symbol                                            File
ADC_IRQHandler                                    build/startup_stm32f413xx.o
AHBPrescTable                                     build/system_stm32f4xx.o
                                                  build/stm32f4xx_hal_rcc.o
APBPrescTable                                     build/system_stm32f4xx.o
                                                  build/stm32f4xx_hal_rcc.o
BusFault_Handler                                  build/stm32f4xx_it.o
CAN1_RX0_IRQHandler                               build/stm32f4xx_it.o
CAN1_RX1_IRQHandler                               build/startup_stm32f413xx.o
CAN1_SCE_IRQHandler                               build/startup_stm32f413xx.o
CAN1_TX_IRQHandler                                build/startup_stm32f413xx.o
CAN2_RX0_IRQHandler                               build/startup_stm32f413xx.o
CAN2_RX1_IRQHandler                               build/startup_stm32f413xx.o
CAN2_SCE_IRQHandler                               build/startup_stm32f413xx.o
CAN2_TX_IRQHandler                                build/startup_stm32f413xx.o
CAN3_RX0_IRQHandler                               build/startup_stm32f413xx.o
CAN3_RX1_IRQHandler                               build/startup_stm32f413xx.o
CAN3_SCE_IRQHandler                               build/startup_stm32f413xx.o
CAN3_TX_IRQHandler                                build/startup_stm32f413xx.o
DCDCEnable                                        build/main.o
DCDCFault                                         build/main.o
DFSDM1_FLT0_IRQHandler                            build/startup_stm32f413xx.o
DFSDM1_FLT1_IRQHandler                            build/startup_stm32f413xx.o
DFSDM2_FLT0_IRQHandler                            build/startup_stm32f413xx.o
DFSDM2_FLT1_IRQHandler                            build/startup_stm32f413xx.o
DFSDM2_FLT2_IRQHandler                            build/startup_stm32f413xx.o
DFSDM2_FLT3_IRQHandler                            build/startup_stm32f413xx.o
DMA1_Stream0_IRQHandler                           build/startup_stm32f413xx.o
DMA1_Stream1_IRQHandler                           build/startup_stm32f413xx.o
DMA1_Stream2_IRQHandler                           build/startup_stm32f413xx.o
DMA1_Stream3_IRQHandler                           build/startup_stm32f413xx.o
DMA1_Stream4_IRQHandler                           build/startup_stm32f413xx.o
DMA1_Stream5_IRQHandler                           build/startup_stm32f413xx.o
DMA1_Stream6_IRQHandler                           build/startup_stm32f413xx.o
DMA1_Stream7_IRQHandler                           build/startup_stm32f413xx.o
DMA2_Stream0_IRQHandler                           build/stm32f4xx_it.o
DMA2_Stream1_IRQHandler                           build/startup_stm32f413xx.o
DMA2_Stream2_IRQHandler                           build/startup_stm32f413xx.o
DMA2_Stream3_IRQHandler                           build/startup_stm32f413xx.o
DMA2_Stream4_IRQHandler                           build/startup_stm32f413xx.o
DMA2_Stream5_IRQHandler                           build/startup_stm32f413xx.o
DMA2_Stream6_IRQHandler                           build/startup_stm32f413xx.o
DMA2_Stream7_IRQHandler                           build/startup_stm32f413xx.o
DebugMon_Handler                                  build/stm32f4xx_it.o
Default_Handler                                   build/startup_stm32f413xx.o
EXTI0_IRQHandler                                  build/startup_stm32f413xx.o
EXTI15_10_IRQHandler                              build/startup_stm32f413xx.o
EXTI1_IRQHandler                                  build/startup_stm32f413xx.o
EXTI2_IRQHandler                                  build/startup_stm32f413xx.o
EXTI3_IRQHandler                                  build/startup_stm32f413xx.o
EXTI4_IRQHandler                                  build/startup_stm32f413xx.o
EXTI9_5_IRQHandler                                build/startup_stm32f413xx.o
Error_Handler                                     build/main.o
                                                  build/stm32f4xx_hal_msp.o
FLASH_Erase_Sector                                build/stm32f4xx_hal_flash_ex.o
                                                  build/stm32f4xx_hal_flash.o
FLASH_FlushCaches                                 build/stm32f4xx_hal_flash_ex.o
                                                  build/stm32f4xx_hal_flash.o
FLASH_IRQHandler                                  build/startup_stm32f413xx.o
FLASH_WaitForLastOperation                        build/stm32f4xx_hal_flash.o
                                                  build/stm32f4xx_hal_flash_ex.o
FMPI2C1_ER_IRQHandler                             build/startup_stm32f413xx.o
FMPI2C1_EV_IRQHandler                             build/startup_stm32f413xx.o
FPU_IRQHandler                                    build/startup_stm32f413xx.o
FSMC_IRQHandler                                   build/startup_stm32f413xx.o
HAL_ADCEx_InjectedConfigChannel                   build/stm32f4xx_hal_adc_ex.o
HAL_ADCEx_InjectedConvCpltCallback                build/stm32f4xx_hal_adc_ex.o
                                                  build/stm32f4xx_hal_adc.o
HAL_ADCEx_InjectedGetValue                        build/stm32f4xx_hal_adc_ex.o
HAL_ADCEx_InjectedPollForConversion               build/stm32f4xx_hal_adc_ex.o
HAL_ADCEx_InjectedStart                           build/stm32f4xx_hal_adc_ex.o
HAL_ADCEx_InjectedStart_IT                        build/stm32f4xx_hal_adc_ex.o
HAL_ADCEx_InjectedStop                            build/stm32f4xx_hal_adc_ex.o
HAL_ADCEx_InjectedStop_IT                         build/stm32f4xx_hal_adc_ex.o
HAL_ADCEx_MultiModeConfigChannel                  build/stm32f4xx_hal_adc_ex.o
HAL_ADCEx_MultiModeGetValue                       build/stm32f4xx_hal_adc_ex.o
HAL_ADCEx_MultiModeStart_DMA                      build/stm32f4xx_hal_adc_ex.o
HAL_ADCEx_MultiModeStop_DMA                       build/stm32f4xx_hal_adc_ex.o
HAL_ADC_AnalogWDGConfig                           build/stm32f4xx_hal_adc.o
HAL_ADC_ConfigChannel                             build/stm32f4xx_hal_adc.o
                                                  build/main.o
HAL_ADC_ConvCpltCallback                          build/main.o
                                                  build/stm32f4xx_hal_adc_ex.o
HAL_ADC_ConvHalfCpltCallback                      build/stm32f4xx_hal_adc.o
                                                  build/stm32f4xx_hal_adc_ex.o
HAL_ADC_DeInit                                    build/stm32f4xx_hal_adc.o
HAL_ADC_ErrorCallback                             build/stm32f4xx_hal_adc.o
                                                  build/stm32f4xx_hal_adc_ex.o
HAL_ADC_GetError                                  build/stm32f4xx_hal_adc.o
HAL_ADC_GetState                                  build/stm32f4xx_hal_adc.o
HAL_ADC_GetValue                                  build/stm32f4xx_hal_adc.o
HAL_ADC_IRQHandler                                build/stm32f4xx_hal_adc.o
HAL_ADC_Init                                      build/stm32f4xx_hal_adc.o
                                                  build/main.o
HAL_ADC_LevelOutOfWindowCallback                  build/stm32f4xx_hal_adc.o
HAL_ADC_MspDeInit                                 build/stm32f4xx_hal_msp.o
HAL_ADC_MspInit                                   build/stm32f4xx_hal_msp.o
HAL_ADC_PollForConversion                         build/stm32f4xx_hal_adc.o
HAL_ADC_PollForEvent                              build/stm32f4xx_hal_adc.o
HAL_ADC_Start                                     build/stm32f4xx_hal_adc.o
HAL_ADC_Start_DMA                                 build/stm32f4xx_hal_adc.o
                                                  build/main.o
HAL_ADC_Start_IT                                  build/stm32f4xx_hal_adc.o
HAL_ADC_Stop                                      build/stm32f4xx_hal_adc.o
HAL_ADC_Stop_DMA                                  build/stm32f4xx_hal_adc.o
HAL_ADC_Stop_IT                                   build/stm32f4xx_hal_adc.o
HAL_CAN_AbortTxRequest                            build/stm32f4xx_hal_can.o
HAL_CAN_ActivateNotification                      build/stm32f4xx_hal_can.o
                                                  build/main.o
HAL_CAN_AddTxMessage                              build/stm32f4xx_hal_can.o
                                                  build/main.o
HAL_CAN_ConfigFilter                              build/stm32f4xx_hal_can.o
                                                  build/main.o
HAL_CAN_DeInit                                    build/stm32f4xx_hal_can.o
HAL_CAN_DeactivateNotification                    build/stm32f4xx_hal_can.o
HAL_CAN_ErrorCallback                             build/stm32f4xx_hal_can.o
HAL_CAN_GetError                                  build/stm32f4xx_hal_can.o
HAL_CAN_GetRxFifoFillLevel                        build/stm32f4xx_hal_can.o
HAL_CAN_GetRxMessage                              build/stm32f4xx_hal_can.o
                                                  build/main.o
HAL_CAN_GetState                                  build/stm32f4xx_hal_can.o
HAL_CAN_GetTxMailboxesFreeLevel                   build/stm32f4xx_hal_can.o
HAL_CAN_GetTxTimestamp                            build/stm32f4xx_hal_can.o
HAL_CAN_IRQHandler                                build/stm32f4xx_hal_can.o
                                                  build/stm32f4xx_it.o
HAL_CAN_Init                                      build/stm32f4xx_hal_can.o
                                                  build/main.o
HAL_CAN_IsSleepActive                             build/stm32f4xx_hal_can.o
HAL_CAN_IsTxMessagePending                        build/stm32f4xx_hal_can.o
HAL_CAN_MspDeInit                                 build/stm32f4xx_hal_msp.o
HAL_CAN_MspInit                                   build/stm32f4xx_hal_msp.o
HAL_CAN_RequestSleep                              build/stm32f4xx_hal_can.o
HAL_CAN_ResetError                                build/stm32f4xx_hal_can.o
HAL_CAN_RxFifo0FullCallback                       build/stm32f4xx_hal_can.o
HAL_CAN_RxFifo0MsgPendingCallback                 build/main.o
HAL_CAN_RxFifo1FullCallback                       build/stm32f4xx_hal_can.o
HAL_CAN_RxFifo1MsgPendingCallback                 build/stm32f4xx_hal_can.o
HAL_CAN_SleepCallback                             build/stm32f4xx_hal_can.o
HAL_CAN_Start                                     build/stm32f4xx_hal_can.o
                                                  build/main.o
HAL_CAN_Stop                                      build/stm32f4xx_hal_can.o
HAL_CAN_TxMailbox0AbortCallback                   build/stm32f4xx_hal_can.o
HAL_CAN_TxMailbox0CompleteCallback                build/stm32f4xx_hal_can.o
HAL_CAN_TxMailbox1AbortCallback                   build/stm32f4xx_hal_can.o
HAL_CAN_TxMailbox1CompleteCallback                build/stm32f4xx_hal_can.o
HAL_CAN_TxMailbox2AbortCallback                   build/stm32f4xx_hal_can.o
HAL_CAN_TxMailbox2CompleteCallback                build/stm32f4xx_hal_can.o
HAL_CAN_WakeUp                                    build/stm32f4xx_hal_can.o
HAL_CAN_WakeUpFromRxMsgCallback                   build/stm32f4xx_hal_can.o
HAL_DBGMCU_DisableDBGSleepMode                    build/stm32f4xx_hal.o
HAL_DBGMCU_DisableDBGStandbyMode                  build/stm32f4xx_hal.o
HAL_DBGMCU_DisableDBGStopMode                     build/stm32f4xx_hal.o
HAL_DBGMCU_EnableDBGSleepMode                     build/stm32f4xx_hal.o
HAL_DBGMCU_EnableDBGStandbyMode                   build/stm32f4xx_hal.o
HAL_DBGMCU_EnableDBGStopMode                      build/stm32f4xx_hal.o
HAL_DMAEx_ChangeMemory                            build/stm32f4xx_hal_dma_ex.o
HAL_DMAEx_MultiBufferStart                        build/stm32f4xx_hal_dma_ex.o
HAL_DMAEx_MultiBufferStart_IT                     build/stm32f4xx_hal_dma_ex.o
HAL_DMA_Abort                                     build/stm32f4xx_hal_dma.o
                                                  build/stm32f4xx_hal_adc_ex.o
                                                  build/stm32f4xx_hal_adc.o
HAL_DMA_Abort_IT                                  build/stm32f4xx_hal_dma.o
                                                  build/stm32f4xx_hal_tim_ex.o
                                                  build/stm32f4xx_hal_tim.o
HAL_DMA_DeInit                                    build/stm32f4xx_hal_dma.o
                                                  build/stm32f4xx_hal_msp.o
HAL_DMA_GetError                                  build/stm32f4xx_hal_dma.o
HAL_DMA_GetState                                  build/stm32f4xx_hal_dma.o
HAL_DMA_IRQHandler                                build/stm32f4xx_hal_dma.o
                                                  build/stm32f4xx_it.o
HAL_DMA_Init                                      build/stm32f4xx_hal_dma.o
                                                  build/stm32f4xx_hal_msp.o
HAL_DMA_PollForTransfer                           build/stm32f4xx_hal_dma.o
HAL_DMA_RegisterCallback                          build/stm32f4xx_hal_dma.o
HAL_DMA_Start                                     build/stm32f4xx_hal_dma.o
HAL_DMA_Start_IT                                  build/stm32f4xx_hal_dma.o
                                                  build/stm32f4xx_hal_tim_ex.o
                                                  build/stm32f4xx_hal_tim.o
                                                  build/stm32f4xx_hal_adc_ex.o
                                                  build/stm32f4xx_hal_adc.o
HAL_DMA_UnRegisterCallback                        build/stm32f4xx_hal_dma.o
HAL_DeInit                                        build/stm32f4xx_hal.o
HAL_Delay                                         build/stm32f4xx_hal.o
HAL_DisableCompensationCell                       build/stm32f4xx_hal.o
HAL_EXTI_ClearConfigLine                          build/stm32f4xx_hal_exti.o
HAL_EXTI_ClearPending                             build/stm32f4xx_hal_exti.o
HAL_EXTI_GenerateSWI                              build/stm32f4xx_hal_exti.o
HAL_EXTI_GetConfigLine                            build/stm32f4xx_hal_exti.o
HAL_EXTI_GetHandle                                build/stm32f4xx_hal_exti.o
HAL_EXTI_GetPending                               build/stm32f4xx_hal_exti.o
HAL_EXTI_IRQHandler                               build/stm32f4xx_hal_exti.o
HAL_EXTI_RegisterCallback                         build/stm32f4xx_hal_exti.o
HAL_EXTI_SetConfigLine                            build/stm32f4xx_hal_exti.o
HAL_EnableCompensationCell                        build/stm32f4xx_hal.o
HAL_FLASHEx_AdvOBGetConfig                        build/stm32f4xx_hal_flash_ex.o
HAL_FLASHEx_AdvOBProgram                          build/stm32f4xx_hal_flash_ex.o
HAL_FLASHEx_Erase                                 build/stm32f4xx_hal_flash_ex.o
HAL_FLASHEx_Erase_IT                              build/stm32f4xx_hal_flash_ex.o
HAL_FLASHEx_OBGetConfig                           build/stm32f4xx_hal_flash_ex.o
HAL_FLASHEx_OBProgram                             build/stm32f4xx_hal_flash_ex.o
HAL_FLASHEx_OB_DeSelectPCROP                      build/stm32f4xx_hal_flash_ex.o
HAL_FLASHEx_OB_SelectPCROP                        build/stm32f4xx_hal_flash_ex.o
HAL_FLASH_EndOfOperationCallback                  build/stm32f4xx_hal_flash.o
HAL_FLASH_GetError                                build/stm32f4xx_hal_flash.o
HAL_FLASH_IRQHandler                              build/stm32f4xx_hal_flash.o
HAL_FLASH_Lock                                    build/stm32f4xx_hal_flash.o
HAL_FLASH_OB_Launch                               build/stm32f4xx_hal_flash.o
HAL_FLASH_OB_Lock                                 build/stm32f4xx_hal_flash.o
HAL_FLASH_OB_Unlock                               build/stm32f4xx_hal_flash.o
HAL_FLASH_OperationErrorCallback                  build/stm32f4xx_hal_flash.o
HAL_FLASH_Program                                 build/stm32f4xx_hal_flash.o
HAL_FLASH_Program_IT                              build/stm32f4xx_hal_flash.o
HAL_FLASH_Unlock                                  build/stm32f4xx_hal_flash.o
HAL_GPIO_DeInit                                   build/stm32f4xx_hal_gpio.o
                                                  build/stm32f4xx_hal_msp.o
HAL_GPIO_EXTI_Callback                            build/stm32f4xx_hal_gpio.o
HAL_GPIO_EXTI_IRQHandler                          build/stm32f4xx_hal_gpio.o
HAL_GPIO_Init                                     build/stm32f4xx_hal_gpio.o
                                                  build/stm32f4xx_hal_rcc.o
                                                  build/stm32f4xx_hal_msp.o
                                                  build/main.o
HAL_GPIO_LockPin                                  build/stm32f4xx_hal_gpio.o
HAL_GPIO_ReadPin                                  build/stm32f4xx_hal_gpio.o
HAL_GPIO_TogglePin                                build/stm32f4xx_hal_gpio.o
HAL_GPIO_WritePin                                 build/stm32f4xx_hal_gpio.o
                                                  build/main.o
HAL_GetDEVID                                      build/stm32f4xx_hal.o
HAL_GetHalVersion                                 build/stm32f4xx_hal.o
HAL_GetREVID                                      build/stm32f4xx_hal.o
HAL_GetTick                                       build/stm32f4xx_hal.o
                                                  build/stm32f4xx_hal_can.o
                                                  build/stm32f4xx_hal_pwr_ex.o
                                                  build/stm32f4xx_hal_dma.o
                                                  build/stm32f4xx_hal_flash.o
                                                  build/stm32f4xx_hal_rcc_ex.o
                                                  build/stm32f4xx_hal_rcc.o
                                                  build/stm32f4xx_hal_adc_ex.o
                                                  build/stm32f4xx_hal_adc.o
HAL_GetTickFreq                                   build/stm32f4xx_hal.o
HAL_GetTickPrio                                   build/stm32f4xx_hal.o
HAL_GetUIDw0                                      build/stm32f4xx_hal.o
HAL_GetUIDw1                                      build/stm32f4xx_hal.o
HAL_GetUIDw2                                      build/stm32f4xx_hal.o
HAL_IncTick                                       build/stm32f4xx_hal.o
                                                  build/stm32f4xx_it.o
HAL_Init                                          build/stm32f4xx_hal.o
                                                  build/main.o
HAL_InitTick                                      build/stm32f4xx_hal.o
                                                  build/stm32f4xx_hal_rcc_ex.o
                                                  build/stm32f4xx_hal_rcc.o
HAL_MPU_ConfigRegion                              build/stm32f4xx_hal_cortex.o
HAL_MPU_Disable                                   build/stm32f4xx_hal_cortex.o
HAL_MPU_Enable                                    build/stm32f4xx_hal_cortex.o
HAL_MspDeInit                                     build/stm32f4xx_hal.o
HAL_MspInit                                       build/stm32f4xx_hal_msp.o
HAL_NVIC_ClearPendingIRQ                          build/stm32f4xx_hal_cortex.o
HAL_NVIC_DisableIRQ                               build/stm32f4xx_hal_cortex.o
                                                  build/stm32f4xx_hal_msp.o
HAL_NVIC_EnableIRQ                                build/stm32f4xx_hal_cortex.o
                                                  build/stm32f4xx_hal_msp.o
                                                  build/main.o
HAL_NVIC_GetActive                                build/stm32f4xx_hal_cortex.o
HAL_NVIC_GetPendingIRQ                            build/stm32f4xx_hal_cortex.o
HAL_NVIC_GetPriority                              build/stm32f4xx_hal_cortex.o
HAL_NVIC_GetPriorityGrouping                      build/stm32f4xx_hal_cortex.o
HAL_NVIC_SetPendingIRQ                            build/stm32f4xx_hal_cortex.o
HAL_NVIC_SetPriority                              build/stm32f4xx_hal_cortex.o
                                                  build/stm32f4xx_hal.o
                                                  build/stm32f4xx_hal_msp.o
                                                  build/main.o
HAL_NVIC_SetPriorityGrouping                      build/stm32f4xx_hal_cortex.o
                                                  build/stm32f4xx_hal.o
HAL_NVIC_SystemReset                              build/stm32f4xx_hal_cortex.o
HAL_PWREx_ControlVoltageScaling                   build/stm32f4xx_hal_pwr_ex.o
HAL_PWREx_DisableBkUpReg                          build/stm32f4xx_hal_pwr_ex.o
HAL_PWREx_DisableFlashPowerDown                   build/stm32f4xx_hal_pwr_ex.o
HAL_PWREx_DisableLowRegulatorLowVoltage           build/stm32f4xx_hal_pwr_ex.o
HAL_PWREx_DisableMainRegulatorLowVoltage          build/stm32f4xx_hal_pwr_ex.o
HAL_PWREx_EnableBkUpReg                           build/stm32f4xx_hal_pwr_ex.o
HAL_PWREx_EnableFlashPowerDown                    build/stm32f4xx_hal_pwr_ex.o
HAL_PWREx_EnableLowRegulatorLowVoltage            build/stm32f4xx_hal_pwr_ex.o
HAL_PWREx_EnableMainRegulatorLowVoltage           build/stm32f4xx_hal_pwr_ex.o
HAL_PWREx_GetVoltageRange                         build/stm32f4xx_hal_pwr_ex.o
HAL_PWR_ConfigPVD                                 build/stm32f4xx_hal_pwr.o
HAL_PWR_DeInit                                    build/stm32f4xx_hal_pwr.o
HAL_PWR_DisableBkUpAccess                         build/stm32f4xx_hal_pwr.o
HAL_PWR_DisablePVD                                build/stm32f4xx_hal_pwr.o
HAL_PWR_DisableSEVOnPend                          build/stm32f4xx_hal_pwr.o
HAL_PWR_DisableSleepOnExit                        build/stm32f4xx_hal_pwr.o
HAL_PWR_DisableWakeUpPin                          build/stm32f4xx_hal_pwr.o
HAL_PWR_EnableBkUpAccess                          build/stm32f4xx_hal_pwr.o
HAL_PWR_EnablePVD                                 build/stm32f4xx_hal_pwr.o
HAL_PWR_EnableSEVOnPend                           build/stm32f4xx_hal_pwr.o
HAL_PWR_EnableSleepOnExit                         build/stm32f4xx_hal_pwr.o
HAL_PWR_EnableWakeUpPin                           build/stm32f4xx_hal_pwr.o
HAL_PWR_EnterSLEEPMode                            build/stm32f4xx_hal_pwr.o
HAL_PWR_EnterSTANDBYMode                          build/stm32f4xx_hal_pwr.o
HAL_PWR_EnterSTOPMode                             build/stm32f4xx_hal_pwr.o
HAL_PWR_PVDCallback                               build/stm32f4xx_hal_pwr.o
HAL_PWR_PVD_IRQHandler                            build/stm32f4xx_hal_pwr.o
HAL_RCCEx_DisablePLLI2S                           build/stm32f4xx_hal_rcc_ex.o
HAL_RCCEx_EnablePLLI2S                            build/stm32f4xx_hal_rcc_ex.o
HAL_RCCEx_GetPeriphCLKConfig                      build/stm32f4xx_hal_rcc_ex.o
HAL_RCCEx_GetPeriphCLKFreq                        build/stm32f4xx_hal_rcc_ex.o
HAL_RCCEx_PeriphCLKConfig                         build/stm32f4xx_hal_rcc_ex.o
HAL_RCCEx_SelectLSEMode                           build/stm32f4xx_hal_rcc_ex.o
HAL_RCC_CSSCallback                               build/stm32f4xx_hal_rcc.o
HAL_RCC_ClockConfig                               build/stm32f4xx_hal_rcc.o
                                                  build/main.o
HAL_RCC_DeInit                                    build/stm32f4xx_hal_rcc_ex.o
                                                  build/stm32f4xx_hal_rcc.o
HAL_RCC_DisableCSS                                build/stm32f4xx_hal_rcc.o
HAL_RCC_EnableCSS                                 build/stm32f4xx_hal_rcc.o
HAL_RCC_GetClockConfig                            build/stm32f4xx_hal_rcc.o
HAL_RCC_GetHCLKFreq                               build/stm32f4xx_hal_rcc.o
HAL_RCC_GetOscConfig                              build/stm32f4xx_hal_rcc_ex.o
                                                  build/stm32f4xx_hal_rcc.o
HAL_RCC_GetPCLK1Freq                              build/stm32f4xx_hal_rcc.o
HAL_RCC_GetPCLK2Freq                              build/stm32f4xx_hal_rcc.o
HAL_RCC_GetSysClockFreq                           build/stm32f4xx_hal_rcc.o
HAL_RCC_MCOConfig                                 build/stm32f4xx_hal_rcc.o
HAL_RCC_NMI_IRQHandler                            build/stm32f4xx_hal_rcc.o
HAL_RCC_OscConfig                                 build/stm32f4xx_hal_rcc_ex.o
                                                  build/stm32f4xx_hal_rcc.o
                                                  build/main.o
HAL_ResumeTick                                    build/stm32f4xx_hal.o
HAL_SYSTICK_CLKSourceConfig                       build/stm32f4xx_hal_cortex.o
HAL_SYSTICK_Callback                              build/stm32f4xx_hal_cortex.o
HAL_SYSTICK_Config                                build/stm32f4xx_hal_cortex.o
                                                  build/stm32f4xx_hal.o
HAL_SYSTICK_IRQHandler                            build/stm32f4xx_hal_cortex.o
HAL_SetTickFreq                                   build/stm32f4xx_hal.o
HAL_SuspendTick                                   build/stm32f4xx_hal.o
HAL_TIMEx_BreakCallback                           build/stm32f4xx_hal_tim_ex.o
                                                  build/stm32f4xx_hal_tim.o
HAL_TIMEx_CommutCallback                          build/stm32f4xx_hal_tim_ex.o
                                                  build/stm32f4xx_hal_tim.o
HAL_TIMEx_CommutHalfCpltCallback                  build/stm32f4xx_hal_tim_ex.o
HAL_TIMEx_ConfigBreakDeadTime                     build/stm32f4xx_hal_tim_ex.o
HAL_TIMEx_ConfigCommutEvent                       build/stm32f4xx_hal_tim_ex.o
HAL_TIMEx_ConfigCommutEvent_DMA                   build/stm32f4xx_hal_tim_ex.o
HAL_TIMEx_ConfigCommutEvent_IT                    build/stm32f4xx_hal_tim_ex.o
HAL_TIMEx_GetChannelNState                        build/stm32f4xx_hal_tim_ex.o
HAL_TIMEx_HallSensor_DeInit                       build/stm32f4xx_hal_tim_ex.o
HAL_TIMEx_HallSensor_GetState                     build/stm32f4xx_hal_tim_ex.o
HAL_TIMEx_HallSensor_Init                         build/stm32f4xx_hal_tim_ex.o
HAL_TIMEx_HallSensor_MspDeInit                    build/stm32f4xx_hal_tim_ex.o
HAL_TIMEx_HallSensor_MspInit                      build/stm32f4xx_hal_tim_ex.o
HAL_TIMEx_HallSensor_Start                        build/stm32f4xx_hal_tim_ex.o
HAL_TIMEx_HallSensor_Start_DMA                    build/stm32f4xx_hal_tim_ex.o
HAL_TIMEx_HallSensor_Start_IT                     build/stm32f4xx_hal_tim_ex.o
HAL_TIMEx_HallSensor_Stop                         build/stm32f4xx_hal_tim_ex.o
HAL_TIMEx_HallSensor_Stop_DMA                     build/stm32f4xx_hal_tim_ex.o
HAL_TIMEx_HallSensor_Stop_IT                      build/stm32f4xx_hal_tim_ex.o
HAL_TIMEx_MasterConfigSynchronization             build/stm32f4xx_hal_tim_ex.o
HAL_TIMEx_OCN_Start                               build/stm32f4xx_hal_tim_ex.o
HAL_TIMEx_OCN_Start_DMA                           build/stm32f4xx_hal_tim_ex.o
HAL_TIMEx_OCN_Start_IT                            build/stm32f4xx_hal_tim_ex.o
HAL_TIMEx_OCN_Stop                                build/stm32f4xx_hal_tim_ex.o
HAL_TIMEx_OCN_Stop_DMA                            build/stm32f4xx_hal_tim_ex.o
HAL_TIMEx_OCN_Stop_IT                             build/stm32f4xx_hal_tim_ex.o
HAL_TIMEx_OnePulseN_Start                         build/stm32f4xx_hal_tim_ex.o
HAL_TIMEx_OnePulseN_Start_IT                      build/stm32f4xx_hal_tim_ex.o
HAL_TIMEx_OnePulseN_Stop                          build/stm32f4xx_hal_tim_ex.o
HAL_TIMEx_OnePulseN_Stop_IT                       build/stm32f4xx_hal_tim_ex.o
HAL_TIMEx_PWMN_Start                              build/stm32f4xx_hal_tim_ex.o
HAL_TIMEx_PWMN_Start_DMA                          build/stm32f4xx_hal_tim_ex.o
HAL_TIMEx_PWMN_Start_IT                           build/stm32f4xx_hal_tim_ex.o
HAL_TIMEx_PWMN_Stop                               build/stm32f4xx_hal_tim_ex.o
HAL_TIMEx_PWMN_Stop_DMA                           build/stm32f4xx_hal_tim_ex.o
HAL_TIMEx_PWMN_Stop_IT                            build/stm32f4xx_hal_tim_ex.o
HAL_TIMEx_RemapConfig                             build/stm32f4xx_hal_tim_ex.o
HAL_TIM_Base_DeInit                               build/stm32f4xx_hal_tim.o
HAL_TIM_Base_GetState                             build/stm32f4xx_hal_tim.o
HAL_TIM_Base_Init                                 build/stm32f4xx_hal_tim.o
                                                  build/main.o
HAL_TIM_Base_MspDeInit                            build/stm32f4xx_hal_msp.o
HAL_TIM_Base_MspInit                              build/stm32f4xx_hal_msp.o
HAL_TIM_Base_Start                                build/stm32f4xx_hal_tim.o
HAL_TIM_Base_Start_DMA                            build/stm32f4xx_hal_tim.o
HAL_TIM_Base_Start_IT                             build/stm32f4xx_hal_tim.o
                                                  build/main.o
HAL_TIM_Base_Stop                                 build/stm32f4xx_hal_tim.o
HAL_TIM_Base_Stop_DMA                             build/stm32f4xx_hal_tim.o
HAL_TIM_Base_Stop_IT                              build/stm32f4xx_hal_tim.o
HAL_TIM_ConfigClockSource                         build/stm32f4xx_hal_tim.o
HAL_TIM_ConfigOCrefClear                          build/stm32f4xx_hal_tim.o
HAL_TIM_ConfigTI1Input                            build/stm32f4xx_hal_tim.o
HAL_TIM_DMABurstState                             build/stm32f4xx_hal_tim.o
HAL_TIM_DMABurst_MultiReadStart                   build/stm32f4xx_hal_tim.o
HAL_TIM_DMABurst_MultiWriteStart                  build/stm32f4xx_hal_tim.o
HAL_TIM_DMABurst_ReadStart                        build/stm32f4xx_hal_tim.o
HAL_TIM_DMABurst_ReadStop                         build/stm32f4xx_hal_tim.o
HAL_TIM_DMABurst_WriteStart                       build/stm32f4xx_hal_tim.o
HAL_TIM_DMABurst_WriteStop                        build/stm32f4xx_hal_tim.o
HAL_TIM_Encoder_DeInit                            build/stm32f4xx_hal_tim.o
HAL_TIM_Encoder_GetState                          build/stm32f4xx_hal_tim.o
HAL_TIM_Encoder_Init                              build/stm32f4xx_hal_tim.o
HAL_TIM_Encoder_MspDeInit                         build/stm32f4xx_hal_tim.o
HAL_TIM_Encoder_MspInit                           build/stm32f4xx_hal_tim.o
HAL_TIM_Encoder_Start                             build/stm32f4xx_hal_tim.o
HAL_TIM_Encoder_Start_DMA                         build/stm32f4xx_hal_tim.o
HAL_TIM_Encoder_Start_IT                          build/stm32f4xx_hal_tim.o
HAL_TIM_Encoder_Stop                              build/stm32f4xx_hal_tim.o
HAL_TIM_Encoder_Stop_DMA                          build/stm32f4xx_hal_tim.o
HAL_TIM_Encoder_Stop_IT                           build/stm32f4xx_hal_tim.o
HAL_TIM_ErrorCallback                             build/stm32f4xx_hal_tim.o
                                                  build/stm32f4xx_hal_tim_ex.o
HAL_TIM_GenerateEvent                             build/stm32f4xx_hal_tim.o
HAL_TIM_GetActiveChannel                          build/stm32f4xx_hal_tim.o
HAL_TIM_GetChannelState                           build/stm32f4xx_hal_tim.o
HAL_TIM_IC_CaptureCallback                        build/stm32f4xx_hal_tim.o
HAL_TIM_IC_CaptureHalfCpltCallback                build/stm32f4xx_hal_tim.o
HAL_TIM_IC_ConfigChannel                          build/stm32f4xx_hal_tim.o
HAL_TIM_IC_DeInit                                 build/stm32f4xx_hal_tim.o
HAL_TIM_IC_GetState                               build/stm32f4xx_hal_tim.o
HAL_TIM_IC_Init                                   build/stm32f4xx_hal_tim.o
HAL_TIM_IC_MspDeInit                              build/stm32f4xx_hal_tim.o
HAL_TIM_IC_MspInit                                build/stm32f4xx_hal_tim.o
HAL_TIM_IC_Start                                  build/stm32f4xx_hal_tim.o
HAL_TIM_IC_Start_DMA                              build/stm32f4xx_hal_tim.o
HAL_TIM_IC_Start_IT                               build/stm32f4xx_hal_tim.o
HAL_TIM_IC_Stop                                   build/stm32f4xx_hal_tim.o
HAL_TIM_IC_Stop_DMA                               build/stm32f4xx_hal_tim.o
HAL_TIM_IC_Stop_IT                                build/stm32f4xx_hal_tim.o
HAL_TIM_IRQHandler                                build/stm32f4xx_hal_tim.o
                                                  build/stm32f4xx_it.o
HAL_TIM_OC_ConfigChannel                          build/stm32f4xx_hal_tim.o
HAL_TIM_OC_DeInit                                 build/stm32f4xx_hal_tim.o
HAL_TIM_OC_DelayElapsedCallback                   build/stm32f4xx_hal_tim.o
HAL_TIM_OC_GetState                               build/stm32f4xx_hal_tim.o
HAL_TIM_OC_Init                                   build/stm32f4xx_hal_tim.o
HAL_TIM_OC_MspDeInit                              build/stm32f4xx_hal_tim.o
HAL_TIM_OC_MspInit                                build/stm32f4xx_hal_tim.o
HAL_TIM_OC_Start                                  build/stm32f4xx_hal_tim.o
HAL_TIM_OC_Start_DMA                              build/stm32f4xx_hal_tim.o
HAL_TIM_OC_Start_IT                               build/stm32f4xx_hal_tim.o
HAL_TIM_OC_Stop                                   build/stm32f4xx_hal_tim.o
HAL_TIM_OC_Stop_DMA                               build/stm32f4xx_hal_tim.o
HAL_TIM_OC_Stop_IT                                build/stm32f4xx_hal_tim.o
HAL_TIM_OnePulse_ConfigChannel                    build/stm32f4xx_hal_tim.o
HAL_TIM_OnePulse_DeInit                           build/stm32f4xx_hal_tim.o
HAL_TIM_OnePulse_GetState                         build/stm32f4xx_hal_tim.o
HAL_TIM_OnePulse_Init                             build/stm32f4xx_hal_tim.o
HAL_TIM_OnePulse_MspDeInit                        build/stm32f4xx_hal_tim.o
HAL_TIM_OnePulse_MspInit                          build/stm32f4xx_hal_tim.o
HAL_TIM_OnePulse_Start                            build/stm32f4xx_hal_tim.o
HAL_TIM_OnePulse_Start_IT                         build/stm32f4xx_hal_tim.o
HAL_TIM_OnePulse_Stop                             build/stm32f4xx_hal_tim.o
HAL_TIM_OnePulse_Stop_IT                          build/stm32f4xx_hal_tim.o
HAL_TIM_PWM_ConfigChannel                         build/stm32f4xx_hal_tim.o
HAL_TIM_PWM_DeInit                                build/stm32f4xx_hal_tim.o
HAL_TIM_PWM_GetState                              build/stm32f4xx_hal_tim.o
HAL_TIM_PWM_Init                                  build/stm32f4xx_hal_tim.o
HAL_TIM_PWM_MspDeInit                             build/stm32f4xx_hal_tim.o
HAL_TIM_PWM_MspInit                               build/stm32f4xx_hal_tim.o
HAL_TIM_PWM_PulseFinishedCallback                 build/stm32f4xx_hal_tim.o
                                                  build/stm32f4xx_hal_tim_ex.o
HAL_TIM_PWM_PulseFinishedHalfCpltCallback         build/stm32f4xx_hal_tim.o
HAL_TIM_PWM_Start                                 build/stm32f4xx_hal_tim.o
HAL_TIM_PWM_Start_DMA                             build/stm32f4xx_hal_tim.o
HAL_TIM_PWM_Start_IT                              build/stm32f4xx_hal_tim.o
HAL_TIM_PWM_Stop                                  build/stm32f4xx_hal_tim.o
HAL_TIM_PWM_Stop_DMA                              build/stm32f4xx_hal_tim.o
HAL_TIM_PWM_Stop_IT                               build/stm32f4xx_hal_tim.o
HAL_TIM_PeriodElapsedCallback                     build/main.o
HAL_TIM_PeriodElapsedHalfCpltCallback             build/stm32f4xx_hal_tim.o
HAL_TIM_ReadCapturedValue                         build/stm32f4xx_hal_tim.o
HAL_TIM_SlaveConfigSynchro                        build/stm32f4xx_hal_tim.o
HAL_TIM_SlaveConfigSynchro_IT                     build/stm32f4xx_hal_tim.o
HAL_TIM_TriggerCallback                           build/stm32f4xx_hal_tim.o
HAL_TIM_TriggerHalfCpltCallback                   build/stm32f4xx_hal_tim.o
HardFault_Handler                                 build/stm32f4xx_it.o
I2C1_ER_IRQHandler                                build/startup_stm32f413xx.o
I2C1_EV_IRQHandler                                build/startup_stm32f413xx.o
I2C2_ER_IRQHandler                                build/startup_stm32f413xx.o
I2C2_EV_IRQHandler                                build/startup_stm32f413xx.o
I2C3_ER_IRQHandler                                build/startup_stm32f413xx.o
I2C3_EV_IRQHandler                                build/startup_stm32f413xx.o
LPTIM1_IRQHandler                                 build/startup_stm32f413xx.o
MemManage_Handler                                 build/stm32f4xx_it.o
NMI_Handler                                       build/stm32f4xx_it.o
OTG_FS_IRQHandler                                 build/startup_stm32f413xx.o
OTG_FS_WKUP_IRQHandler                            build/startup_stm32f413xx.o
PVD_IRQHandler                                    build/startup_stm32f413xx.o
PendSV_Handler                                    build/stm32f4xx_it.o
QUADSPI_IRQHandler                                build/startup_stm32f413xx.o
RCC_IRQHandler                                    build/startup_stm32f413xx.o
RNG_IRQHandler                                    build/startup_stm32f413xx.o