Archive member included to satisfy reference by file (symbol)

/usr/lib/gcc/arm-none-eabi/9.2.1/../../../arm-none-eabi/lib/thumb/v7e-m+fp/hard/libc_nano.a(lib_a-atexit.o)
                              /usr/lib/gcc/arm-none-eabi/9.2.1/../../../arm-none-eabi/lib/thumb/v7e-m+fp/hard/crt0.o (atexit)
/usr/lib/gcc/arm-none-eabi/9.2.1/../../../arm-none-eabi/lib/thumb/v7e-m+fp/hard/libc_nano.a(lib_a-exit.o)
                              /usr/lib/gcc/arm-none-eabi/9.2.1/../../../arm-none-eabi/lib/thumb/v7e-m+fp/hard/crt0.o (exit)
/usr/lib/gcc/arm-none-eabi/9.2.1/../../../arm-none-eabi/lib/thumb/v7e-m+fp/hard/libc_nano.a(lib_a-fini.o)
                              /usr/lib/gcc/arm-none-eabi/9.2.1/../../../arm-none-eabi/lib/thumb/v7e-m+fp/hard/crt0.o (__libc_fini_array)
/usr/lib/gcc/arm-none-eabi/9.2.1/../../../arm-none-eabi/lib/thumb/v7e-m+fp/hard/libc_nano.a(lib_a-impure.o)
                              /usr/lib/gcc/arm-none-eabi/9.2.1/../../../arm-none-eabi/lib/thumb/v7e-m+fp/hard/libc_nano.a(lib_a-exit.o) (_global_impure_ptr)
/usr/lib/gcc/arm-none-eabi/9.2.1/../../../arm-none-eabi/lib/thumb/v7e-m+fp/hard/libc_nano.a(lib_a-init.o)
                              /usr/lib/gcc/arm-none-eabi/9.2.1/../../../arm-none-eabi/lib/thumb/v7e-m+fp/hard/crt0.o (__libc_init_array)
/usr/lib/gcc/arm-none-eabi/9.2.1/../../../arm-none-eabi/lib/thumb/v7e-m+fp/hard/libc_nano.a(lib_a-memset.o)
                              /usr/lib/gcc/arm-none-eabi/9.2.1/../../../arm-none-eabi/lib/thumb/v7e-m+fp/hard/crt0.o (memset)
/usr/lib/gcc/arm-none-eabi/9.2.1/../../../arm-none-eabi/lib/thumb/v7e-m+fp/hard/libc_nano.a(lib_a-__atexit.o)
                              /usr/lib/gcc/arm-none-eabi/9.2.1/../../../arm-none-eabi/lib/thumb/v7e-m+fp/hard/libc_nano.a(lib_a-atexit.o) (__register_exitproc)
/usr/lib/gcc/arm-none-eabi/9.2.1/../../../arm-none-eabi/lib/thumb/v7e-m+fp/hard/libc_nano.a(lib_a-__call_atexit.o)
                              /usr/lib/gcc/arm-none-eabi/9.2.1/../../../arm-none-eabi/lib/thumb/v7e-m+fp/hard/libc_nano.a(lib_a-__atexit.o) (__call_exitprocs)
/usr/lib/gcc/arm-none-eabi/9.2.1/../../../arm-none-eabi/lib/thumb/v7e-m+fp/hard/libnosys.a(_exit.o)
                              /usr/lib/gcc/arm-none-eabi/9.2.1/../../../arm-none-eabi/lib/thumb/v7e-m+fp/hard/libc_nano.a(lib_a-exit.o) (_exit)
/usr/lib/gcc/arm-none-eabi/9.2.1/thumb/v7e-m+fp/hard/libgcc.a(_arm_muldf3.o)
                              build/main.o (__aeabi_dmul)
/usr/lib/gcc/arm-none-eabi/9.2.1/thumb/v7e-m+fp/hard/libgcc.a(_arm_addsubdf3.o)
                              build/main.o (__aeabi_ui2d)
/usr/lib/gcc/arm-none-eabi/9.2.1/thumb/v7e-m+fp/hard/libgcc.a(_arm_cmpdf2.o)
                              build/main.o (__aeabi_dcmplt)
/usr/lib/gcc/arm-none-eabi/9.2.1/thumb/v7e-m+fp/hard/libgcc.a(_aeabi_uldivmod.o)
                              build/stm32f4xx_hal_rcc.o (__aeabi_uldivmod)
/usr/lib/gcc/arm-none-eabi/9.2.1/thumb/v7e-m+fp/hard/libgcc.a(_udivmoddi4.o)
                              /usr/lib/gcc/arm-none-eabi/9.2.1/thumb/v7e-m+fp/hard/libgcc.a(_aeabi_uldivmod.o) (__udivmoddi4)
/usr/lib/gcc/arm-none-eabi/9.2.1/thumb/v7e-m+fp/hard/libgcc.a(_dvmd_tls.o)
                              /usr/lib/gcc/arm-none-eabi/9.2.1/thumb/v7e-m+fp/hard/libgcc.a(_aeabi_uldivmod.o) (__aeabi_ldiv0)

Allocating common symbols
Common symbol       size              file

TxHeader2           0x18              build/main.o
filter0             0x28              build/main.o
filter1             0x28              build/main.o
TxHeader3           0x18              build/main.o
uwTick              0x4               build/stm32f4xx_hal.o
pFlash              0x20              build/stm32f4xx_hal_flash.o
hadc1               0x48              build/main.o
htim13              0x48              build/main.o
canFilter2          0x28              build/main.o
hdma_adc1           0x60              build/main.o
TxData              0x8               build/main.o
TxMailbox           0x4               build/main.o
RxData              0x8               build/main.o
adc_buf             0x8               build/main.o
TxMailbox1          0x4               build/main.o
hcan1               0x28              build/main.o
htim14              0x48              build/main.o
TxHeader            0x18              build/main.o
RxHeader            0x1c              build/main.o
canFilter0          0x28              build/main.o
TxHeader4           0x18              build/main.o

Discarded input sections

 .text          0x0000000000000000        0x0 /usr/lib/gcc/arm-none-eabi/9.2.1/thumb/v7e-m+fp/hard/crti.o
 .data          0x0000000000000000        0x0 /usr/lib/gcc/arm-none-eabi/9.2.1/thumb/v7e-m+fp/hard/crti.o
 .bss           0x0000000000000000        0x0 /usr/lib/gcc/arm-none-eabi/9.2.1/thumb/v7e-m+fp/hard/crti.o
 .data          0x0000000000000000        0x4 /usr/lib/gcc/arm-none-eabi/9.2.1/thumb/v7e-m+fp/hard/crtbegin.o
[...]
Memory Configuration

Name             Origin             Length             Attributes
RAM              0x0000000020000000 0x0000000000050000 xrw
FLASH            0x0000000008000000 0x0000000000100000 xr
*default*        0x0000000000000000 0xffffffffffffffff

Linker script and memory map

LOAD /usr/lib/gcc/arm-none-eabi/9.2.1/thumb/v7e-m+fp/hard/crti.o
LOAD /usr/lib/gcc/arm-none-eabi/9.2.1/thumb/v7e-m+fp/hard/crtbegin.o
LOAD /usr/lib/gcc/arm-none-eabi/9.2.1/../../../arm-none-eabi/lib/thumb/v7e-m+fp/hard/crt0.o
LOAD build/main.o
LOAD build/stm32f4xx_it.o
LOAD build/stm32f4xx_hal_msp.o
LOAD build/stm32f4xx_hal_can.o
LOAD build/stm32f4xx_hal_rcc.o
LOAD build/stm32f4xx_hal_rcc_ex.o
LOAD build/stm32f4xx_hal_flash.o
LOAD build/stm32f4xx_hal_flash_ex.o
LOAD build/stm32f4xx_hal_flash_ramfunc.o
LOAD build/stm32f4xx_hal_gpio.o
LOAD build/stm32f4xx_hal_dma_ex.o
LOAD build/stm32f4xx_hal_dma.o
LOAD build/stm32f4xx_hal_pwr.o
LOAD build/stm32f4xx_hal_pwr_ex.o
LOAD build/stm32f4xx_hal_cortex.o
LOAD build/stm32f4xx_hal.o
LOAD build/stm32f4xx_hal_exti.o
LOAD build/stm32f4xx_hal_tim.o
LOAD build/stm32f4xx_hal_tim_ex.o
LOAD build/system_stm32f4xx.o
LOAD build/stm32f4xx_hal_adc.o
LOAD build/stm32f4xx_hal_adc_ex.o
LOAD build/stm32f4xx_ll_adc.o
LOAD build/startup_stm32f413xx.o
LOAD /usr/lib/gcc/arm-none-eabi/9.2.1/../../../arm-none-eabi/lib/thumb/v7e-m+fp/hard/libc_nano.a
LOAD /usr/lib/gcc/arm-none-eabi/9.2.1/../../../arm-none-eabi/lib/thumb/v7e-m+fp/hard/libm.a
LOAD /usr/lib/gcc/arm-none-eabi/9.2.1/../../../arm-none-eabi/lib/thumb/v7e-m+fp/hard/libnosys.a
START GROUP
LOAD /usr/lib/gcc/arm-none-eabi/9.2.1/thumb/v7e-m+fp/hard/libgcc.a
LOAD /usr/lib/gcc/arm-none-eabi/9.2.1/../../../arm-none-eabi/lib/thumb/v7e-m+fp/hard/libc_nano.a
END GROUP
START GROUP
LOAD /usr/lib/gcc/arm-none-eabi/9.2.1/thumb/v7e-m+fp/hard/libgcc.a
LOAD /usr/lib/gcc/arm-none-eabi/9.2.1/../../../arm-none-eabi/lib/thumb/v7e-m+fp/hard/libc_nano.a
END GROUP
LOAD /usr/lib/gcc/arm-none-eabi/9.2.1/thumb/v7e-m+fp/hard/crtend.o
LOAD /usr/lib/gcc/arm-none-eabi/9.2.1/thumb/v7e-m+fp/hard/crtn.o
                0x0000000020050000                _estack = 0x20050000
                0x0000000000000200                _Min_Heap_Size = 0x200
                0x0000000000000400                _Min_Stack_Size = 0x400

.isr_vector     0x0000000008000000      0x1d8
                0x0000000008000000                . = ALIGN (0x4)
 *(.isr_vector)
 .isr_vector    0x0000000008000000      0x1d8 build/startup_stm32f413xx.o
                0x0000000008000000                g_pfnVectors
                0x00000000080001d8                . = ALIGN (0x4)

.text           0x00000000080001d8     0x3468
                0x00000000080001d8                . = ALIGN (0x4)
 *(.text)
 .text          0x00000000080001d8       0x88 /usr/lib/gcc/arm-none-eabi/9.2.1/thumb/v7e-m+fp/hard/crtbegin.o
 .text          0x0000000008000260       0x48 /usr/lib/gcc/arm-none-eabi/9.2.1/../../../arm-none-eabi/lib/thumb/v7e-m+fp/hard/libc_nano.a(lib_a-init.o)
                0x0000000008000260                __libc_init_array
 .text          0x00000000080002a8       0xa0 /usr/lib/gcc/arm-none-eabi/9.2.1/../../../arm-none-eabi/lib/thumb/v7e-m+fp/hard/libc_nano.a(lib_a-memset.o)
                0x00000000080002a8                memset
 .text          0x0000000008000348      0x254 /usr/lib/gcc/arm-none-eabi/9.2.1/thumb/v7e-m+fp/hard/libgcc.a(_arm_muldf3.o)
                0x0000000008000348                __aeabi_dmul
                0x0000000008000348                __muldf3
 .text          0x000000000800059c      0x378 /usr/lib/gcc/arm-none-eabi/9.2.1/thumb/v7e-m+fp/hard/libgcc.a(_arm_addsubdf3.o)
                0x000000000800059c                __aeabi_drsub
                0x00000000080005a4                __aeabi_dsub
                0x00000000080005a4                __subdf3
                0x00000000080005a8                __adddf3
                0x00000000080005a8                __aeabi_dadd
                0x0000000008000820                __aeabi_ui2d
                0x0000000008000820                __floatunsidf
                0x0000000008000840                __floatsidf
                0x0000000008000840                __aeabi_i2d
                0x0000000008000864                __extendsfdf2
                0x0000000008000864                __aeabi_f2d
                0x00000000080008a8                __aeabi_ul2d
                0x00000000080008a8                __floatundidf
                0x00000000080008b8                __floatdidf
                0x00000000080008b8                __aeabi_l2d
 .text          0x0000000008000914      0x110 /usr/lib/gcc/arm-none-eabi/9.2.1/thumb/v7e-m+fp/hard/libgcc.a(_arm_cmpdf2.o)
                0x0000000008000914                __gtdf2
                0x0000000008000914                __gedf2
                0x000000000800091c                __ltdf2
                0x000000000800091c                __ledf2
                0x0000000008000924                __cmpdf2
                0x0000000008000924                __eqdf2
                0x0000000008000924                __nedf2
                0x00000000080009a0                __aeabi_cdrcmple
                0x00000000080009b0                __aeabi_cdcmple
                0x00000000080009b0                __aeabi_cdcmpeq
                0x00000000080009c0                __aeabi_dcmpeq
                0x00000000080009d4                __aeabi_dcmplt
                0x00000000080009e8                __aeabi_dcmple
                0x00000000080009fc                __aeabi_dcmpge
                0x0000000008000a10                __aeabi_dcmpgt
 .text          0x0000000008000a24       0x30 /usr/lib/gcc/arm-none-eabi/9.2.1/thumb/v7e-m+fp/hard/libgcc.a(_aeabi_uldivmod.o)
                0x0000000008000a24                __aeabi_uldivmod
 .text          0x0000000008000a54      0x2c4 /usr/lib/gcc/arm-none-eabi/9.2.1/thumb/v7e-m+fp/hard/libgcc.a(_udivmoddi4.o)
                0x0000000008000a54                __udivmoddi4
 .text          0x0000000008000d18        0x4 /usr/lib/gcc/arm-none-eabi/9.2.1/thumb/v7e-m+fp/hard/libgcc.a(_dvmd_tls.o)
                0x0000000008000d18                __aeabi_ldiv0
                0x0000000008000d18                __aeabi_idiv0
 *(.text*)
 .text.MX_GPIO_Init
                0x0000000008000d1c       0xcc build/main.o
 .text.MX_DMA_Init
                0x0000000008000de8       0x34 build/main.o
 .text.mapValue
                0x0000000008000e1c       0x1a build/main.o
                0x0000000008000e1c                mapValue
 *fill*         0x0000000008000e36        0x2 
 .text.prechargeControl
                0x0000000008000e38      0x180 build/main.o
                0x0000000008000e38                prechargeControl
 .text.HAL_GPIO_EXTI_Callback
                0x0000000008000fb8       0x20 build/main.o
                0x0000000008000fb8                HAL_GPIO_EXTI_Callback
 .text.HAL_ADC_ConvCpltCallback
                0x0000000008000fd8       0x30 build/main.o
                0x0000000008000fd8                HAL_ADC_ConvCpltCallback
 .text.adc_average
                0x0000000008001008        0x6 build/main.o
                0x0000000008001008                adc_average
 *fill*         0x000000000800100e        0x2 
 .text.getCommandedTorque
                0x0000000008001010       0xd0 build/main.o
                0x0000000008001010                getCommandedTorque
 .text.HAL_TIM_PeriodElapsedCallback
                0x00000000080010e0      0x144 build/main.o
                0x00000000080010e0                HAL_TIM_PeriodElapsedCallback
 .text.Error_Handler
                0x0000000008001224        0x4 build/main.o
                0x0000000008001224                Error_Handler
 .text.MX_CAN1_Init
                0x0000000008001228       0xd8 build/main.o
 .text.MX_ADC1_Init
                0x0000000008001300       0xb0 build/main.o
 .text.MX_TIM14_Init
                0x00000000080013b0       0x30 build/main.o
 .text.MX_TIM13_Init
                0x00000000080013e0       0x30 build/main.o
 .text.SystemClock_Config
                0x0000000008001410       0xa0 build/main.o
                0x0000000008001410                SystemClock_Config
 .text.main     0x00000000080014b0       0xa8 build/main.o
                0x00000000080014b0                main
 .text.HAL_CAN_RxFifo0MsgPendingCallback
                0x0000000008001558       0x88 build/main.o
                0x0000000008001558                HAL_CAN_RxFifo0MsgPendingCallback
 .text.NMI_Handler
                0x00000000080015e0        0x2 build/stm32f4xx_it.o
                0x00000000080015e0                NMI_Handler
 .text.HardFault_Handler
                0x00000000080015e2        0x2 build/stm32f4xx_it.o
                0x00000000080015e2                HardFault_Handler
 .text.MemManage_Handler
                0x00000000080015e4        0x2 build/stm32f4xx_it.o
                0x00000000080015e4                MemManage_Handler
 .text.BusFault_Handler
                0x00000000080015e6        0x2 build/stm32f4xx_it.o
                0x00000000080015e6                BusFault_Handler
 .text.UsageFault_Handler
                0x00000000080015e8        0x2 build/stm32f4xx_it.o
                0x00000000080015e8                UsageFault_Handler
 .text.SVC_Handler
                0x00000000080015ea        0x2 build/stm32f4xx_it.o
                0x00000000080015ea                SVC_Handler
 .text.DebugMon_Handler
                0x00000000080015ec        0x2 build/stm32f4xx_it.o
                0x00000000080015ec                DebugMon_Handler
 .text.PendSV_Handler
                0x00000000080015ee        0x2 build/stm32f4xx_it.o
                0x00000000080015ee                PendSV_Handler
 .text.SysTick_Handler
                0x00000000080015f0        0x8 build/stm32f4xx_it.o
                0x00000000080015f0                SysTick_Handler
 .text.CAN1_TX_IRQHandler
                0x00000000080015f8       0x10 build/stm32f4xx_it.o
                0x00000000080015f8                CAN1_TX_IRQHandler
 .text.CAN1_RX0_IRQHandler
                0x0000000008001608       0x10 build/stm32f4xx_it.o
                0x0000000008001608                CAN1_RX0_IRQHandler
 .text.EXTI15_10_IRQHandler
                0x0000000008001618        0xc build/stm32f4xx_it.o
                0x0000000008001618                EXTI15_10_IRQHandler
 .text.TIM8_UP_TIM13_IRQHandler
                0x0000000008001624       0x10 build/stm32f4xx_it.o
                0x0000000008001624                TIM8_UP_TIM13_IRQHandler
 .text.TIM8_TRG_COM_TIM14_IRQHandler
                0x0000000008001634       0x10 build/stm32f4xx_it.o
                0x0000000008001634                TIM8_TRG_COM_TIM14_IRQHandler
 .text.DMA2_Stream0_IRQHandler
                0x0000000008001644       0x10 build/stm32f4xx_it.o
                0x0000000008001644                DMA2_Stream0_IRQHandler
 .text.HAL_MspInit
                0x0000000008001654       0x38 build/stm32f4xx_hal_msp.o
                0x0000000008001654                HAL_MspInit
 .text.HAL_ADC_MspInit
                0x000000000800168c       0xac build/stm32f4xx_hal_msp.o
                0x000000000800168c                HAL_ADC_MspInit
 .text.HAL_CAN_MspInit
                0x0000000008001738       0x90 build/stm32f4xx_hal_msp.o
                0x0000000008001738                HAL_CAN_MspInit
 .text.HAL_TIM_Base_MspInit
                0x00000000080017c8       0x74 build/stm32f4xx_hal_msp.o
                0x00000000080017c8                HAL_TIM_Base_MspInit
 .text.HAL_CAN_Init
                0x000000000800183c      0x14c build/stm32f4xx_hal_can.o
                0x000000000800183c                HAL_CAN_Init
 .text.HAL_CAN_ConfigFilter
                0x0000000008001988      0x134 build/stm32f4xx_hal_can.o
                0x0000000008001988                HAL_CAN_ConfigFilter
 .text.HAL_CAN_Start
                0x0000000008001abc       0x5c build/stm32f4xx_hal_can.o
                0x0000000008001abc                HAL_CAN_Start
 .text.HAL_CAN_AddTxMessage
                0x0000000008001b18       0xec build/stm32f4xx_hal_can.o
                0x0000000008001b18                HAL_CAN_AddTxMessage
 .text.HAL_CAN_GetRxMessage
                0x0000000008001c04      0x140 build/stm32f4xx_hal_can.o
                0x0000000008001c04                HAL_CAN_GetRxMessage
 .text.HAL_CAN_ActivateNotification
                0x0000000008001d44       0x24 build/stm32f4xx_hal_can.o
                0x0000000008001d44                HAL_CAN_ActivateNotification
 .text.HAL_CAN_TxMailbox0CompleteCallback
                0x0000000008001d68        0x2 build/stm32f4xx_hal_can.o
                0x0000000008001d68                HAL_CAN_TxMailbox0CompleteCallback
 .text.HAL_CAN_TxMailbox1CompleteCallback
                0x0000000008001d6a        0x2 build/stm32f4xx_hal_can.o
                0x0000000008001d6a                HAL_CAN_TxMailbox1CompleteCallback
 .text.HAL_CAN_TxMailbox2CompleteCallback
                0x0000000008001d6c        0x2 build/stm32f4xx_hal_can.o
                0x0000000008001d6c                HAL_CAN_TxMailbox2CompleteCallback
 .text.HAL_CAN_TxMailbox0AbortCallback
                0x0000000008001d6e        0x2 build/stm32f4xx_hal_can.o
                0x0000000008001d6e                HAL_CAN_TxMailbox0AbortCallback
 .text.HAL_CAN_TxMailbox1AbortCallback
                0x0000000008001d70        0x2 build/stm32f4xx_hal_can.o
                0x0000000008001d70                HAL_CAN_TxMailbox1AbortCallback
 .text.HAL_CAN_TxMailbox2AbortCallback
                0x0000000008001d72        0x2 build/stm32f4xx_hal_can.o
                0x0000000008001d72                HAL_CAN_TxMailbox2AbortCallback
 .text.HAL_CAN_RxFifo0FullCallback
                0x0000000008001d74        0x2 build/stm32f4xx_hal_can.o
                0x0000000008001d74                HAL_CAN_RxFifo0FullCallback
 .text.HAL_CAN_RxFifo1MsgPendingCallback
                0x0000000008001d76        0x2 build/stm32f4xx_hal_can.o
                0x0000000008001d76                HAL_CAN_RxFifo1MsgPendingCallback
 .text.HAL_CAN_RxFifo1FullCallback
                0x0000000008001d78        0x2 build/stm32f4xx_hal_can.o
                0x0000000008001d78                HAL_CAN_RxFifo1FullCallback
 .text.HAL_CAN_SleepCallback
                0x0000000008001d7a        0x2 build/stm32f4xx_hal_can.o
                0x0000000008001d7a                HAL_CAN_SleepCallback
 .text.HAL_CAN_WakeUpFromRxMsgCallback
                0x0000000008001d7c        0x2 build/stm32f4xx_hal_can.o
                0x0000000008001d7c                HAL_CAN_WakeUpFromRxMsgCallback
 .text.HAL_CAN_ErrorCallback
                0x0000000008001d7e        0x2 build/stm32f4xx_hal_can.o
                0x0000000008001d7e                HAL_CAN_ErrorCallback
 .text.HAL_CAN_IRQHandler
                0x0000000008001d80      0x24a build/stm32f4xx_hal_can.o
                0x0000000008001d80                HAL_CAN_IRQHandler
 *fill*         0x0000000008001fca        0x2 
 .text.HAL_RCC_GetSysClockFreq
                0x0000000008001fcc       0xa0 build/stm32f4xx_hal_rcc.o
                0x0000000008001fcc                HAL_RCC_GetSysClockFreq
 .text.HAL_RCC_ClockConfig
                0x000000000800206c      0x160 build/stm32f4xx_hal_rcc.o
                0x000000000800206c                HAL_RCC_ClockConfig
 .text.HAL_RCC_OscConfig
                0x00000000080021cc      0x40c build/stm32f4xx_hal_rcc_ex.o
                0x00000000080021cc                HAL_RCC_OscConfig
 .text.HAL_GPIO_Init
                0x00000000080025d8      0x1c8 build/stm32f4xx_hal_gpio.o
                0x00000000080025d8                HAL_GPIO_Init
 .text.HAL_GPIO_ReadPin
                0x00000000080027a0        0xe build/stm32f4xx_hal_gpio.o
                0x00000000080027a0                HAL_GPIO_ReadPin
 .text.HAL_GPIO_WritePin
                0x00000000080027ae        0xc build/stm32f4xx_hal_gpio.o
                0x00000000080027ae                HAL_GPIO_WritePin
 *fill*         0x00000000080027ba        0x2 
 .text.HAL_GPIO_EXTI_IRQHandler
                0x00000000080027bc       0x1c build/stm32f4xx_hal_gpio.o
                0x00000000080027bc                HAL_GPIO_EXTI_IRQHandler
 .text.DMA_SetConfig
                0x00000000080027d8       0x2c build/stm32f4xx_hal_dma.o
 .text.DMA_CalcBaseAndBitshift
                0x0000000008002804       0x44 build/stm32f4xx_hal_dma.o
 .text.DMA_CheckFifoParam
                0x0000000008002848       0x8e build/stm32f4xx_hal_dma.o
 *fill*         0x00000000080028d6        0x2 
 .text.HAL_DMA_Init
                0x00000000080028d8       0xcc build/stm32f4xx_hal_dma.o
                0x00000000080028d8                HAL_DMA_Init
 .text.HAL_DMA_Start_IT
                0x00000000080029a4       0x6a build/stm32f4xx_hal_dma.o
                0x00000000080029a4                HAL_DMA_Start_IT
 *fill*         0x0000000008002a0e        0x2 
 .text.HAL_DMA_IRQHandler
                0x0000000008002a10      0x1dc build/stm32f4xx_hal_dma.o
                0x0000000008002a10                HAL_DMA_IRQHandler
 .text.HAL_NVIC_SetPriorityGrouping
                0x0000000008002bec       0x24 build/stm32f4xx_hal_cortex.o
                0x0000000008002bec                HAL_NVIC_SetPriorityGrouping
 .text.HAL_NVIC_SetPriority
                0x0000000008002c10       0x68 build/stm32f4xx_hal_cortex.o
                0x0000000008002c10                HAL_NVIC_SetPriority
 .text.HAL_NVIC_EnableIRQ
                0x0000000008002c78       0x1c build/stm32f4xx_hal_cortex.o
                0x0000000008002c78                HAL_NVIC_EnableIRQ
 .text.HAL_SYSTICK_Config
                0x0000000008002c94       0x2c build/stm32f4xx_hal_cortex.o
                0x0000000008002c94                HAL_SYSTICK_Config
 .text.HAL_InitTick
                0x0000000008002cc0       0x4c build/stm32f4xx_hal.o
                0x0000000008002cc0                HAL_InitTick
 .text.HAL_Init
                0x0000000008002d0c       0x34 build/stm32f4xx_hal.o
                0x0000000008002d0c                HAL_Init
 .text.HAL_IncTick
                0x0000000008002d40       0x18 build/stm32f4xx_hal.o
                0x0000000008002d40                HAL_IncTick
 .text.HAL_GetTick
                0x0000000008002d58        0xc build/stm32f4xx_hal.o
                0x0000000008002d58                HAL_GetTick
 .text.HAL_TIM_Base_Start_IT
                0x0000000008002d64       0x88 build/stm32f4xx_hal_tim.o
                0x0000000008002d64                HAL_TIM_Base_Start_IT
 .text.HAL_TIM_OC_DelayElapsedCallback
                0x0000000008002dec        0x2 build/stm32f4xx_hal_tim.o
                0x0000000008002dec                HAL_TIM_OC_DelayElapsedCallback
 .text.HAL_TIM_IC_CaptureCallback
                0x0000000008002dee        0x2 build/stm32f4xx_hal_tim.o
                0x0000000008002dee                HAL_TIM_IC_CaptureCallback
 .text.HAL_TIM_PWM_PulseFinishedCallback
                0x0000000008002df0        0x2 build/stm32f4xx_hal_tim.o
                0x0000000008002df0                HAL_TIM_PWM_PulseFinishedCallback
 .text.HAL_TIM_TriggerCallback
                0x0000000008002df2        0x2 build/stm32f4xx_hal_tim.o
                0x0000000008002df2                HAL_TIM_TriggerCallback
 .text.HAL_TIM_IRQHandler
                0x0000000008002df4      0x17a build/stm32f4xx_hal_tim.o
                0x0000000008002df4                HAL_TIM_IRQHandler
 *fill*         0x0000000008002f6e        0x2 
 .text.TIM_Base_SetConfig
                0x0000000008002f70       0xc8 build/stm32f4xx_hal_tim.o
                0x0000000008002f70                TIM_Base_SetConfig
 .text.HAL_TIM_Base_Init
                0x0000000008003038       0x58 build/stm32f4xx_hal_tim.o
                0x0000000008003038                HAL_TIM_Base_Init
 .text.HAL_TIMEx_CommutCallback
                0x0000000008003090        0x2 build/stm32f4xx_hal_tim_ex.o
                0x0000000008003090                HAL_TIMEx_CommutCallback
 .text.HAL_TIMEx_BreakCallback
                0x0000000008003092        0x2 build/stm32f4xx_hal_tim_ex.o
                0x0000000008003092                HAL_TIMEx_BreakCallback
 .text.SystemInit
                0x0000000008003094       0x14 build/system_stm32f4xx.o
                0x0000000008003094                SystemInit
 .text.ADC_Init
                0x00000000080030a8      0x134 build/stm32f4xx_hal_adc.o
 .text.HAL_ADC_Init
                0x00000000080031dc       0x56 build/stm32f4xx_hal_adc.o
                0x00000000080031dc                HAL_ADC_Init
 *fill*         0x0000000008003232        0x2 
 .text.HAL_ADC_Start_DMA
                0x0000000008003234      0x164 build/stm32f4xx_hal_adc.o
                0x0000000008003234                HAL_ADC_Start_DMA
 .text.HAL_ADC_ConvHalfCpltCallback
                0x0000000008003398        0x2 build/stm32f4xx_hal_adc.o
                0x0000000008003398                HAL_ADC_ConvHalfCpltCallback
 .text.ADC_DMAHalfConvCplt
                0x000000000800339a        0xa build/stm32f4xx_hal_adc.o
 .text.HAL_ADC_ErrorCallback
                0x00000000080033a4        0x2 build/stm32f4xx_hal_adc.o
                0x00000000080033a4                HAL_ADC_ErrorCallback
 .text.ADC_DMAError
                0x00000000080033a6       0x16 build/stm32f4xx_hal_adc.o
 .text.ADC_DMAConvCplt
                0x00000000080033bc       0x72 build/stm32f4xx_hal_adc.o
 *fill*         0x000000000800342e        0x2 
 .text.HAL_ADC_ConfigChannel
                0x0000000008003430      0x1a4 build/stm32f4xx_hal_adc.o
                0x0000000008003430                HAL_ADC_ConfigChannel
 .text.Reset_Handler
                0x00000000080035d4       0x50 build/startup_stm32f413xx.o
                0x00000000080035d4                Reset_Handler
 .text.Default_Handler
                0x0000000008003624        0x2 build/startup_stm32f413xx.o
                0x0000000008003624                RTC_Alarm_IRQHandler
                0x0000000008003624                EXTI2_IRQHandler
                0x0000000008003624                TIM8_CC_IRQHandler
                0x0000000008003624                UART8_IRQHandler
                0x0000000008003624                FMPI2C1_EV_IRQHandler
                0x0000000008003624                SPI4_IRQHandler
                0x0000000008003624                TIM1_CC_IRQHandler
                0x0000000008003624                DMA2_Stream5_IRQHandler
                0x0000000008003624                DMA1_Stream5_IRQHandler
                0x0000000008003624                CAN3_RX1_IRQHandler
                0x0000000008003624                PVD_IRQHandler
                0x0000000008003624                SDIO_IRQHandler
                0x0000000008003624                TAMP_STAMP_IRQHandler
                0x0000000008003624                CAN2_RX1_IRQHandler
                0x0000000008003624                EXTI3_IRQHandler
                0x0000000008003624                DFSDM1_FLT1_IRQHandler
                0x0000000008003624                TIM1_UP_TIM10_IRQHandler
                0x0000000008003624                I2C3_ER_IRQHandler
                0x0000000008003624                EXTI0_IRQHandler
                0x0000000008003624                I2C2_EV_IRQHandler
                0x0000000008003624                DMA1_Stream2_IRQHandler
                0x0000000008003624                FPU_IRQHandler
                0x0000000008003624                CAN3_SCE_IRQHandler
                0x0000000008003624                CAN2_SCE_IRQHandler
                0x0000000008003624                DMA2_Stream2_IRQHandler
                0x0000000008003624                SPI1_IRQHandler
                0x0000000008003624                TIM6_DAC_IRQHandler
                0x0000000008003624                TIM1_BRK_TIM9_IRQHandler
                0x0000000008003624                CAN2_RX0_IRQHandler
                0x0000000008003624                DMA2_Stream3_IRQHandler
                0x0000000008003624                USART6_IRQHandler
                0x0000000008003624                CAN3_RX0_IRQHandler
                0x0000000008003624                USART3_IRQHandler
                0x0000000008003624                DFSDM2_FLT3_IRQHandler
                0x0000000008003624                CAN1_RX1_IRQHandler
                0x0000000008003624                UART5_IRQHandler
                0x0000000008003624                TIM4_IRQHandler
                0x0000000008003624                QUADSPI_IRQHandler
                0x0000000008003624                I2C1_EV_IRQHandler
                0x0000000008003624                DMA1_Stream6_IRQHandler
                0x0000000008003624                DMA1_Stream1_IRQHandler
                0x0000000008003624                UART4_IRQHandler
                0x0000000008003624                TIM3_IRQHandler
                0x0000000008003624                RCC_IRQHandler
                0x0000000008003624                UART9_IRQHandler
                0x0000000008003624                TIM8_BRK_TIM12_IRQHandler
                0x0000000008003624                Default_Handler
                0x0000000008003624                ADC_IRQHandler
                0x0000000008003624                DMA1_Stream7_IRQHandler
                0x0000000008003624                DFSDM2_FLT0_IRQHandler
                0x0000000008003624                SPI5_IRQHandler
                0x0000000008003624                TIM7_IRQHandler
                0x0000000008003624                CAN2_TX_IRQHandler
                0x0000000008003624                TIM5_IRQHandler
                0x0000000008003624                DMA2_Stream7_IRQHandler
                0x0000000008003624                I2C3_EV_IRQHandler
                0x0000000008003624                DFSDM2_FLT2_IRQHandler
                0x0000000008003624                EXTI9_5_IRQHandler
                0x0000000008003624                RTC_WKUP_IRQHandler
                0x0000000008003624                SPI2_IRQHandler
                0x0000000008003624                DMA1_Stream0_IRQHandler
                0x0000000008003624                FMPI2C1_ER_IRQHandler
                0x0000000008003624                EXTI4_IRQHandler
                0x0000000008003624                DFSDM2_FLT1_IRQHandler
                0x0000000008003624                RNG_IRQHandler
                0x0000000008003624                FSMC_IRQHandler
                0x0000000008003624                WWDG_IRQHandler
                0x0000000008003624                CAN3_TX_IRQHandler
                0x0000000008003624                TIM2_IRQHandler
                0x0000000008003624                OTG_FS_WKUP_IRQHandler
                0x0000000008003624                TIM1_TRG_COM_TIM11_IRQHandler
                0x0000000008003624                EXTI1_IRQHandler
                0x0000000008003624                UART7_IRQHandler
                0x0000000008003624                USART2_IRQHandler
                0x0000000008003624                DFSDM1_FLT0_IRQHandler
                0x0000000008003624                I2C2_ER_IRQHandler
                0x0000000008003624                DMA2_Stream1_IRQHandler
                0x0000000008003624                CAN1_SCE_IRQHandler
                0x0000000008003624                FLASH_IRQHandler
                0x0000000008003624                DMA2_Stream4_IRQHandler
                0x0000000008003624                USART1_IRQHandler
                0x0000000008003624                OTG_FS_IRQHandler
                0x0000000008003624                SPI3_IRQHandler
                0x0000000008003624                DMA1_Stream4_IRQHandler
                0x0000000008003624                I2C1_ER_IRQHandler
                0x0000000008003624                LPTIM1_IRQHandler
                0x0000000008003624                DMA2_Stream6_IRQHandler
                0x0000000008003624                UART10_IRQHandler
                0x0000000008003624                SAI1_IRQHandler
                0x0000000008003624                DMA1_Stream3_IRQHandler
 *(.glue_7)
 .glue_7        0x0000000008003626        0x0 linker stubs
 *(.glue_7t)
 .glue_7t       0x0000000008003626        0x0 linker stubs
 *(.eh_frame)
 *fill*         0x0000000008003626        0x2 
 .eh_frame      0x0000000008003628        0x0 /usr/lib/gcc/arm-none-eabi/9.2.1/thumb/v7e-m+fp/hard/crtbegin.o
 *(.init)
 .init          0x0000000008003628        0x4 /usr/lib/gcc/arm-none-eabi/9.2.1/thumb/v7e-m+fp/hard/crti.o
                0x0000000008003628                _init
 .init          0x000000000800362c        0x8 /usr/lib/gcc/arm-none-eabi/9.2.1/thumb/v7e-m+fp/hard/crtn.o
 *(.fini)
 .fini          0x0000000008003634        0x4 /usr/lib/gcc/arm-none-eabi/9.2.1/thumb/v7e-m+fp/hard/crti.o
                0x0000000008003634                _fini
 .fini          0x0000000008003638        0x8 /usr/lib/gcc/arm-none-eabi/9.2.1/thumb/v7e-m+fp/hard/crtn.o
                0x0000000008003640                . = ALIGN (0x4)
                0x0000000008003640                _etext = .

.vfp11_veneer   0x0000000008003640        0x0
 .vfp11_veneer  0x0000000008003640        0x0 linker stubs

.v4_bx          0x0000000008003640        0x0
 .v4_bx         0x0000000008003640        0x0 linker stubs

.iplt           0x0000000008003640        0x0
 .iplt          0x0000000008003640        0x0 /usr/lib/gcc/arm-none-eabi/9.2.1/thumb/v7e-m+fp/hard/crtbegin.o

.rodata         0x0000000008003640       0x18
                0x0000000008003640                . = ALIGN (0x4)
 *(.rodata)
 *(.rodata*)
 .rodata.flagBitshiftOffset.8766
                0x0000000008003640        0x8 build/stm32f4xx_hal_dma.o
 .rodata.AHBPrescTable
                0x0000000008003648       0x10 build/system_stm32f4xx.o
                0x0000000008003648                AHBPrescTable
                0x0000000008003658                . = ALIGN (0x4)

.ARM.extab
 *(.ARM.extab* .gnu.linkonce.armextab.*)

.ARM            0x0000000008003658        0x8
                0x0000000008003658                __exidx_start = .
 *(.ARM.exidx*)
 .ARM.exidx     0x0000000008003658        0x8 /usr/lib/gcc/arm-none-eabi/9.2.1/thumb/v7e-m+fp/hard/libgcc.a(_udivmoddi4.o)
                0x0000000008003660                __exidx_end = .

.rel.dyn        0x0000000008003660        0x0
 .rel.iplt      0x0000000008003660        0x0 /usr/lib/gcc/arm-none-eabi/9.2.1/thumb/v7e-m+fp/hard/crtbegin.o

.preinit_array  0x0000000008003660        0x0
                0x0000000008003660                PROVIDE (__preinit_array_start = .)
 *(.preinit_array*)
                0x0000000008003660                PROVIDE (__preinit_array_end = .)

.init_array     0x0000000008003660        0x4
                0x0000000008003660                PROVIDE (__init_array_start = .)
 *(SORT_BY_NAME(.init_array.*))
 *(.init_array*)
 .init_array    0x0000000008003660        0x4 /usr/lib/gcc/arm-none-eabi/9.2.1/thumb/v7e-m+fp/hard/crtbegin.o
                0x0000000008003664                PROVIDE (__init_array_end = .)

.fini_array     0x0000000008003664        0x4
                0x0000000008003664                PROVIDE (__fini_array_start = .)
 *(SORT_BY_NAME(.fini_array.*))
 *(.fini_array*)
 .fini_array    0x0000000008003664        0x4 /usr/lib/gcc/arm-none-eabi/9.2.1/thumb/v7e-m+fp/hard/crtbegin.o
                0x0000000008003668                PROVIDE (__fini_array_end = .)
                0x0000000008003668                _sidata = LOADADDR (.data)

.data           0x0000000020000000       0x10 load address 0x0000000008003668
                0x0000000020000000                . = ALIGN (0x4)
                0x0000000020000000                _sdata = .
 *(.data)
 *(.data*)
 .data.driveMode
                0x0000000020000000        0x4 build/main.o
                0x0000000020000000                driveMode
 .data.pedal1   0x0000000020000004        0x2 build/main.o
                0x0000000020000004                pedal1
 .data.uwTickFreq
                0x0000000020000006        0x1 build/stm32f4xx_hal.o
                0x0000000020000006                uwTickFreq
 *fill*         0x0000000020000007        0x1 
 .data.uwTickPrio
                0x0000000020000008        0x4 build/stm32f4xx_hal.o
                0x0000000020000008                uwTickPrio
 .data.SystemCoreClock
                0x000000002000000c        0x4 build/system_stm32f4xx.o
                0x000000002000000c                SystemCoreClock
                0x0000000020000010                . = ALIGN (0x4)
                0x0000000020000010                _edata = .

.tm_clone_table
                0x0000000020000010        0x0 load address 0x0000000008003678
 .tm_clone_table
                0x0000000020000010        0x0 /usr/lib/gcc/arm-none-eabi/9.2.1/thumb/v7e-m+fp/hard/crtbegin.o
 .tm_clone_table
                0x0000000020000010        0x0 /usr/lib/gcc/arm-none-eabi/9.2.1/thumb/v7e-m+fp/hard/crtend.o

.igot.plt       0x0000000020000010        0x0 load address 0x0000000008003678
 .igot.plt      0x0000000020000010        0x0 /usr/lib/gcc/arm-none-eabi/9.2.1/thumb/v7e-m+fp/hard/crtbegin.o
                0x0000000020000010                . = ALIGN (0x4)

.bss            0x0000000020000010      0x2e4 load address 0x0000000008003678
                0x0000000020000010                _sbss = .
                0x0000000020000010                __bss_start__ = _sbss
 *(.bss)
 .bss           0x0000000020000010       0x1c /usr/lib/gcc/arm-none-eabi/9.2.1/thumb/v7e-m+fp/hard/crtbegin.o
 *(.bss*)
 .bss.bmsFault  0x000000002000002c        0x1 build/main.o
                0x000000002000002c                bmsFault
 *fill*         0x000000002000002d        0x3 
 .bss.bmsVoltage
                0x0000000020000030        0x4 build/main.o
                0x0000000020000030                bmsVoltage
 .bss.brake0    0x0000000020000034        0x2 build/main.o
                0x0000000020000034                brake0
 .bss.brake1    0x0000000020000036        0x2 build/main.o
                0x0000000020000036                brake1
 .bss.brakeAverage
                0x0000000020000038        0x2 build/main.o
                0x0000000020000038                brakeAverage
 .bss.brakeLight
                0x000000002000003a        0x1 build/main.o
                0x000000002000003a                brakeLight
 .bss.buzzerCounter
                0x000000002000003b        0x1 build/main.o
                0x000000002000003b                buzzerCounter
 .bss.buzzerState
                0x000000002000003c        0x1 build/main.o
                0x000000002000003c                buzzerState
 *fill*         0x000000002000003d        0x1 
 .bss.commandedTorque
                0x000000002000003e        0x2 build/main.o
                0x000000002000003e                commandedTorque
 .bss.enableInverter
                0x0000000020000040        0x1 build/main.o
                0x0000000020000040                enableInverter
 .bss.imdFault  0x0000000020000041        0x1 build/main.o
                0x0000000020000041                imdFault
 .bss.lastPrechargeState
                0x0000000020000042        0x1 build/main.o
                0x0000000020000042                lastPrechargeState
 *fill*         0x0000000020000043        0x1 
 .bss.pedal0    0x0000000020000044        0x2 build/main.o
                0x0000000020000044                pedal0
 .bss.pedalAverage
                0x0000000020000046        0x2 build/main.o
                0x0000000020000046                pedalAverage
 .bss.prechargeState
                0x0000000020000048        0x1 build/main.o
                0x0000000020000048                prechargeState
 .bss.ready_to_drive
                0x0000000020000049        0x1 build/main.o
                0x0000000020000049                ready_to_drive
 .bss.rinehartUpdate
                0x000000002000004a        0x1 build/main.o
                0x000000002000004a                rinehartUpdate
 *fill*         0x000000002000004b        0x1 
 .bss.rinehartVoltage
                0x000000002000004c        0x4 build/main.o
                0x000000002000004c                rinehartVoltage
 .bss.switch_cooling
                0x0000000020000050        0x1 build/main.o
                0x0000000020000050                switch_cooling
 .bss.switch_direction
                0x0000000020000051        0x1 build/main.o
                0x0000000020000051                switch_direction
 *(COMMON)
 *fill*         0x0000000020000052        0x2 
 COMMON         0x0000000020000054      0x29c build/main.o
                0x0000000020000054                TxHeader2
                0x000000002000006c                filter0
                0x0000000020000094                filter1
                0x00000000200000bc                TxHeader3
                0x00000000200000d4                hadc1
                0x000000002000011c                htim13
                0x0000000020000164                canFilter2
                0x000000002000018c                hdma_adc1
                0x00000000200001ec                TxData
                0x00000000200001f4                TxMailbox
                0x00000000200001f8                RxData
                0x0000000020000200                adc_buf
                0x0000000020000208                TxMailbox1
                0x000000002000020c                hcan1
                0x0000000020000234                htim14
                0x000000002000027c                TxHeader
                0x0000000020000294                RxHeader
                0x00000000200002b0                canFilter0
                0x00000000200002d8                TxHeader4
 COMMON         0x00000000200002f0        0x4 build/stm32f4xx_hal.o
                0x00000000200002f0                uwTick
                0x00000000200002f4                . = ALIGN (0x4)
                0x00000000200002f4                _ebss = .
                0x00000000200002f4                __bss_end__ = _ebss

._user_heap_stack
                0x00000000200002f4      0x604 load address 0x0000000008003678
                0x00000000200002f8                . = ALIGN (0x8)
 *fill*         0x00000000200002f4        0x4 
                [!provide]                        PROVIDE (end = .)
                [!provide]                        PROVIDE (_end = .)
                0x00000000200004f8                . = (. + _Min_Heap_Size)
 *fill*         0x00000000200002f8      0x200 
                0x00000000200008f8                . = (. + _Min_Stack_Size)
 *fill*         0x00000000200004f8      0x400 
                0x00000000200008f8                . = ALIGN (0x8)

/DISCARD/
 libc.a(*)
 libm.a(*)
 libgcc.a(*)

.ARM.attributes
                0x0000000000000000       0x30
 *(.ARM.attributes)
 .ARM.attributes
                0x0000000000000000       0x1e /usr/lib/gcc/arm-none-eabi/9.2.1/thumb/v7e-m+fp/hard/crti.o
 .ARM.attributes
                0x000000000000001e       0x34 /usr/lib/gcc/arm-none-eabi/9.2.1/thumb/v7e-m+fp/hard/crtbegin.o
 .ARM.attributes
                0x0000000000000052       0x34 build/main.o
 .ARM.attributes
                0x0000000000000086       0x34 build/stm32f4xx_it.o
 .ARM.attributes
                0x00000000000000ba       0x34 build/stm32f4xx_hal_msp.o
 .ARM.attributes
                0x00000000000000ee       0x34 build/stm32f4xx_hal_can.o
 .ARM.attributes
                0x0000000000000122       0x34 build/stm32f4xx_hal_rcc.o
 .ARM.attributes
                0x0000000000000156       0x34 build/stm32f4xx_hal_rcc_ex.o
 .ARM.attributes
                0x000000000000018a       0x34 build/stm32f4xx_hal_gpio.o
 .ARM.attributes
                0x00000000000001be       0x34 build/stm32f4xx_hal_dma.o
 .ARM.attributes
                0x00000000000001f2       0x34 build/stm32f4xx_hal_cortex.o
 .ARM.attributes
                0x0000000000000226       0x34 build/stm32f4xx_hal.o
 .ARM.attributes
                0x000000000000025a       0x34 build/stm32f4xx_hal_tim.o
 .ARM.attributes
                0x000000000000028e       0x34 build/stm32f4xx_hal_tim_ex.o
 .ARM.attributes
                0x00000000000002c2       0x34 build/system_stm32f4xx.o
 .ARM.attributes
                0x00000000000002f6       0x34 build/stm32f4xx_hal_adc.o
 .ARM.attributes
                0x000000000000032a       0x21 build/startup_stm32f413xx.o
 .ARM.attributes
                0x000000000000034b       0x34 /usr/lib/gcc/arm-none-eabi/9.2.1/../../../arm-none-eabi/lib/thumb/v7e-m+fp/hard/libc_nano.a(lib_a-init.o)
 .ARM.attributes
                0x000000000000037f       0x34 /usr/lib/gcc/arm-none-eabi/9.2.1/../../../arm-none-eabi/lib/thumb/v7e-m+fp/hard/libc_nano.a(lib_a-memset.o)
 .ARM.attributes
                0x00000000000003b3       0x1e /usr/lib/gcc/arm-none-eabi/9.2.1/thumb/v7e-m+fp/hard/libgcc.a(_arm_muldf3.o)
 .ARM.attributes
                0x00000000000003d1       0x1e /usr/lib/gcc/arm-none-eabi/9.2.1/thumb/v7e-m+fp/hard/libgcc.a(_arm_addsubdf3.o)
 .ARM.attributes
                0x00000000000003ef       0x1e /usr/lib/gcc/arm-none-eabi/9.2.1/thumb/v7e-m+fp/hard/libgcc.a(_arm_cmpdf2.o)
 .ARM.attributes
                0x000000000000040d       0x1e /usr/lib/gcc/arm-none-eabi/9.2.1/thumb/v7e-m+fp/hard/libgcc.a(_aeabi_uldivmod.o)
 .ARM.attributes
                0x000000000000042b       0x34 /usr/lib/gcc/arm-none-eabi/9.2.1/thumb/v7e-m+fp/hard/libgcc.a(_udivmoddi4.o)
 .ARM.attributes
                0x000000000000045f       0x1e /usr/lib/gcc/arm-none-eabi/9.2.1/thumb/v7e-m+fp/hard/libgcc.a(_dvmd_tls.o)
 .ARM.attributes
                0x000000000000047d       0x32 /usr/lib/gcc/arm-none-eabi/9.2.1/thumb/v7e-m+fp/hard/crtend.o
 .ARM.attributes
                0x00000000000004af       0x1e /usr/lib/gcc/arm-none-eabi/9.2.1/thumb/v7e-m+fp/hard/crtn.o
OUTPUT(build/driver-control.elf elf32-littlearm)
LOAD linker stubs
LOAD /usr/lib/gcc/arm-none-eabi/9.2.1/../../../arm-none-eabi/lib/thumb/v7e-m+fp/hard/libc.a
LOAD /usr/lib/gcc/arm-none-eabi/9.2.1/../../../arm-none-eabi/lib/thumb/v7e-m+fp/hard/libm.a
LOAD /usr/lib/gcc/arm-none-eabi/9.2.1/thumb/v7e-m+fp/hard/libgcc.a

.comment        0x0000000000000000       0xa7
 .comment       0x0000000000000000       0x59 /usr/lib/gcc/arm-none-eabi/9.2.1/thumb/v7e-m+fp/hard/crtbegin.o
                                         0x5a (size before relaxing)
 .comment       0x0000000000000059       0x5a build/main.o
 .comment       0x0000000000000059       0x5a build/stm32f4xx_it.o
 .comment       0x0000000000000059       0x5a build/stm32f4xx_hal_msp.o
 .comment       0x0000000000000059       0x5a build/stm32f4xx_hal_can.o
 .comment       0x0000000000000059       0x5a build/stm32f4xx_hal_rcc.o
 .comment       0x0000000000000059       0x5a build/stm32f4xx_hal_rcc_ex.o
 .comment       0x0000000000000059       0x5a build/stm32f4xx_hal_gpio.o
 .comment       0x0000000000000059       0x5a build/stm32f4xx_hal_dma.o
 .comment       0x0000000000000059       0x5a build/stm32f4xx_hal_cortex.o
 .comment       0x0000000000000059       0x5a build/stm32f4xx_hal.o
 .comment       0x0000000000000059       0x5a build/stm32f4xx_hal_tim.o
 .comment       0x0000000000000059       0x5a build/stm32f4xx_hal_tim_ex.o
 .comment       0x0000000000000059       0x5a build/system_stm32f4xx.o
 .comment       0x0000000000000059       0x5a build/stm32f4xx_hal_adc.o
 .comment       0x0000000000000059       0x4e /usr/lib/gcc/arm-none-eabi/9.2.1/../../../arm-none-eabi/lib/thumb/v7e-m+fp/hard/libc_nano.a(lib_a-init.o)
                                         0x4f (size before relaxing)
 .comment       0x00000000000000a7       0x4f /usr/lib/gcc/arm-none-eabi/9.2.1/../../../arm-none-eabi/lib/thumb/v7e-m+fp/hard/libc_nano.a(lib_a-memset.o)
 .comment       0x00000000000000a7       0x5a /usr/lib/gcc/arm-none-eabi/9.2.1/thumb/v7e-m+fp/hard/libgcc.a(_udivmoddi4.o)
 .comment       0x00000000000000a7       0x5a /usr/lib/gcc/arm-none-eabi/9.2.1/thumb/v7e-m+fp/hard/crtend.o

.debug_info     0x0000000000000000    0x14646
 .debug_info    0x0000000000000000     0x2768 build/main.o
 .debug_info    0x0000000000002768      0xe3e build/stm32f4xx_it.o
 .debug_info    0x00000000000035a6     0x1900 build/stm32f4xx_hal_msp.o
 .debug_info    0x0000000000004ea6     0x1459 build/stm32f4xx_hal_can.o
 .debug_info    0x00000000000062ff      0xc5b build/stm32f4xx_hal_rcc.o
 .debug_info    0x0000000000006f5a      0xbf4 build/stm32f4xx_hal_rcc_ex.o
 .debug_info    0x0000000000007b4e      0x97e build/stm32f4xx_hal_gpio.o
 .debug_info    0x00000000000084cc      0xc67 build/stm32f4xx_hal_dma.o
 .debug_info    0x0000000000009133     0x1268 build/stm32f4xx_hal_cortex.o
 .debug_info    0x000000000000a39b      0xbcc build/stm32f4xx_hal.o
 .debug_info    0x000000000000af67     0x4121 build/stm32f4xx_hal_tim.o
 .debug_info    0x000000000000f088     0x2047 build/stm32f4xx_hal_tim_ex.o
 .debug_info    0x00000000000110cf      0x65c build/system_stm32f4xx.o
 .debug_info    0x000000000001172b     0x1084 build/stm32f4xx_hal_adc.o
 .debug_info    0x00000000000127af       0x22 build/startup_stm32f413xx.o
 .debug_info    0x00000000000127d1      0x11a /usr/lib/gcc/arm-none-eabi/9.2.1/../../../arm-none-eabi/lib/thumb/v7e-m+fp/hard/libc_nano.a(lib_a-init.o)
 .debug_info    0x00000000000128eb      0xf21 /usr/lib/gcc/arm-none-eabi/9.2.1/../../../arm-none-eabi/lib/thumb/v7e-m+fp/hard/libc_nano.a(lib_a-memset.o)
 .debug_info    0x000000000001380c       0x26 /usr/lib/gcc/arm-none-eabi/9.2.1/thumb/v7e-m+fp/hard/libgcc.a(_arm_muldf3.o)
 .debug_info    0x0000000000013832       0x26 /usr/lib/gcc/arm-none-eabi/9.2.1/thumb/v7e-m+fp/hard/libgcc.a(_arm_addsubdf3.o)
 .debug_info    0x0000000000013858       0x26 /usr/lib/gcc/arm-none-eabi/9.2.1/thumb/v7e-m+fp/hard/libgcc.a(_arm_cmpdf2.o)
 .debug_info    0x000000000001387e       0x26 /usr/lib/gcc/arm-none-eabi/9.2.1/thumb/v7e-m+fp/hard/libgcc.a(_aeabi_uldivmod.o)
 .debug_info    0x00000000000138a4      0xd7c /usr/lib/gcc/arm-none-eabi/9.2.1/thumb/v7e-m+fp/hard/libgcc.a(_udivmoddi4.o)
 .debug_info    0x0000000000014620       0x26 /usr/lib/gcc/arm-none-eabi/9.2.1/thumb/v7e-m+fp/hard/libgcc.a(_dvmd_tls.o)

.debug_abbrev   0x0000000000000000     0x28ef
 .debug_abbrev  0x0000000000000000      0x3a3 build/main.o
 .debug_abbrev  0x00000000000003a3      0x1fd build/stm32f4xx_it.o
 .debug_abbrev  0x00000000000005a0      0x257 build/stm32f4xx_hal_msp.o
 .debug_abbrev  0x00000000000007f7      0x2af build/stm32f4xx_hal_can.o
 .debug_abbrev  0x0000000000000aa6      0x2cd build/stm32f4xx_hal_rcc.o
 .debug_abbrev  0x0000000000000d73      0x1f5 build/stm32f4xx_hal_rcc_ex.o
 .debug_abbrev  0x0000000000000f68      0x258 build/stm32f4xx_hal_gpio.o
 .debug_abbrev  0x00000000000011c0      0x312 build/stm32f4xx_hal_dma.o
 .debug_abbrev  0x00000000000014d2      0x3a8 build/stm32f4xx_hal_cortex.o
 .debug_abbrev  0x000000000000187a      0x21c build/stm32f4xx_hal.o
 .debug_abbrev  0x0000000000001a96      0x2af build/stm32f4xx_hal_tim.o
 .debug_abbrev  0x0000000000001d45      0x2c5 build/stm32f4xx_hal_tim_ex.o
 .debug_abbrev  0x000000000000200a      0x14a build/system_stm32f4xx.o
 .debug_abbrev  0x0000000000002154      0x2be build/stm32f4xx_hal_adc.o
 .debug_abbrev  0x0000000000002412       0x12 build/startup_stm32f413xx.o
 .debug_abbrev  0x0000000000002424       0xcc /usr/lib/gcc/arm-none-eabi/9.2.1/../../../arm-none-eabi/lib/thumb/v7e-m+fp/hard/libc_nano.a(lib_a-init.o)
 .debug_abbrev  0x00000000000024f0      0x1d9 /usr/lib/gcc/arm-none-eabi/9.2.1/../../../arm-none-eabi/lib/thumb/v7e-m+fp/hard/libc_nano.a(lib_a-memset.o)
 .debug_abbrev  0x00000000000026c9       0x14 /usr/lib/gcc/arm-none-eabi/9.2.1/thumb/v7e-m+fp/hard/libgcc.a(_arm_muldf3.o)
 .debug_abbrev  0x00000000000026dd       0x14 /usr/lib/gcc/arm-none-eabi/9.2.1/thumb/v7e-m+fp/hard/libgcc.a(_arm_addsubdf3.o)
 .debug_abbrev  0x00000000000026f1       0x14 /usr/lib/gcc/arm-none-eabi/9.2.1/thumb/v7e-m+fp/hard/libgcc.a(_arm_cmpdf2.o)
 .debug_abbrev  0x0000000000002705       0x14 /usr/lib/gcc/arm-none-eabi/9.2.1/thumb/v7e-m+fp/hard/libgcc.a(_aeabi_uldivmod.o)
 .debug_abbrev  0x0000000000002719      0x1c2 /usr/lib/gcc/arm-none-eabi/9.2.1/thumb/v7e-m+fp/hard/libgcc.a(_udivmoddi4.o)
 .debug_abbrev  0x00000000000028db       0x14 /usr/lib/gcc/arm-none-eabi/9.2.1/thumb/v7e-m+fp/hard/libgcc.a(_dvmd_tls.o)

.debug_loc      0x0000000000000000     0xe493
 .debug_loc     0x0000000000000000      0x3d9 build/main.o
 .debug_loc     0x00000000000003d9       0xe0 build/stm32f4xx_it.o
 .debug_loc     0x00000000000004b9      0x30b build/stm32f4xx_hal_msp.o
 .debug_loc     0x00000000000007c4      0xf61 build/stm32f4xx_hal_can.o
 .debug_loc     0x0000000000001725      0x6c7 build/stm32f4xx_hal_rcc.o
 .debug_loc     0x0000000000001dec      0xb95 build/stm32f4xx_hal_rcc_ex.o
 .debug_loc     0x0000000000002981      0x5db build/stm32f4xx_hal_gpio.o
 .debug_loc     0x0000000000002f5c      0xd6d build/stm32f4xx_hal_dma.o
 .debug_loc     0x0000000000003cc9      0x7d4 build/stm32f4xx_hal_cortex.o
 .debug_loc     0x000000000000449d      0x1e1 build/stm32f4xx_hal.o
 .debug_loc     0x000000000000467e     0x5b36 build/stm32f4xx_hal_tim.o
 .debug_loc     0x000000000000a1b4     0x218b build/stm32f4xx_hal_tim_ex.o
 .debug_loc     0x000000000000c33f      0x16c build/system_stm32f4xx.o
 .debug_loc     0x000000000000c4ab      0xd5b build/stm32f4xx_hal_adc.o
 .debug_loc     0x000000000000d206       0xba /usr/lib/gcc/arm-none-eabi/9.2.1/../../../arm-none-eabi/lib/thumb/v7e-m+fp/hard/libc_nano.a(lib_a-init.o)
 .debug_loc     0x000000000000d2c0      0x231 /usr/lib/gcc/arm-none-eabi/9.2.1/../../../arm-none-eabi/lib/thumb/v7e-m+fp/hard/libc_nano.a(lib_a-memset.o)
 .debug_loc     0x000000000000d4f1      0xfa2 /usr/lib/gcc/arm-none-eabi/9.2.1/thumb/v7e-m+fp/hard/libgcc.a(_udivmoddi4.o)

.debug_aranges  0x0000000000000000      0xd90
 .debug_aranges
                0x0000000000000000       0xa0 build/main.o
 .debug_aranges
                0x00000000000000a0       0x90 build/stm32f4xx_it.o
 .debug_aranges
                0x0000000000000130       0x50 build/stm32f4xx_hal_msp.o
 .debug_aranges
                0x0000000000000180      0x138 build/stm32f4xx_hal_can.o
 .debug_aranges
                0x00000000000002b8       0x88 build/stm32f4xx_hal_rcc.o
 .debug_aranges
                0x0000000000000340       0x60 build/stm32f4xx_hal_rcc_ex.o
 .debug_aranges
                0x00000000000003a0       0x58 build/stm32f4xx_hal_gpio.o
 .debug_aranges
                0x00000000000003f8       0x90 build/stm32f4xx_hal_dma.o
 .debug_aranges
                0x0000000000000488       0xa8 build/stm32f4xx_hal_cortex.o
 .debug_aranges
                0x0000000000000530       0xf0 build/stm32f4xx_hal.o
 .debug_aranges
                0x0000000000000620      0x3d0 build/stm32f4xx_hal_tim.o
 .debug_aranges
                0x00000000000009f0      0x168 build/stm32f4xx_hal_tim_ex.o
 .debug_aranges
                0x0000000000000b58       0x28 build/system_stm32f4xx.o
 .debug_aranges
                0x0000000000000b80       0xe8 build/stm32f4xx_hal_adc.o
 .debug_aranges
                0x0000000000000c68       0x28 build/startup_stm32f413xx.o
 .debug_aranges
                0x0000000000000c90       0x20 /usr/lib/gcc/arm-none-eabi/9.2.1/../../../arm-none-eabi/lib/thumb/v7e-m+fp/hard/libc_nano.a(lib_a-init.o)
 .debug_aranges
                0x0000000000000cb0       0x20 /usr/lib/gcc/arm-none-eabi/9.2.1/../../../arm-none-eabi/lib/thumb/v7e-m+fp/hard/libc_nano.a(lib_a-memset.o)
 .debug_aranges
                0x0000000000000cd0       0x20 /usr/lib/gcc/arm-none-eabi/9.2.1/thumb/v7e-m+fp/hard/libgcc.a(_arm_muldf3.o)
 .debug_aranges
                0x0000000000000cf0       0x20 /usr/lib/gcc/arm-none-eabi/9.2.1/thumb/v7e-m+fp/hard/libgcc.a(_arm_addsubdf3.o)
 .debug_aranges
                0x0000000000000d10       0x20 /usr/lib/gcc/arm-none-eabi/9.2.1/thumb/v7e-m+fp/hard/libgcc.a(_arm_cmpdf2.o)
 .debug_aranges
                0x0000000000000d30       0x20 /usr/lib/gcc/arm-none-eabi/9.2.1/thumb/v7e-m+fp/hard/libgcc.a(_aeabi_uldivmod.o)
 .debug_aranges
                0x0000000000000d50       0x20 /usr/lib/gcc/arm-none-eabi/9.2.1/thumb/v7e-m+fp/hard/libgcc.a(_udivmoddi4.o)
 .debug_aranges
                0x0000000000000d70       0x20 /usr/lib/gcc/arm-none-eabi/9.2.1/thumb/v7e-m+fp/hard/libgcc.a(_dvmd_tls.o)

.debug_ranges   0x0000000000000000      0xd00
 .debug_ranges  0x0000000000000000       0x90 build/main.o
 .debug_ranges  0x0000000000000090       0x80 build/stm32f4xx_it.o
 .debug_ranges  0x0000000000000110       0x40 build/stm32f4xx_hal_msp.o
 .debug_ranges  0x0000000000000150      0x128 build/stm32f4xx_hal_can.o
 .debug_ranges  0x0000000000000278       0x90 build/stm32f4xx_hal_rcc.o
 .debug_ranges  0x0000000000000308       0x68 build/stm32f4xx_hal_rcc_ex.o
 .debug_ranges  0x0000000000000370       0x48 build/stm32f4xx_hal_gpio.o
 .debug_ranges  0x00000000000003b8       0x80 build/stm32f4xx_hal_dma.o
 .debug_ranges  0x0000000000000438       0xf8 build/stm32f4xx_hal_cortex.o
 .debug_ranges  0x0000000000000530       0xe0 build/stm32f4xx_hal.o
 .debug_ranges  0x0000000000000610      0x3c0 build/stm32f4xx_hal_tim.o
 .debug_ranges  0x00000000000009d0      0x158 build/stm32f4xx_hal_tim_ex.o
 .debug_ranges  0x0000000000000b28       0x18 build/system_stm32f4xx.o
 .debug_ranges  0x0000000000000b40       0xd8 build/stm32f4xx_hal_adc.o
 .debug_ranges  0x0000000000000c18       0x20 build/startup_stm32f413xx.o
 .debug_ranges  0x0000000000000c38       0xc8 /usr/lib/gcc/arm-none-eabi/9.2.1/thumb/v7e-m+fp/hard/libgcc.a(_udivmoddi4.o)

.debug_line     0x0000000000000000     0xe637
 .debug_line    0x0000000000000000      0xd14 build/main.o
 .debug_line    0x0000000000000d14      0x33a build/stm32f4xx_it.o
 .debug_line    0x000000000000104e      0x42b build/stm32f4xx_hal_msp.o
 .debug_line    0x0000000000001479     0x10aa build/stm32f4xx_hal_can.o
 .debug_line    0x0000000000002523      0xaaf build/stm32f4xx_hal_rcc.o
 .debug_line    0x0000000000002fd2      0xf2c build/stm32f4xx_hal_rcc_ex.o
 .debug_line    0x0000000000003efe      0x69b build/stm32f4xx_hal_gpio.o
 .debug_line    0x0000000000004599      0xdc7 build/stm32f4xx_hal_dma.o
 .debug_line    0x0000000000005360      0x718 build/stm32f4xx_hal_cortex.o
 .debug_line    0x0000000000005a78      0x4db build/stm32f4xx_hal.o
 .debug_line    0x0000000000005f53     0x4a73 build/stm32f4xx_hal_tim.o
 .debug_line    0x000000000000a9c6     0x1cab build/stm32f4xx_hal_tim_ex.o
 .debug_line    0x000000000000c671      0x1fc build/system_stm32f4xx.o
 .debug_line    0x000000000000c86d      0xfb3 build/stm32f4xx_hal_adc.o
 .debug_line    0x000000000000d820       0x76 build/startup_stm32f413xx.o
 .debug_line    0x000000000000d896      0x10d /usr/lib/gcc/arm-none-eabi/9.2.1/../../../arm-none-eabi/lib/thumb/v7e-m+fp/hard/libc_nano.a(lib_a-init.o)
 .debug_line    0x000000000000d9a3      0x26b /usr/lib/gcc/arm-none-eabi/9.2.1/../../../arm-none-eabi/lib/thumb/v7e-m+fp/hard/libc_nano.a(lib_a-memset.o)
 .debug_line    0x000000000000dc0e      0x10c /usr/lib/gcc/arm-none-eabi/9.2.1/thumb/v7e-m+fp/hard/libgcc.a(_arm_muldf3.o)
 .debug_line    0x000000000000dd1a      0x186 /usr/lib/gcc/arm-none-eabi/9.2.1/thumb/v7e-m+fp/hard/libgcc.a(_arm_addsubdf3.o)
 .debug_line    0x000000000000dea0       0xbd /usr/lib/gcc/arm-none-eabi/9.2.1/thumb/v7e-m+fp/hard/libgcc.a(_arm_cmpdf2.o)
 .debug_line    0x000000000000df5d       0x60 /usr/lib/gcc/arm-none-eabi/9.2.1/thumb/v7e-m+fp/hard/libgcc.a(_aeabi_uldivmod.o)
 .debug_line    0x000000000000dfbd      0x61a /usr/lib/gcc/arm-none-eabi/9.2.1/thumb/v7e-m+fp/hard/libgcc.a(_udivmoddi4.o)
 .debug_line    0x000000000000e5d7       0x60 /usr/lib/gcc/arm-none-eabi/9.2.1/thumb/v7e-m+fp/hard/libgcc.a(_dvmd_tls.o)

.debug_str      0x0000000000000000     0x6003
 .debug_str     0x0000000000000000     0x1927 build/main.o
                                       0x1a4a (size before relaxing)
 .debug_str     0x0000000000001927      0x191 build/stm32f4xx_it.o
                                        0xbb5 (size before relaxing)
 .debug_str     0x0000000000001ab8       0xe3 build/stm32f4xx_hal_msp.o
                                       0x13c1 (size before relaxing)
 .debug_str     0x0000000000001b9b      0x3e2 build/stm32f4xx_hal_can.o
                                        0xb19 (size before relaxing)
 .debug_str     0x0000000000001f7d      0x1cf build/stm32f4xx_hal_rcc.o
                                        0x79f (size before relaxing)
 .debug_str     0x000000000000214c      0x2e7 build/stm32f4xx_hal_rcc_ex.o
                                        0x80a (size before relaxing)
 .debug_str     0x0000000000002433       0xe4 build/stm32f4xx_hal_gpio.o
                                        0x5d6 (size before relaxing)
 .debug_str     0x0000000000002517      0x2d2 build/stm32f4xx_hal_dma.o
                                        0x834 (size before relaxing)
 .debug_str     0x00000000000027e9      0x4c9 build/stm32f4xx_hal_cortex.o
                                        0xd9a (size before relaxing)
 .debug_str     0x0000000000002cb2      0x229 build/stm32f4xx_hal.o
                                        0xc7f (size before relaxing)
 .debug_str     0x0000000000002edb      0xe61 build/stm32f4xx_hal_tim.o
                                       0x178e (size before relaxing)
 .debug_str     0x0000000000003d3c      0x59f build/stm32f4xx_hal_tim_ex.o
                                       0x10c4 (size before relaxing)
 .debug_str     0x00000000000042db       0x47 build/system_stm32f4xx.o
                                        0x43b (size before relaxing)
 .debug_str     0x0000000000004322      0x269 build/stm32f4xx_hal_adc.o
                                        0xa06 (size before relaxing)
 .debug_str     0x000000000000458b       0x22 build/startup_stm32f413xx.o
                                         0x67 (size before relaxing)
 .debug_str     0x00000000000045ad      0x18e /usr/lib/gcc/arm-none-eabi/9.2.1/../../../arm-none-eabi/lib/thumb/v7e-m+fp/hard/libc_nano.a(lib_a-init.o)
                                        0x229 (size before relaxing)
 .debug_str     0x000000000000473b      0x6ef /usr/lib/gcc/arm-none-eabi/9.2.1/../../../arm-none-eabi/lib/thumb/v7e-m+fp/hard/libc_nano.a(lib_a-memset.o)
                                        0x90f (size before relaxing)
 .debug_str     0x0000000000004e2a       0x9c /usr/lib/gcc/arm-none-eabi/9.2.1/thumb/v7e-m+fp/hard/libgcc.a(_arm_muldf3.o)
                                         0xa8 (size before relaxing)
 .debug_str     0x0000000000004ec6       0xa8 /usr/lib/gcc/arm-none-eabi/9.2.1/thumb/v7e-m+fp/hard/libgcc.a(_arm_addsubdf3.o)
 .debug_str     0x0000000000004ec6       0xa8 /usr/lib/gcc/arm-none-eabi/9.2.1/thumb/v7e-m+fp/hard/libgcc.a(_arm_cmpdf2.o)
 .debug_str     0x0000000000004ec6       0x2c /usr/lib/gcc/arm-none-eabi/9.2.1/thumb/v7e-m+fp/hard/libgcc.a(_aeabi_uldivmod.o)
                                         0xa3 (size before relaxing)
 .debug_str     0x0000000000004ef2     0x10e1 /usr/lib/gcc/arm-none-eabi/9.2.1/thumb/v7e-m+fp/hard/libgcc.a(_udivmoddi4.o)
                                       0x11e6 (size before relaxing)
 .debug_str     0x0000000000005fd3       0x30 /usr/lib/gcc/arm-none-eabi/9.2.1/thumb/v7e-m+fp/hard/libgcc.a(_dvmd_tls.o)
                                         0xa7 (size before relaxing)

.debug_frame    0x0000000000000000     0x22fc
 .debug_frame   0x0000000000000000      0x1bc build/main.o
 .debug_frame   0x00000000000001bc      0x138 build/stm32f4xx_it.o
 .debug_frame   0x00000000000002f4       0xd4 build/stm32f4xx_hal_msp.o
 .debug_frame   0x00000000000003c8      0x2dc build/stm32f4xx_hal_can.o
 .debug_frame   0x00000000000006a4      0x174 build/stm32f4xx_hal_rcc.o
 .debug_frame   0x0000000000000818      0x100 build/stm32f4xx_hal_rcc_ex.o
 .debug_frame   0x0000000000000918       0xd8 build/stm32f4xx_hal_gpio.o
 .debug_frame   0x00000000000009f0      0x188 build/stm32f4xx_hal_dma.o
 .debug_frame   0x0000000000000b78      0x15c build/stm32f4xx_hal_cortex.o
 .debug_frame   0x0000000000000cd4      0x1ec build/stm32f4xx_hal.o
 .debug_frame   0x0000000000000ec0      0xb18 build/stm32f4xx_hal_tim.o
 .debug_frame   0x00000000000019d8      0x428 build/stm32f4xx_hal_tim_ex.o
 .debug_frame   0x0000000000001e00       0x30 build/system_stm32f4xx.o
 .debug_frame   0x0000000000001e30      0x268 build/stm32f4xx_hal_adc.o
 .debug_frame   0x0000000000002098       0x2c /usr/lib/gcc/arm-none-eabi/9.2.1/../../../arm-none-eabi/lib/thumb/v7e-m+fp/hard/libc_nano.a(lib_a-init.o)
 .debug_frame   0x00000000000020c4       0x38 /usr/lib/gcc/arm-none-eabi/9.2.1/../../../arm-none-eabi/lib/thumb/v7e-m+fp/hard/libc_nano.a(lib_a-memset.o)
 .debug_frame   0x00000000000020fc       0x30 /usr/lib/gcc/arm-none-eabi/9.2.1/thumb/v7e-m+fp/hard/libgcc.a(_arm_muldf3.o)
 .debug_frame   0x000000000000212c       0xac /usr/lib/gcc/arm-none-eabi/9.2.1/thumb/v7e-m+fp/hard/libgcc.a(_arm_addsubdf3.o)
 .debug_frame   0x00000000000021d8       0xc4 /usr/lib/gcc/arm-none-eabi/9.2.1/thumb/v7e-m+fp/hard/libgcc.a(_arm_cmpdf2.o)
 .debug_frame   0x000000000000229c       0x2c /usr/lib/gcc/arm-none-eabi/9.2.1/thumb/v7e-m+fp/hard/libgcc.a(_aeabi_uldivmod.o)
 .debug_frame   0x00000000000022c8       0x34 /usr/lib/gcc/arm-none-eabi/9.2.1/thumb/v7e-m+fp/hard/libgcc.a(_udivmoddi4.o)

Cross Reference Table

Symbol                                            File
ADC_IRQHandler                                    build/startup_stm32f413xx.o
AHBPrescTable                                     build/system_stm32f4xx.o
                                                  build/stm32f4xx_hal_rcc.o
APBPrescTable                                     build/system_stm32f4xx.o
                                                  build/stm32f4xx_hal_rcc.o
BusFault_Handler                                  build/stm32f4xx_it.o
CAN1_RX0_IRQHandler                               build/stm32f4xx_it.o
CAN1_RX1_IRQHandler                               build/startup_stm32f413xx.o
CAN1_SCE_IRQHandler                               build/startup_stm32f413xx.o
CAN1_TX_IRQHandler                                build/stm32f4xx_it.o
CAN2_RX0_IRQHandler                               build/startup_stm32f413xx.o
CAN2_RX1_IRQHandler                               build/startup_stm32f413xx.o
CAN2_SCE_IRQHandler                               build/startup_stm32f413xx.o
CAN2_TX_IRQHandler                                build/startup_stm32f413xx.o
CAN3_RX0_IRQHandler                               build/startup_stm32f413xx.o
CAN3_RX1_IRQHandler                               build/startup_stm32f413xx.o
CAN3_SCE_IRQHandler                               build/startup_stm32f413xx.o
CAN3_TX_IRQHandler                                build/startup_stm32f413xx.o
DFSDM1_FLT0_IRQHandler                            build/startup_stm32f413xx.o
DFSDM1_FLT1_IRQHandler                            build/startup_stm32f413xx.o
DFSDM2_FLT0_IRQHandler                            build/startup_stm32f413xx.o
DFSDM2_FLT1_IRQHandler                            build/startup_stm32f413xx.o
DFSDM2_FLT2_IRQHandler                            build/startup_stm32f413xx.o
DFSDM2_FLT3_IRQHandler                            build/startup_stm32f413xx.o
DMA1_Stream0_IRQHandler                           build/startup_stm32f413xx.o
DMA1_Stream1_IRQHandler                           build/startup_stm32f413xx.o
DMA1_Stream2_IRQHandler                           build/startup_stm32f413xx.o
DMA1_Stream3_IRQHandler                           build/startup_stm32f413xx.o
DMA1_Stream4_IRQHandler                           build/startup_stm32f413xx.o
DMA1_Stream5_IRQHandler                           build/startup_stm32f413xx.o
DMA1_Stream6_IRQHandler                           build/startup_stm32f413xx.o
DMA1_Stream7_IRQHandler                           build/startup_stm32f413xx.o
DMA2_Stream0_IRQHandler                           build/stm32f4xx_it.o
DMA2_Stream1_IRQHandler                           build/startup_stm32f413xx.o
DMA2_Stream2_IRQHandler                           build/startup_stm32f413xx.o
DMA2_Stream3_IRQHandler                           build/startup_stm32f413xx.o
DMA2_Stream4_IRQHandler                           build/startup_stm32f413xx.o
DMA2_Stream5_IRQHandler                           build/startup_stm32f413xx.o
DMA2_Stream6_IRQHandler                           build/startup_stm32f413xx.o
DMA2_Stream7_IRQHandler                           build/startup_stm32f413xx.o
DebugMon_Handler                                  build/stm32f4xx_it.o
Default_Handler                                   build/startup_stm32f413xx.o
EXTI0_IRQHandler                                  build/startup_stm32f413xx.o
EXTI15_10_IRQHandler                              build/stm32f4xx_it.o
EXTI1_IRQHandler                                  build/startup_stm32f413xx.o
EXTI2_IRQHandler                                  build/startup_stm32f413xx.o
EXTI3_IRQHandler                                  build/startup_stm32f413xx.o
EXTI4_IRQHandler                                  build/startup_stm32f413xx.o
EXTI9_5_IRQHandler                                build/startup_stm32f413xx.o
Error_Handler                                     build/main.o
                                                  build/stm32f4xx_hal_msp.o
FLASH_Erase_Sector                                build/stm32f4xx_hal_flash_ex.o
                                                  build/stm32f4xx_hal_flash.o
FLASH_FlushCaches                                 build/stm32f4xx_hal_flash_ex.o
                                                  build/stm32f4xx_hal_flash.o
FLASH_IRQHandler                                  build/startup_stm32f413xx.o
FLASH_WaitForLastOperation                        build/stm32f4xx_hal_flash.o
                                                  build/stm32f4xx_hal_flash_ex.o
FMPI2C1_ER_IRQHandler                             build/startup_stm32f413xx.o
FMPI2C1_EV_IRQHandler                             build/startup_stm32f413xx.o
FPU_IRQHandler                                    build/startup_stm32f413xx.o
FSMC_IRQHandler                                   build/startup_stm32f413xx.o
HAL_ADCEx_InjectedConfigChannel                   build/stm32f4xx_hal_adc_ex.o
HAL_ADCEx_InjectedConvCpltCallback                build/stm32f4xx_hal_adc_ex.o
                                                  build/stm32f4xx_hal_adc.o
HAL_ADCEx_InjectedGetValue                        build/stm32f4xx_hal_adc_ex.o
HAL_ADCEx_InjectedPollForConversion               build/stm32f4xx_hal_adc_ex.o
HAL_ADCEx_InjectedStart                           build/stm32f4xx_hal_adc_ex.o
HAL_ADCEx_InjectedStart_IT                        build/stm32f4xx_hal_adc_ex.o
HAL_ADCEx_InjectedStop                            build/stm32f4xx_hal_adc_ex.o
HAL_ADCEx_InjectedStop_IT                         build/stm32f4xx_hal_adc_ex.o
HAL_ADCEx_MultiModeConfigChannel                  build/stm32f4xx_hal_adc_ex.o
HAL_ADCEx_MultiModeGetValue                       build/stm32f4xx_hal_adc_ex.o
HAL_ADCEx_MultiModeStart_DMA                      build/stm32f4xx_hal_adc_ex.o
HAL_ADCEx_MultiModeStop_DMA                       build/stm32f4xx_hal_adc_ex.o
HAL_ADC_AnalogWDGConfig                           build/stm32f4xx_hal_adc.o
HAL_ADC_ConfigChannel                             build/stm32f4xx_hal_adc.o
                                                  build/main.o
HAL_ADC_ConvCpltCallback                          build/main.o
                                                  build/stm32f4xx_hal_adc_ex.o
HAL_ADC_ConvHalfCpltCallback                      build/stm32f4xx_hal_adc.o
                                                  build/stm32f4xx_hal_adc_ex.o
HAL_ADC_DeInit                                    build/stm32f4xx_hal_adc.o
HAL_ADC_ErrorCallback                             build/stm32f4xx_hal_adc.o
                                                  build/stm32f4xx_hal_adc_ex.o
HAL_ADC_GetError                                  build/stm32f4xx_hal_adc.o
HAL_ADC_GetState                                  build/stm32f4xx_hal_adc.o
HAL_ADC_GetValue                                  build/stm32f4xx_hal_adc.o
HAL_ADC_IRQHandler                                build/stm32f4xx_hal_adc.o
HAL_ADC_Init                                      build/stm32f4xx_hal_adc.o
                                                  build/main.o
HAL_ADC_LevelOutOfWindowCallback                  build/stm32f4xx_hal_adc.o
HAL_ADC_MspDeInit                                 build/stm32f4xx_hal_msp.o
HAL_ADC_MspInit                                   build/stm32f4xx_hal_msp.o
HAL_ADC_PollForConversion                         build/stm32f4xx_hal_adc.o
HAL_ADC_PollForEvent                              build/stm32f4xx_hal_adc.o
HAL_ADC_Start                                     build/stm32f4xx_hal_adc.o
HAL_ADC_Start_DMA                                 build/stm32f4xx_hal_adc.o
                                                  build/main.o
HAL_ADC_Start_IT                                  build/stm32f4xx_hal_adc.o
HAL_ADC_Stop                                      build/stm32f4xx_hal_adc.o
HAL_ADC_Stop_DMA                                  build/stm32f4xx_hal_adc.o
HAL_ADC_Stop_IT                                   build/stm32f4xx_hal_adc.o
HAL_CAN_AbortTxRequest                            build/stm32f4xx_hal_can.o
HAL_CAN_ActivateNotification                      build/stm32f4xx_hal_can.o
                                                  build/main.o
HAL_CAN_AddTxMessage                              build/stm32f4xx_hal_can.o
                                                  build/main.o
HAL_CAN_ConfigFilter                              build/stm32f4xx_hal_can.o
                                                  build/main.o
HAL_CAN_DeInit                                    build/stm32f4xx_hal_can.o
HAL_CAN_DeactivateNotification                    build/stm32f4xx_hal_can.o
HAL_CAN_ErrorCallback                             build/stm32f4xx_hal_can.o
HAL_CAN_GetError                                  build/stm32f4xx_hal_can.o
HAL_CAN_GetRxFifoFillLevel                        build/stm32f4xx_hal_can.o
HAL_CAN_GetRxMessage                              build/stm32f4xx_hal_can.o
                                                  build/main.o
HAL_CAN_GetState                                  build/stm32f4xx_hal_can.o
HAL_CAN_GetTxMailboxesFreeLevel                   build/stm32f4xx_hal_can.o
HAL_CAN_GetTxTimestamp                            build/stm32f4xx_hal_can.o
HAL_CAN_IRQHandler                                build/stm32f4xx_hal_can.o
                                                  build/stm32f4xx_it.o
HAL_CAN_Init                                      build/stm32f4xx_hal_can.o
                                                  build/main.o
HAL_CAN_IsSleepActive                             build/stm32f4xx_hal_can.o
HAL_CAN_IsTxMessagePending                        build/stm32f4xx_hal_can.o
HAL_CAN_MspDeInit                                 build/stm32f4xx_hal_msp.o
HAL_CAN_MspInit                                   build/stm32f4xx_hal_msp.o
HAL_CAN_RequestSleep                              build/stm32f4xx_hal_can.o
HAL_CAN_ResetError                                build/stm32f4xx_hal_can.o
HAL_CAN_RxFifo0FullCallback                       build/stm32f4xx_hal_can.o
HAL_CAN_RxFifo0MsgPendingCallback                 build/main.o
HAL_CAN_RxFifo1FullCallback                       build/stm32f4xx_hal_can.o
HAL_CAN_RxFifo1MsgPendingCallback                 build/stm32f4xx_hal_can.o
HAL_CAN_SleepCallback                             build/stm32f4xx_hal_can.o
HAL_CAN_Start                                     build/stm32f4xx_hal_can.o
                                                  build/main.o
HAL_CAN_Stop                                      build/stm32f4xx_hal_can.o
HAL_CAN_TxMailbox0AbortCallback                   build/stm32f4xx_hal_can.o
HAL_CAN_TxMailbox0CompleteCallback                build/stm32f4xx_hal_can.o
HAL_CAN_TxMailbox1AbortCallback                   build/stm32f4xx_hal_can.o
HAL_CAN_TxMailbox1CompleteCallback                build/stm32f4xx_hal_can.o
HAL_CAN_TxMailbox2AbortCallback                   build/stm32f4xx_hal_can.o
HAL_CAN_TxMailbox2CompleteCallback                build/stm32f4xx_hal_can.o
HAL_CAN_WakeUp                                    build/stm32f4xx_hal_can.o
HAL_CAN_WakeUpFromRxMsgCallback                   build/stm32f4xx_hal_can.o
HAL_DBGMCU_DisableDBGSleepMode                    build/stm32f4xx_hal.o
HAL_DBGMCU_DisableDBGStandbyMode                  build/stm32f4xx_hal.o
HAL_DBGMCU_DisableDBGStopMode                     build/stm32f4xx_hal.o
HAL_DBGMCU_EnableDBGSleepMode                     build/stm32f4xx_hal.o
HAL_DBGMCU_EnableDBGStandbyMode                   build/stm32f4xx_hal.o
HAL_DBGMCU_EnableDBGStopMode                      build/stm32f4xx_hal.o
HAL_DMAEx_ChangeMemory                            build/stm32f4xx_hal_dma_ex.o
HAL_DMAEx_MultiBufferStart                        build/stm32f4xx_hal_dma_ex.o
HAL_DMAEx_MultiBufferStart_IT                     build/stm32f4xx_hal_dma_ex.o
HAL_DMA_Abort                                     build/stm32f4xx_hal_dma.o
                                                  build/stm32f4xx_hal_adc_ex.o
                                                  build/stm32f4xx_hal_adc.o
HAL_DMA_Abort_IT                                  build/stm32f4xx_hal_dma.o
                                                  build/stm32f4xx_hal_tim_ex.o
                                                  build/stm32f4xx_hal_tim.o
HAL_DMA_DeInit                                    build/stm32f4xx_hal_dma.o
                                                  build/stm32f4xx_hal_msp.o
HAL_DMA_GetError                                  build/stm32f4xx_hal_dma.o
HAL_DMA_GetState                                  build/stm32f4xx_hal_dma.o
HAL_DMA_IRQHandler                                build/stm32f4xx_hal_dma.o
                                                  build/stm32f4xx_it.o
HAL_DMA_Init                                      build/stm32f4xx_hal_dma.o
                                                  build/stm32f4xx_hal_msp.o
HAL_DMA_PollForTransfer                           build/stm32f4xx_hal_dma.o
HAL_DMA_RegisterCallback                          build/stm32f4xx_hal_dma.o
HAL_DMA_Start                                     build/stm32f4xx_hal_dma.o
HAL_DMA_Start_IT                                  build/stm32f4xx_hal_dma.o
                                                  build/stm32f4xx_hal_adc_ex.o
                                                  build/stm32f4xx_hal_adc.o
                                                  build/stm32f4xx_hal_tim_ex.o
                                                  build/stm32f4xx_hal_tim.o
HAL_DMA_UnRegisterCallback                        build/stm32f4xx_hal_dma.o
HAL_DeInit                                        build/stm32f4xx_hal.o
HAL_Delay                                         build/stm32f4xx_hal.o
HAL_DisableCompensationCell                       build/stm32f4xx_hal.o
HAL_EXTI_ClearConfigLine                          build/stm32f4xx_hal_exti.o
HAL_EXTI_ClearPending                             build/stm32f4xx_hal_exti.o
HAL_EXTI_GenerateSWI                              build/stm32f4xx_hal_exti.o
HAL_EXTI_GetConfigLine                            build/stm32f4xx_hal_exti.o
HAL_EXTI_GetHandle                                build/stm32f4xx_hal_exti.o
HAL_EXTI_GetPending                               build/stm32f4xx_hal_exti.o
HAL_EXTI_IRQHandler                               build/stm32f4xx_hal_exti.o
HAL_EXTI_RegisterCallback                         build/stm32f4xx_hal_exti.o
HAL_EXTI_SetConfigLine                            build/stm32f4xx_hal_exti.o
HAL_EnableCompensationCell                        build/stm32f4xx_hal.o
HAL_FLASHEx_AdvOBGetConfig                        build/stm32f4xx_hal_flash_ex.o
HAL_FLASHEx_AdvOBProgram                          build/stm32f4xx_hal_flash_ex.o
HAL_FLASHEx_Erase                                 build/stm32f4xx_hal_flash_ex.o
HAL_FLASHEx_Erase_IT                              build/stm32f4xx_hal_flash_ex.o
HAL_FLASHEx_OBGetConfig                           build/stm32f4xx_hal_flash_ex.o
HAL_FLASHEx_OBProgram                             build/stm32f4xx_hal_flash_ex.o
HAL_FLASHEx_OB_DeSelectPCROP                      build/stm32f4xx_hal_flash_ex.o
HAL_FLASHEx_OB_SelectPCROP                        build/stm32f4xx_hal_flash_ex.o
HAL_FLASH_EndOfOperationCallback                  build/stm32f4xx_hal_flash.o
HAL_FLASH_GetError                                build/stm32f4xx_hal_flash.o
HAL_FLASH_IRQHandler                              build/stm32f4xx_hal_flash.o
HAL_FLASH_Lock                                    build/stm32f4xx_hal_flash.o
HAL_FLASH_OB_Launch                               build/stm32f4xx_hal_flash.o
HAL_FLASH_OB_Lock                                 build/stm32f4xx_hal_flash.o
HAL_FLASH_OB_Unlock                               build/stm32f4xx_hal_flash.o
HAL_FLASH_OperationErrorCallback                  build/stm32f4xx_hal_flash.o
HAL_FLASH_Program                                 build/stm32f4xx_hal_flash.o
HAL_FLASH_Program_IT                              build/stm32f4xx_hal_flash.o
HAL_FLASH_Unlock                                  build/stm32f4xx_hal_flash.o
HAL_GPIO_DeInit                                   build/stm32f4xx_hal_gpio.o
                                                  build/stm32f4xx_hal_msp.o
HAL_GPIO_EXTI_Callback                            build/main.o
HAL_GPIO_EXTI_IRQHandler                          build/stm32f4xx_hal_gpio.o
                                                  build/stm32f4xx_it.o
HAL_GPIO_Init                                     build/stm32f4xx_hal_gpio.o
                                                  build/stm32f4xx_hal_rcc.o
                                                  build/stm32f4xx_hal_msp.o
                                                  build/main.o
HAL_GPIO_LockPin                                  build/stm32f4xx_hal_gpio.o
HAL_GPIO_ReadPin                                  build/stm32f4xx_hal_gpio.o
                                                  build/main.o
HAL_GPIO_TogglePin                                build/stm32f4xx_hal_gpio.o
HAL_GPIO_WritePin                                 build/stm32f4xx_hal_gpio.o
                                                  build/main.o
HAL_GetDEVID                                      build/stm32f4xx_hal.o
HAL_GetHalVersion                                 build/stm32f4xx_hal.o
HAL_GetREVID                                      build/stm32f4xx_hal.o
HAL_GetTick                                       build/stm32f4xx_hal.o
                                                  build/stm32f4xx_hal_adc_ex.o
                                                  build/stm32f4xx_hal_adc.o
                                                  build/stm32f4xx_hal_pwr_ex.o
                                                  build/stm32f4xx_hal_dma.o
                                                  build/stm32f4xx_hal_flash.o
                                                  build/stm32f4xx_hal_rcc_ex.o
                                                  build/stm32f4xx_hal_rcc.o
                                                  build/stm32f4xx_hal_can.o
HAL_GetTickFreq                                   build/stm32f4xx_hal.o
HAL_GetTickPrio                                   build/stm32f4xx_hal.o
HAL_GetUIDw0                                      build/stm32f4xx_hal.o
HAL_GetUIDw1                                      build/stm32f4xx_hal.o
HAL_GetUIDw2                                      build/stm32f4xx_hal.o
HAL_IncTick                                       build/stm32f4xx_hal.o
                                                  build/stm32f4xx_it.o
HAL_Init                                          build/stm32f4xx_hal.o
                                                  build/main.o
HAL_InitTick                                      build/stm32f4xx_hal.o
                                                  build/stm32f4xx_hal_rcc_ex.o
                                                  build/stm32f4xx_hal_rcc.o
HAL_MPU_ConfigRegion                              build/stm32f4xx_hal_cortex.o
HAL_MPU_Disable                                   build/stm32f4xx_hal_cortex.o
HAL_MPU_Enable                                    build/stm32f4xx_hal_cortex.o
HAL_MspDeInit                                     build/stm32f4xx_hal.o
HAL_MspInit                                       build/stm32f4xx_hal_msp.o
HAL_NVIC_ClearPendingIRQ                          build/stm32f4xx_hal_cortex.o
HAL_NVIC_DisableIRQ                               build/stm32f4xx_hal_cortex.o
                                                  build/stm32f4xx_hal_msp.o
HAL_NVIC_EnableIRQ                                build/stm32f4xx_hal_cortex.o
                                                  build/stm32f4xx_hal_msp.o
                                                  build/main.o
HAL_NVIC_GetActive                                build/stm32f4xx_hal_cortex.o
HAL_NVIC_GetPendingIRQ                            build/stm32f4xx_hal_cortex.o
HAL_NVIC_GetPriority                              build/stm32f4xx_hal_cortex.o
HAL_NVIC_GetPriorityGrouping                      build/stm32f4xx_hal_cortex.o
HAL_NVIC_SetPendingIRQ                            build/stm32f4xx_hal_cortex.o
HAL_NVIC_SetPriority                              build/stm32f4xx_hal_cortex.o
                                                  build/stm32f4xx_hal.o
                                                  build/stm32f4xx_hal_msp.o
                                                  build/main.o
HAL_NVIC_SetPriorityGrouping                      build/stm32f4xx_hal_cortex.o
                                                  build/stm32f4xx_hal.o
HAL_NVIC_SystemReset                              build/stm32f4xx_hal_cortex.o
HAL_PWREx_ControlVoltageScaling                   build/stm32f4xx_hal_pwr_ex.o
HAL_PWREx_DisableBkUpReg                          build/stm32f4xx_hal_pwr_ex.o
HAL_PWREx_DisableFlashPowerDown                   build/stm32f4xx_hal_pwr_ex.o
HAL_PWREx_DisableLowRegulatorLowVoltage           build/stm32f4xx_hal_pwr_ex.o
HAL_PWREx_DisableMainRegulatorLowVoltage          build/stm32f4xx_hal_pwr_ex.o
HAL_PWREx_EnableBkUpReg                           build/stm32f4xx_hal_pwr_ex.o
HAL_PWREx_EnableFlashPowerDown                    build/stm32f4xx_hal_pwr_ex.o
HAL_PWREx_EnableLowRegulatorLowVoltage            build/stm32f4xx_hal_pwr_ex.o
HAL_PWREx_EnableMainRegulatorLowVoltage           build/stm32f4xx_hal_pwr_ex.o
HAL_PWREx_GetVoltageRange                         build/stm32f4xx_hal_pwr_ex.o
HAL_PWR_ConfigPVD                                 build/stm32f4xx_hal_pwr.o
HAL_PWR_DeInit                                    build/stm32f4xx_hal_pwr.o
HAL_PWR_DisableBkUpAccess                         build/stm32f4xx_hal_pwr.o
HAL_PWR_DisablePVD                                build/stm32f4xx_hal_pwr.o
HAL_PWR_DisableSEVOnPend                          build/stm32f4xx_hal_pwr.o
HAL_PWR_DisableSleepOnExit                        build/stm32f4xx_hal_pwr.o
HAL_PWR_DisableWakeUpPin                          build/stm32f4xx_hal_pwr.o
HAL_PWR_EnableBkUpAccess                          build/stm32f4xx_hal_pwr.o
HAL_PWR_EnablePVD                                 build/stm32f4xx_hal_pwr.o
HAL_PWR_EnableSEVOnPend                           build/stm32f4xx_hal_pwr.o
HAL_PWR_EnableSleepOnExit                         build/stm32f4xx_hal_pwr.o
HAL_PWR_EnableWakeUpPin                           build/stm32f4xx_hal_pwr.o
HAL_PWR_EnterSLEEPMode                            build/stm32f4xx_hal_pwr.o
HAL_PWR_EnterSTANDBYMode                          build/stm32f4xx_hal_pwr.o
HAL_PWR_EnterSTOPMode                             build/stm32f4xx_hal_pwr.o
HAL_PWR_PVDCallback                               build/stm32f4xx_hal_pwr.o
HAL_PWR_PVD_IRQHandler                            build/stm32f4xx_hal_pwr.o
HAL_RCCEx_DisablePLLI2S                           build/stm32f4xx_hal_rcc_ex.o
HAL_RCCEx_EnablePLLI2S                            build/stm32f4xx_hal_rcc_ex.o
HAL_RCCEx_GetPeriphCLKConfig                      build/stm32f4xx_hal_rcc_ex.o
HAL_RCCEx_GetPeriphCLKFreq                        build/stm32f4xx_hal_rcc_ex.o
HAL_RCCEx_PeriphCLKConfig                         build/stm32f4xx_hal_rcc_ex.o
HAL_RCCEx_SelectLSEMode                           build/stm32f4xx_hal_rcc_ex.o
HAL_RCC_CSSCallback                               build/stm32f4xx_hal_rcc.o
HAL_RCC_ClockConfig                               build/stm32f4xx_hal_rcc.o
                                                  build/main.o
HAL_RCC_DeInit                                    build/stm32f4xx_hal_rcc_ex.o
                                                  build/stm32f4xx_hal_rcc.o
HAL_RCC_DisableCSS                                build/stm32f4xx_hal_rcc.o
HAL_RCC_EnableCSS                                 build/stm32f4xx_hal_rcc.o
HAL_RCC_GetClockConfig                            build/stm32f4xx_hal_rcc.o
HAL_RCC_GetHCLKFreq                               build/stm32f4xx_hal_rcc.o
HAL_RCC_GetOscConfig                              build/stm32f4xx_hal_rcc_ex.o
                                                  build/stm32f4xx_hal_rcc.o
HAL_RCC_GetPCLK1Freq                              build/stm32f4xx_hal_rcc.o
HAL_RCC_GetPCLK2Freq                              build/stm32f4xx_hal_rcc.o
HAL_RCC_GetSysClockFreq                           build/stm32f4xx_hal_rcc.o
HAL_RCC_MCOConfig                                 build/stm32f4xx_hal_rcc.o
HAL_RCC_NMI_IRQHandler                            build/stm32f4xx_hal_rcc.o
HAL_RCC_OscConfig                                 build/stm32f4xx_hal_rcc_ex.o
                                                  build/stm32f4xx_hal_rcc.o
                                                  build/main.o
HAL_ResumeTick                                    build/stm32f4xx_hal.o
HAL_SYSTICK_CLKSourceConfig                       build/stm32f4xx_hal_cortex.o
HAL_SYSTICK_Callback                              build/stm32f4xx_hal_cortex.o
HAL_SYSTICK_Config                                build/stm32f4xx_hal_cortex.o
                                                  build/stm32f4xx_hal.o
HAL_SYSTICK_IRQHandler                            build/stm32f4xx_hal_cortex.o
HAL_SetTickFreq                                   build/stm32f4xx_hal.o
HAL_SuspendTick                                   build/stm32f4xx_hal.o
HAL_TIMEx_BreakCallback                           build/stm32f4xx_hal_tim_ex.o
                                                  build/stm32f4xx_hal_tim.o
HAL_TIMEx_CommutCallback                          build/stm32f4xx_hal_tim_ex.o
                                                  build/stm32f4xx_hal_tim.o
HAL_TIMEx_CommutHalfCpltCallback                  build/stm32f4xx_hal_tim_ex.o
HAL_TIMEx_ConfigBreakDeadTime                     build/stm32f4xx_hal_tim_ex.o
HAL_TIMEx_ConfigCommutEvent                       build/stm32f4xx_hal_tim_ex.o
HAL_TIMEx_ConfigCommutEvent_DMA                   build/stm32f4xx_hal_tim_ex.o
HAL_TIMEx_ConfigCommutEvent_IT                    build/stm32f4xx_hal_tim_ex.o
HAL_TIMEx_GetChannelNState                        build/stm32f4xx_hal_tim_ex.o
HAL_TIMEx_HallSensor_DeInit                       build/stm32f4xx_hal_tim_ex.o
HAL_TIMEx_HallSensor_GetState                     build/stm32f4xx_hal_tim_ex.o
HAL_TIMEx_HallSensor_Init                         build/stm32f4xx_hal_tim_ex.o
HAL_TIMEx_HallSensor_MspDeInit                    build/stm32f4xx_hal_tim_ex.o
HAL_TIMEx_HallSensor_MspInit                      build/stm32f4xx_hal_tim_ex.o
HAL_TIMEx_HallSensor_Start                        build/stm32f4xx_hal_tim_ex.o
HAL_TIMEx_HallSensor_Start_DMA                    build/stm32f4xx_hal_tim_ex.o
HAL_TIMEx_HallSensor_Start_IT                     build/stm32f4xx_hal_tim_ex.o
HAL_TIMEx_HallSensor_Stop                         build/stm32f4xx_hal_tim_ex.o
HAL_TIMEx_HallSensor_Stop_DMA                     build/stm32f4xx_hal_tim_ex.o
HAL_TIMEx_HallSensor_Stop_IT                      build/stm32f4xx_hal_tim_ex.o
HAL_TIMEx_MasterConfigSynchronization             build/stm32f4xx_hal_tim_ex.o
HAL_TIMEx_OCN_Start                               build/stm32f4xx_hal_tim_ex.o
HAL_TIMEx_OCN_Start_DMA                           build/stm32f4xx_hal_tim_ex.o
HAL_TIMEx_OCN_Start_IT                            build/stm32f4xx_hal_tim_ex.o
HAL_TIMEx_OCN_Stop                                build/stm32f4xx_hal_tim_ex.o
HAL_TIMEx_OCN_Stop_DMA                            build/stm32f4xx_hal_tim_ex.o
HAL_TIMEx_OCN_Stop_IT                             build/stm32f4xx_hal_tim_ex.o
HAL_TIMEx_OnePulseN_Start                         build/stm32f4xx_hal_tim_ex.o
HAL_TIMEx_OnePulseN_Start_IT                      build/stm32f4xx_hal_tim_ex.o
HAL_TIMEx_OnePulseN_Stop                          build/stm32f4xx_hal_tim_ex.o
HAL_TIMEx_OnePulseN_Stop_IT                       build/stm32f4xx_hal_tim_ex.o
HAL_TIMEx_PWMN_Start                              build/stm32f4xx_hal_tim_ex.o
HAL_TIMEx_PWMN_Start_DMA                          build/stm32f4xx_hal_tim_ex.o
HAL_TIMEx_PWMN_Start_IT                           build/stm32f4xx_hal_tim_ex.o
HAL_TIMEx_PWMN_Stop                               build/stm32f4xx_hal_tim_ex.o
HAL_TIMEx_PWMN_Stop_DMA                           build/stm32f4xx_hal_tim_ex.o
HAL_TIMEx_PWMN_Stop_IT                            build/stm32f4xx_hal_tim_ex.o
HAL_TIMEx_RemapConfig                             build/stm32f4xx_hal_tim_ex.o
HAL_TIM_Base_DeInit                               build/stm32f4xx_hal_tim.o
HAL_TIM_Base_GetState                             build/stm32f4xx_hal_tim.o
HAL_TIM_Base_Init                                 build/stm32f4xx_hal_tim.o
                                                  build/main.o
HAL_TIM_Base_MspDeInit                            build/stm32f4xx_hal_msp.o
HAL_TIM_Base_MspInit                              build/stm32f4xx_hal_msp.o
HAL_TIM_Base_Start                                build/stm32f4xx_hal_tim.o
HAL_TIM_Base_Start_DMA                            build/stm32f4xx_hal_tim.o
HAL_TIM_Base_Start_IT                             build/stm32f4xx_hal_tim.o
                                                  build/main.o
HAL_TIM_Base_Stop                                 build/stm32f4xx_hal_tim.o
HAL_TIM_Base_Stop_DMA                             build/stm32f4xx_hal_tim.o
HAL_TIM_Base_Stop_IT                              build/stm32f4xx_hal_tim.o
HAL_TIM_ConfigClockSource                         build/stm32f4xx_hal_tim.o
HAL_TIM_ConfigOCrefClear                          build/stm32f4xx_hal_tim.o
HAL_TIM_ConfigTI1Input                            build/stm32f4xx_hal_tim.o
HAL_TIM_DMABurstState                             build/stm32f4xx_hal_tim.o
HAL_TIM_DMABurst_MultiReadStart                   build/stm32f4xx_hal_tim.o
HAL_TIM_DMABurst_MultiWriteStart                  build/stm32f4xx_hal_tim.o
HAL_TIM_DMABurst_ReadStart                        build/stm32f4xx_hal_tim.o
HAL_TIM_DMABurst_ReadStop                         build/stm32f4xx_hal_tim.o
HAL_TIM_DMABurst_WriteStart                       build/stm32f4xx_hal_tim.o
HAL_TIM_DMABurst_WriteStop                        build/stm32f4xx_hal_tim.o
HAL_TIM_Encoder_DeInit                            build/stm32f4xx_hal_tim.o
HAL_TIM_Encoder_GetState                          build/stm32f4xx_hal_tim.o
HAL_TIM_Encoder_Init                              build/stm32f4xx_hal_tim.o
HAL_TIM_Encoder_MspDeInit                         build/stm32f4xx_hal_tim.o
HAL_TIM_Encoder_MspInit                           build/stm32f4xx_hal_tim.o
HAL_TIM_Encoder_Start                             build/stm32f4xx_hal_tim.o
HAL_TIM_Encoder_Start_DMA                         build/stm32f4xx_hal_tim.o
HAL_TIM_Encoder_Start_IT                          build/stm32f4xx_hal_tim.o
HAL_TIM_Encoder_Stop                              build/stm32f4xx_hal_tim.o
HAL_TIM_Encoder_Stop_DMA                          build/stm32f4xx_hal_tim.o
HAL_TIM_Encoder_Stop_IT                           build/stm32f4xx_hal_tim.o
HAL_TIM_ErrorCallback                             build/stm32f4xx_hal_tim.o
                                                  build/stm32f4xx_hal_tim_ex.o
HAL_TIM_GenerateEvent                             build/stm32f4xx_hal_tim.o
HAL_TIM_GetActiveChannel                          build/stm32f4xx_hal_tim.o
HAL_TIM_GetChannelState                           build/stm32f4xx_hal_tim.o
HAL_TIM_IC_CaptureCallback                        build/stm32f4xx_hal_tim.o
HAL_TIM_IC_CaptureHalfCpltCallback                build/stm32f4xx_hal_tim.o
HAL_TIM_IC_ConfigChannel                          build/stm32f4xx_hal_tim.o
HAL_TIM_IC_DeInit                                 build/stm32f4xx_hal_tim.o
HAL_TIM_IC_GetState                               build/stm32f4xx_hal_tim.o
HAL_TIM_IC_Init                                   build/stm32f4xx_hal_tim.o
HAL_TIM_IC_MspDeInit                              build/stm32f4xx_hal_tim.o
HAL_TIM_IC_MspInit                                build/stm32f4xx_hal_tim.o
HAL_TIM_IC_Start                                  build/stm32f4xx_hal_tim.o
HAL_TIM_IC_Start_DMA                              build/stm32f4xx_hal_tim.o
HAL_TIM_IC_Start_IT                               build/stm32f4xx_hal_tim.o
HAL_TIM_IC_Stop                                   build/stm32f4xx_hal_tim.o
HAL_TIM_IC_Stop_DMA                               build/stm32f4xx_hal_tim.o
HAL_TIM_IC_Stop_IT                                build/stm32f4xx_hal_tim.o
HAL_TIM_IRQHandler                                build/stm32f4xx_hal_tim.o
                                                  build/stm32f4xx_it.o
HAL_TIM_OC_ConfigChannel                          build/stm32f4xx_hal_tim.o
HAL_TIM_OC_DeInit                                 build/stm32f4xx_hal_tim.o
HAL_TIM_OC_DelayElapsedCallback                   build/stm32f4xx_hal_tim.o
HAL_TIM_OC_GetState                               build/stm32f4xx_hal_tim.o
HAL_TIM_OC_Init                                   build/stm32f4xx_hal_tim.o
HAL_TIM_OC_MspDeInit                              build/stm32f4xx_hal_tim.o
HAL_TIM_OC_MspInit                                build/stm32f4xx_hal_tim.o
HAL_TIM_OC_Start                                  build/stm32f4xx_hal_tim.o
HAL_TIM_OC_Start_DMA                              build/stm32f4xx_hal_tim.o
HAL_TIM_OC_Start_IT                               build/stm32f4xx_hal_tim.o
HAL_TIM_OC_Stop                                   build/stm32f4xx_hal_tim.o
HAL_TIM_OC_Stop_DMA                               build/stm32f4xx_hal_tim.o