main.c:113:5:main	40	static
main.c:211:6:SystemClock_Config	88	static
main.c:257:13:MX_ADC1_Init	24	static
main.c:304:13:MX_CAN1_Init	8	static
main.c:338:13:MX_GPIO_Init	40	static
main.c:369:6:pollSensorData	8	static
main.c:414:6:ADC_Select_CH_WSBL	24	static
main.c:424:6:ADC_Select_CH_WSBR	24	static
main.c:434:6:ADC_Select_CH_RHBL	24	static
main.c:444:6:ADC_Select_CH_RHBR	24	static
main.c:454:6:ADC_Select_CH_WTIN	24	static
main.c:464:6:ADC_Select_CH_WTOUT	24	static
main.c:479:6:Error_Handler	4	static,ignoring_inline_asm
