main.c:114:5:main	48	static
main.c:223:6:SystemClock_Config	88	static
main.c:269:13:MX_ADC1_Init	24	static
main.c:316:13:MX_CAN1_Init	8	static
main.c:350:13:MX_GPIO_Init	40	static
main.c:381:6:HAL_CAN_RxFifo0MsgPendingCallback	16	static
main.c:397:6:pollSensorData	8	static
main.c:442:6:ADC_Select_CH_WSBL	24	static
main.c:452:6:ADC_Select_CH_WSBR	24	static
main.c:462:6:ADC_Select_CH_RHBL	24	static
main.c:472:6:ADC_Select_CH_RHBR	24	static
main.c:482:6:ADC_Select_CH_WTIN	24	static
main.c:492:6:ADC_Select_CH_WTOUT	24	static
main.c:507:6:Error_Handler	4	static,ignoring_inline_asm
