main.c:184:5:main	88	static
main.c:353:6:SystemClock_Config	88	static
main.c:393:13:MX_ADC1_Init	8	static
main.c:439:13:MX_CAN1_Init	8	static
main.c:473:13:MX_I2C1_Init	8	static
main.c:504:13:MX_GPIO_Init	40	static
main.c:549:6:ADC_Select_CH_WSFR	24	static
main.c:559:6:ADC_Select_CH_WSFL	24	static
main.c:569:6:ADC_Select_CH_RHFR	24	static
main.c:579:6:ADC_Select_CH_RHFL	24	static
main.c:589:6:ADC_Select_CH_P0	24	static
main.c:599:6:ADC_Select_CH_P1	24	static
main.c:609:6:ADC_Select_CH_B0	24	static
main.c:619:6:ADC_Select_CH_B1	24	static
main.c:629:6:ADC_Select_CH_CR	24	static
main.c:639:6:ADC_Select_CH_BR	24	static
main.c:649:6:pollSensorData	8	static
main.c:726:6:HAL_CAN_RxFifo0MsgPendingCallback	16	static
main.c:736:6:welcomeScreen	8	static
main.c:755:6:racingHUD	72	static
main.c:805:6:electricalSettings	40	static
main.c:849:6:rideSettings	32	static
main.c:917:6:StartDefaultTask	16	static
main.c:932:6:Error_Handler	4	static,ignoring_inline_asm
