main.c:184:5:main	48	static
main.c:307:6:SystemClock_Config	88	static
main.c:347:13:MX_ADC1_Init	24	static
main.c:395:13:MX_CAN1_Init	8	static
main.c:429:13:MX_I2C1_Init	8	static
main.c:460:13:MX_GPIO_Init	40	static
main.c:505:6:ADC_Select_CH_WSFR	24	static
main.c:515:6:ADC_Select_CH_WSFL	24	static
main.c:525:6:ADC_Select_CH_RHFR	24	static
main.c:535:6:ADC_Select_CH_RHFL	24	static
main.c:545:6:ADC_Select_CH_P0	24	static
main.c:555:6:ADC_Select_CH_P1	24	static
main.c:565:6:ADC_Select_CH_B0	24	static
main.c:575:6:ADC_Select_CH_B1	24	static
main.c:585:6:ADC_Select_CH_CR	24	static
main.c:595:6:ADC_Select_CH_BR	24	static
main.c:605:6:pollSensorData	8	static
main.c:682:6:HAL_CAN_RxFifo0MsgPendingCallback	16	static
main.c:692:6:welcomeScreen	8	static
main.c:711:6:racingHUD	72	static
main.c:761:6:electricalSettings	40	static
main.c:805:6:rideSettings	32	static
main.c:873:6:StartDefaultTask	16	static
main.c:888:6:Error_Handler	4	static,ignoring_inline_asm
