stm32f4xx_it.c:75:6:NMI_Handler	4	static
stm32f4xx_it.c:90:6:HardFault_Handler	4	static
stm32f4xx_it.c:105:6:MemManage_Handler	4	static
stm32f4xx_it.c:120:6:BusFault_Handler	4	static
stm32f4xx_it.c:135:6:UsageFault_Handler	4	static
stm32f4xx_it.c:150:6:DebugMon_Handler	4	static
stm32f4xx_it.c:163:6:SysTick_Handler	8	static
stm32f4xx_it.c:192:6:DMA1_Stream0_IRQHandler	8	static
stm32f4xx_it.c:206:6:DMA1_Stream1_IRQHandler	8	static
stm32f4xx_it.c:220:6:CAN1_TX_IRQHandler	8	static
stm32f4xx_it.c:234:6:CAN1_RX0_IRQHandler	8	static
stm32f4xx_it.c:248:6:I2C1_EV_IRQHandler	8	static
stm32f4xx_it.c:262:6:I2C1_ER_IRQHandler	8	static
stm32f4xx_it.c:276:6:DMA2_Stream0_IRQHandler	8	static
